******************************************************************************
             TMS320C2000 Linker PC v22.6.0                     
******************************************************************************
>> Linked Fri Mar 21 12:04:29 2025

OUTPUT FILE NAME:   <./Controller.out>
ENTRY POINT SYMBOL: "_c_int00"  address: 003da0c8


MEMORY CONFIGURATION

         name            origin    length      used     unused   attr    fill
----------------------  --------  ---------  --------  --------  ----  --------
PAGE 0:
  BEGINRAM              00000000   00000002  00000000  00000002  RWIX
  PRAM                  00008000   00006000  0000001f  00005fe1  RWIX
  OTP                   003d7800   000003fa  00000000  000003fa  RWIX
  FLASH                 003d8000   0001fff0  000027ed  0001d803  RWIX
  BEGINFLASH            003f7ff6   00000002  00000002  00000000  RWIX
  CSM_PWL               003f7ff8   00000008  00000000  00000008  RWIX
  FPUTABLES             003fd590   000006a0  000006a0  00000000  RWIX
  IQTABLES              003fdc30   00000b50  00000000  00000b50  RWIX
  IQTABLES2             003fe780   0000008c  00000000  0000008c  RWIX
  IQTABLES3             003fe80c   000000aa  00000000  000000aa  RWIX
  BOOTROM               003ff3b0   00000c10  00000000  00000c10  RWIX
  RESET                 003fffc0   00000002  00000000  00000002  RWIX
  VECTORS               003fffc2   0000003e  00000000  0000003e  RWIX

PAGE 1:
  RAMM0M1               00000002   000007fe  00000400  000003fe  RWIX
  DEV_EMU               00000880   00000105  00000004  00000101  RWIX
  SYS_PWR_CTL           00000985   00000003  00000003  00000000  RWIX
  FLASH_REGS            00000a80   00000060  00000008  00000058  RWIX
  CSM                   00000ae0   00000020  00000010  00000010  RWIX
  ADC_RESULT            00000b00   00000020  00000010  00000010  RWIX
  CPU_TIMER0            00000c00   00000008  00000008  00000000  RWIX
  CPU_TIMER1            00000c08   00000008  00000008  00000000  RWIX
  CPU_TIMER2            00000c10   00000008  00000008  00000000  RWIX
  PIE_CTRL              00000ce0   00000020  0000001a  00000006  RWIX
  PIE_VECT              00000d00   00000100  00000100  00000000  RWIX
  DMA                   00001000   00000200  000000e0  00000120  RWIX
  CLA1                  00001400   00000080  00000040  00000040  RWIX
  USB0                  00004000   00001000  00000454  00000bac  RWIX
  McBSPA                00005000   00000040  00000024  0000001c  RWIX
  ECANA                 00006000   00000040  00000034  0000000c  RWIX
  ECANA_LAM             00006040   00000040  00000040  00000000  RWIX
  ECANA_MOTS            00006080   00000040  00000040  00000000  RWIX
  ECANA_MOTO            000060c0   00000040  00000040  00000000  RWIX
  ECANA_MBOX            00006100   00000100  00000100  00000000  RWIX
  COMP1                 00006400   00000020  00000014  0000000c  RWIX
  COMP2                 00006420   00000020  00000014  0000000c  RWIX
  COMP3                 00006440   00000020  00000014  0000000c  RWIX
  EPWM1                 00006800   00000040  00000040  00000000  RWIX
  EPWM2                 00006840   00000040  00000040  00000000  RWIX
  EPWM3                 00006880   00000040  00000040  00000000  RWIX
  EPWM4                 000068c0   00000040  00000040  00000000  RWIX
  EPWM5                 00006900   00000040  00000040  00000000  RWIX
  EPWM6                 00006940   00000040  00000040  00000000  RWIX
  EPWM7                 00006980   00000040  00000040  00000000  RWIX
  EPWM8                 000069c0   00000040  00000040  00000000  RWIX
  ECAP1                 00006a00   00000020  00000020  00000000  RWIX
  ECAP2                 00006a20   00000020  00000020  00000000  RWIX
  ECAP3                 00006a40   00000020  00000020  00000000  RWIX
  HRCAP1                00006ac0   00000020  00000020  00000000  RWIX
  HRCAP2                00006ae0   00000020  00000020  00000000  RWIX
  EQEP1                 00006b00   00000040  00000022  0000001e  RWIX
  EQEP2                 00006b40   00000040  00000022  0000001e  RWIX
  HRCAP3                00006c80   00000020  00000020  00000000  RWIX
  HRCAP4                00006ca0   00000020  00000020  00000000  RWIX
  GPIOCTRL              00006f80   00000040  00000040  00000000  RWIX
  GPIODAT               00006fc0   00000020  00000020  00000000  RWIX
  GPIOINT               00006fe0   00000020  00000020  00000000  RWIX
  SYSTEM                00007010   00000030  00000030  00000000  RWIX
  SPIA                  00007040   00000010  00000010  00000000  RWIX
  SCIA                  00007050   00000010  00000010  00000000  RWIX
  NMIINTRUPT            00007060   00000010  00000010  00000000  RWIX
  XINTRUPT              00007070   00000010  00000010  00000000  RWIX
  ADC                   00007100   00000080  00000050  00000030  RWIX
  SPIB                  00007740   00000010  00000010  00000000  RWIX
  SCIB                  00007750   00000010  00000010  00000000  RWIX
  I2CA                  00007900   00000040  00000022  0000001e  RWIX
  DRAM                  0000e000   00006000  00000253  00005dad  RWIX
  PARTID                003d7e80   00000001  00000001  00000000  RWIX
  CSM_PWL               003f7ff8   00000008  00000008  00000000  RWIX


SECTION ALLOCATION MAP

 output                                  attributes/
section   page    origin      length       input sections
--------  ----  ----------  ----------   ----------------
DevEmuRegsFile 
*          1    00000880    00000004     UNINITIALIZED
                  00000880    00000004     F2806x_GlobalVariableDefs.obj (DevEmuRegsFile)

SysPwrCtrlRegsFile 
*          1    00000985    00000003     UNINITIALIZED
                  00000985    00000003     F2806x_GlobalVariableDefs.obj (SysPwrCtrlRegsFile)

FlashRegsFile 
*          1    00000a80    00000008     UNINITIALIZED
                  00000a80    00000008     F2806x_GlobalVariableDefs.obj (FlashRegsFile)

CsmRegsFile 
*          1    00000ae0    00000010     UNINITIALIZED
                  00000ae0    00000010     F2806x_GlobalVariableDefs.obj (CsmRegsFile)

AdcResultFile 
*          1    00000b00    00000010     UNINITIALIZED
                  00000b00    00000010     F2806x_GlobalVariableDefs.obj (AdcResultFile)

CpuTimer0RegsFile 
*          1    00000c00    00000008     UNINITIALIZED
                  00000c00    00000008     F2806x_GlobalVariableDefs.obj (CpuTimer0RegsFile)

CpuTimer1RegsFile 
*          1    00000c08    00000008     UNINITIALIZED
                  00000c08    00000008     F2806x_GlobalVariableDefs.obj (CpuTimer1RegsFile)

CpuTimer2RegsFile 
*          1    00000c10    00000008     UNINITIALIZED
                  00000c10    00000008     F2806x_GlobalVariableDefs.obj (CpuTimer2RegsFile)

PieCtrlRegsFile 
*          1    00000ce0    0000001a     UNINITIALIZED
                  00000ce0    0000001a     F2806x_GlobalVariableDefs.obj (PieCtrlRegsFile)

PieVectTableFile 
*          1    00000d00    00000100     UNINITIALIZED
                  00000d00    00000100     F2806x_GlobalVariableDefs.obj (PieVectTableFile)

EmuKeyVar 
*          1    00000d00    00000001     UNINITIALIZED
                  00000d00    00000001     F2806x_GlobalVariableDefs.obj (EmuKeyVar)

EmuBModeVar 
*          1    00000d01    00000001     UNINITIALIZED
                  00000d01    00000001     F2806x_GlobalVariableDefs.obj (EmuBModeVar)

FlashCallbackVar 
*          1    00000d02    00000002     UNINITIALIZED
                  00000d02    00000002     F2806x_GlobalVariableDefs.obj (FlashCallbackVar)

FlashScalingVar 
*          1    00000d04    00000002     UNINITIALIZED
                  00000d04    00000002     F2806x_GlobalVariableDefs.obj (FlashScalingVar)

DmaRegsFile 
*          1    00001000    000000e0     UNINITIALIZED
                  00001000    000000e0     F2806x_GlobalVariableDefs.obj (DmaRegsFile)

Cla1RegsFile 
*          1    00001400    00000040     UNINITIALIZED
                  00001400    00000040     F2806x_GlobalVariableDefs.obj (Cla1RegsFile)

Usb0RegsFile 
*          1    00004000    00000454     UNINITIALIZED
                  00004000    00000454     F2806x_GlobalVariableDefs.obj (Usb0RegsFile)

McbspaRegsFile 
*          1    00005000    00000024     UNINITIALIZED
                  00005000    00000024     F2806x_GlobalVariableDefs.obj (McbspaRegsFile)

ECanaRegsFile 
*          1    00006000    00000034     UNINITIALIZED
                  00006000    00000034     F2806x_GlobalVariableDefs.obj (ECanaRegsFile)

ECanaLAMRegsFile 
*          1    00006040    00000040     UNINITIALIZED
                  00006040    00000040     F2806x_GlobalVariableDefs.obj (ECanaLAMRegsFile)

ECanaMOTSRegsFile 
*          1    00006080    00000040     UNINITIALIZED
                  00006080    00000040     F2806x_GlobalVariableDefs.obj (ECanaMOTSRegsFile)

ECanaMOTORegsFile 
*          1    000060c0    00000040     UNINITIALIZED
                  000060c0    00000040     F2806x_GlobalVariableDefs.obj (ECanaMOTORegsFile)

ECanaMboxesFile 
*          1    00006100    00000100     UNINITIALIZED
                  00006100    00000100     F2806x_GlobalVariableDefs.obj (ECanaMboxesFile)

Comp1RegsFile 
*          1    00006400    00000014     UNINITIALIZED
                  00006400    00000014     F2806x_GlobalVariableDefs.obj (Comp1RegsFile)

Comp2RegsFile 
*          1    00006420    00000014     UNINITIALIZED
                  00006420    00000014     F2806x_GlobalVariableDefs.obj (Comp2RegsFile)

Comp3RegsFile 
*          1    00006440    00000014     UNINITIALIZED
                  00006440    00000014     F2806x_GlobalVariableDefs.obj (Comp3RegsFile)

EPwm1RegsFile 
*          1    00006800    00000040     UNINITIALIZED
                  00006800    00000040     F2806x_GlobalVariableDefs.obj (EPwm1RegsFile)

EPwm2RegsFile 
*          1    00006840    00000040     UNINITIALIZED
                  00006840    00000040     F2806x_GlobalVariableDefs.obj (EPwm2RegsFile)

EPwm3RegsFile 
*          1    00006880    00000040     UNINITIALIZED
                  00006880    00000040     F2806x_GlobalVariableDefs.obj (EPwm3RegsFile)

EPwm4RegsFile 
*          1    000068c0    00000040     UNINITIALIZED
                  000068c0    00000040     F2806x_GlobalVariableDefs.obj (EPwm4RegsFile)

EPwm5RegsFile 
*          1    00006900    00000040     UNINITIALIZED
                  00006900    00000040     F2806x_GlobalVariableDefs.obj (EPwm5RegsFile)

EPwm6RegsFile 
*          1    00006940    00000040     UNINITIALIZED
                  00006940    00000040     F2806x_GlobalVariableDefs.obj (EPwm6RegsFile)

EPwm7RegsFile 
*          1    00006980    00000040     UNINITIALIZED
                  00006980    00000040     F2806x_GlobalVariableDefs.obj (EPwm7RegsFile)

EPwm8RegsFile 
*          1    000069c0    00000040     UNINITIALIZED
                  000069c0    00000040     F2806x_GlobalVariableDefs.obj (EPwm8RegsFile)

ECap1RegsFile 
*          1    00006a00    00000020     UNINITIALIZED
                  00006a00    00000020     F2806x_GlobalVariableDefs.obj (ECap1RegsFile)

ECap2RegsFile 
*          1    00006a20    00000020     UNINITIALIZED
                  00006a20    00000020     F2806x_GlobalVariableDefs.obj (ECap2RegsFile)

ECap3RegsFile 
*          1    00006a40    00000020     UNINITIALIZED
                  00006a40    00000020     F2806x_GlobalVariableDefs.obj (ECap3RegsFile)

HRCap1RegsFile 
*          1    00006ac0    00000020     UNINITIALIZED
                  00006ac0    00000020     F2806x_GlobalVariableDefs.obj (HRCap1RegsFile)

HRCap2RegsFile 
*          1    00006ae0    00000020     UNINITIALIZED
                  00006ae0    00000020     F2806x_GlobalVariableDefs.obj (HRCap2RegsFile)

EQep1RegsFile 
*          1    00006b00    00000022     UNINITIALIZED
                  00006b00    00000022     F2806x_GlobalVariableDefs.obj (EQep1RegsFile)

EQep2RegsFile 
*          1    00006b40    00000022     UNINITIALIZED
                  00006b40    00000022     F2806x_GlobalVariableDefs.obj (EQep2RegsFile)

HRCap3RegsFile 
*          1    00006c80    00000020     UNINITIALIZED
                  00006c80    00000020     F2806x_GlobalVariableDefs.obj (HRCap3RegsFile)

HRCap4RegsFile 
*          1    00006ca0    00000020     UNINITIALIZED
                  00006ca0    00000020     F2806x_GlobalVariableDefs.obj (HRCap4RegsFile)

GpioCtrlRegsFile 
*          1    00006f80    00000040     UNINITIALIZED
                  00006f80    00000040     F2806x_GlobalVariableDefs.obj (GpioCtrlRegsFile)

GpioDataRegsFile 
*          1    00006fc0    00000020     UNINITIALIZED
                  00006fc0    00000020     F2806x_GlobalVariableDefs.obj (GpioDataRegsFile)

GpioIntRegsFile 
*          1    00006fe0    00000020     UNINITIALIZED
                  00006fe0    00000020     F2806x_GlobalVariableDefs.obj (GpioIntRegsFile)

SysCtrlRegsFile 
*          1    00007010    00000030     UNINITIALIZED
                  00007010    00000030     F2806x_GlobalVariableDefs.obj (SysCtrlRegsFile)

SpiaRegsFile 
*          1    00007040    00000010     UNINITIALIZED
                  00007040    00000010     F2806x_GlobalVariableDefs.obj (SpiaRegsFile)

SciaRegsFile 
*          1    00007050    00000010     UNINITIALIZED
                  00007050    00000010     F2806x_GlobalVariableDefs.obj (SciaRegsFile)

NmiIntruptRegsFile 
*          1    00007060    00000010     UNINITIALIZED
                  00007060    00000010     F2806x_GlobalVariableDefs.obj (NmiIntruptRegsFile)

XIntruptRegsFile 
*          1    00007070    00000010     UNINITIALIZED
                  00007070    00000010     F2806x_GlobalVariableDefs.obj (XIntruptRegsFile)

AdcRegsFile 
*          1    00007100    00000050     UNINITIALIZED
                  00007100    00000050     F2806x_GlobalVariableDefs.obj (AdcRegsFile)

SpibRegsFile 
*          1    00007740    00000010     UNINITIALIZED
                  00007740    00000010     F2806x_GlobalVariableDefs.obj (SpibRegsFile)

ScibRegsFile 
*          1    00007750    00000010     UNINITIALIZED
                  00007750    00000010     F2806x_GlobalVariableDefs.obj (ScibRegsFile)

I2caRegsFile 
*          1    00007900    00000022     UNINITIALIZED
                  00007900    00000022     F2806x_GlobalVariableDefs.obj (I2caRegsFile)

PartIdRegsFile 
*          1    003d7e80    00000001     UNINITIALIZED
                  003d7e80    00000001     F2806x_GlobalVariableDefs.obj (PartIdRegsFile)

CsmPwlFile 
*          1    003f7ff8    00000008     UNINITIALIZED
                  003f7ff8    00000008     F2806x_GlobalVariableDefs.obj (CsmPwlFile)

.text      0    003d801f    0000253a     
                  003d801f    000004f9     Controller.obj (.text)
                  003d8518    000003f6     xil_interface_lib.obj (.text)
                  003d890e    0000039b     F2806x_DefaultIsr.obj (.text:retain)
                  003d8ca9    0000035b     xil_interface.obj (.text)
                  003d9004    0000034b     Controller_ca.lib : coder_assumptions_hwimpl.obj (.text)
                  003d934f    0000022c     coder_assumptions_app.obj (.text)
                  003d957b    000001f3     xil_instrumentation.obj (.text)
                  003d976e    000001a7     rtiostream_serial_c28x.obj (.text)
                  003d9915    0000018a     F2806x_SysCtrl.obj (.text)
                  003d9a9f    00000145     MW_c28xGPIO.obj (.text)
                  003d9be4    000000cf     rts2800_fpu32.lib : e_fmodf.c.obj (.text)
                  003d9cb3    000000c6     xil_data_stream.obj (.text)
                  003d9d79    000000b6     rt_nonfinite.obj (.text)
                  003d9e2f    00000083     xilcomms_rtiostream.obj (.text)
                  003d9eb2    0000007b     codeinstr_data_stream.obj (.text)
                  003d9f2d    00000076     F2806x_CpuTimers.obj (.text)
                  003d9fa3    00000074     rtGetInf.obj (.text)
                  003da017    00000059     rtGetNaN.obj (.text)
                  003da070    00000058     rts2800_fpu32.lib : s_scalbnf.c.obj (.text)
                  003da0c8    00000056                       : boot28.asm.obj (.text)
                  003da11e    00000054     coder_assumptions_data_stream.obj (.text)
                  003da172    00000053     xil_services.obj (.text)
                  003da1c5    00000052     rtiostream_utils.obj (.text)
                  003da217    0000004f     rts2800_fpu32_fast_supplement.lib : atan2_f32.obj (.text)
                  003da266    0000004a                                       : atan_f32.obj (.text)
                  003da2b0    00000035     MW_c28xx_board.obj (.text)
                  003da2e5    00000034     rts2800_fpu32_fast_supplement.lib : cos_f32.obj (.text)
                  003da319    00000034                                       : sin_f32.obj (.text)
                  003da34d    00000032     pil_main.obj (.text)
                  003da37f    00000029     rts2800_fpu32.lib : exit.c.obj (.text)
                  003da3a8    00000028     F2806x_PieCtrl.obj (.text)
                  003da3d0    00000026     F2806x_PieVect.obj (.text)
                  003da3f6    00000024     rts2800_fpu32.lib : cpy_tbl.c.obj (.text)
                  003da41a    00000022                       : i_div28.asm.obj (.text)
                  003da43c    00000021     rts2800_fpu32_fast_supplement.lib : sqrt_f32.obj (.text)
                  003da45d    0000001e     rts2800_fpu32.lib : ll_cmp28.asm.obj (.text)
                  003da47b    0000001d                       : memcpy.c.obj (.text)
                  003da498    0000001c     codeinstr_rtiostream.obj (.text)
                  003da4b4    0000001c     coder_assumptions_rtiostream.obj (.text)
                  003da4d0    0000001c     xil_rtiostream.obj (.text)
                  003da4ec    00000019     rts2800_fpu32_fast_supplement.lib : div_f32.obj (.text)
                  003da505    00000015     Controller_ca.lib : Controller_ca.obj (.text)
                  003da51a    00000012     rts2800_fpu32.lib : args_main.c.obj (.text)
                  003da52c    00000011                       : s_copysignf.c.obj (.text)
                  003da53d    00000009                       : _lock.c.obj (.text)
                  003da546    00000008     F2806x_CodeStartBranch.obj (.text)
                  003da54e    00000008     rts2800_fpu32.lib : strlen.c.obj (.text)
                  003da556    00000002                       : pre_init.c.obj (.text)
                  003da558    00000001                       : startup.c.obj (.text)

.switch    0    003da77e    00000070     
                  003da77e    00000054     xil_interface_lib.obj (.switch:_computeNextState)
                  003da7d2    0000001c     xil_interface_lib.obj (.switch:_xilProcessMsg)

.bss       1    0000e000    00000000     UNINITIALIZED

.ebss      1    0000e000    00000253     UNINITIALIZED
                  0000e000    0000006a     Controller.obj (.ebss)
                  0000e06a    00000010     xil_interface.obj (.ebss:_xil_fcnid0_task2_y)
                  0000e07a    00000006     coder_assumptions_data_stream.obj (.ebss)
                  0000e080    00000043     xilcomms_rtiostream.obj (.ebss:_xilCommsBuffer)
                  0000e0c3    00000001     MW_c28xGPIO.obj (.ebss)
                  0000e0c4    0000003c     Controller_ca.lib : Controller_ca.obj (.ebss)
                  0000e100    00000024     codeinstr_rtiostream.obj (.ebss:_codeInstrWriteBuffer)
                  0000e124    00000018     F2806x_CpuTimers.obj (.ebss)
                  0000e13c    00000004     Controller_ca.lib : coder_assumptions_flt.obj (.ebss)
                  0000e140    00000024     xil_rtiostream.obj (.ebss:_xilWriteBuffer)
                  0000e164    00000018     xil_interface.obj (.ebss:_xil_fcnid0_init_y)
                  0000e17c    00000004     Controller_ca.lib : coder_assumptions_hwimpl.obj (.ebss)
                  0000e180    00000020     coder_assumptions_rtiostream.obj (.ebss:_coderAssumpWriteBuffer)
                  0000e1a0    00000020     rtiostream_serial_c28x.obj (.ebss:_dstSerial)
                  0000e1c0    00000020     rtiostream_serial_c28x.obj (.ebss:_srcSerial)
                  0000e1e0    00000010     xil_instrumentation.obj (.ebss)
                  0000e1f0    0000000e     xil_interface_lib.obj (.ebss)
                  0000e1fe    00000002     rts2800_fpu32.lib : _lock.c.obj (.ebss:__lock)
                  0000e200    0000000c     xil_interface.obj (.ebss:_xil_fcnid0_task1_output_u)
                  0000e20c    0000000c     xil_interface.obj (.ebss:_xil_fcnid0_task3_y)
                  0000e218    0000000c     rt_nonfinite.obj (.ebss)
                  0000e224    0000000a     codeinstr_data_stream.obj (.ebss)
                  0000e22e    0000000a     xil_data_stream.obj (.ebss)
                  0000e238    00000008     xil_interface.obj (.ebss:_xil_fcnid0_task4_output_u)
                  0000e240    00000006     rts2800_fpu32.lib : exit.c.obj (.ebss)
                  0000e246    00000005     xil_interface.obj (.ebss)
                  0000e24b    00000001     MW_c28xGlobalInterrupts.obj (.ebss)
                  0000e24c    00000002     rts2800_fpu32.lib : _lock.c.obj (.ebss:__unlock)
                  0000e24e    00000002     rtiostream_serial_c28x.obj (.ebss)
                  0000e250    00000001     coder_assumptions_app.obj (.ebss)
                  0000e251    00000001     rts2800_fpu32.lib : errno.c.obj (.ebss)
                  0000e252    00000001     xilcomms_rtiostream.obj (.ebss)

.cinit     0    003da6cc    000000b2     
                  003da6cc    00000027     xil_instrumentation.obj (.cinit)
                  003da6f3    0000001b     xil_interface_lib.obj (.cinit)
                  003da70e    00000019     Controller_ca.lib : Controller_ca.obj (.cinit)
                  003da727    00000014     xil_interface.obj (.cinit)
                  003da73b    0000000e     rts2800_fpu32.lib : exit.c.obj (.cinit)
                  003da749    0000000a     Controller_ca.lib : coder_assumptions_flt.obj (.cinit)
                  003da753    00000009     xil_data_stream.obj (.cinit)
                  003da75c    00000005     Controller_ca.lib : coder_assumptions_hwimpl.obj (.cinit)
                  003da761    00000005     rts2800_fpu32.lib : _lock.c.obj (.cinit:__lock)
                  003da766    00000005                       : _lock.c.obj (.cinit:__unlock)
                  003da76b    00000005     rtiostream_serial_c28x.obj (.cinit)
                  003da770    00000004     MW_c28xGPIO.obj (.cinit)
                  003da774    00000004     MW_c28xGlobalInterrupts.obj (.cinit)
                  003da778    00000004     rts2800_fpu32.lib : errno.c.obj (.cinit)
                  003da77c    00000002     --HOLE-- [fill = 0]

.pinit     0    003d8000    00000000     UNINITIALIZED

.econst    0    003da55a    00000172     
                  003da55a    00000100     F2806x_PieVect.obj (.econst:_PieVectTableInit)
                  003da65a    00000030     Controller_data.obj (.econst:_Controller_ConstP)
                  003da68a    0000001b     Controller_ca.lib : Controller_ca.obj (.econst:.string)
                  003da6a5    00000001     --HOLE-- [fill = 0]
                  003da6a6    00000016                       : Controller_ca.obj (.econst:_CA_Controller_ExpHW)
                  003da6bc    00000006     rts2800_fpu32.lib : s_scalbnf.c.obj (.econst)
                  003da6c2    00000004                       : e_fmodf.c.obj (.econst:_Zero)
                  003da6c6    00000002     Controller.obj (.econst)
                  003da6c8    00000002     rtGetNaN.obj (.econst:_$P$T0$1)
                  003da6ca    00000002     rts2800_fpu32.lib : e_fmodf.c.obj (.econst)

.reset     0    003fffc0    00000002     DSECT
                  003fffc0    00000002     rts2800_fpu32.lib : boot28.asm.obj (.reset)

.data      1    0000e000    00000000     UNINITIALIZED

.stack     1    00000002    00000400     UNINITIALIZED
                  00000002    00000400     --HOLE--

codestart 
*          0    003f7ff6    00000002     
                  003f7ff6    00000002     F2806x_CodeStartBranch.obj (codestart)

ramfuncs   0    003d8000    0000001f     RUN ADDR = 00008000
                  003d8000    0000001b     F2806x_SysCtrl.obj (ramfuncs)
                  003d801b    00000004     F2806x_usDelay.obj (ramfuncs)

FPUmathTables 
*          0    003fd590    000006a0     NOLOAD SECTION
                  003fd590    000006a0     rts2800_fpu32_fast_supplement.lib : FPUmathTables.obj (FPUmathTables)

MODULE SUMMARY

       Module                              code   initialized data   uninitialized data
       ------                              ----   ----------------   ------------------
    ..\instrumented\
       Controller.obj                      1273   2                  106               
       rt_nonfinite.obj                    182    0                  12                
       rtGetInf.obj                        116    0                  0                 
       rtGetNaN.obj                        89     2                  0                 
       MW_c28xx_board.obj                  53     0                  0                 
       Controller_data.obj                 0      48                 0                 
    +--+-----------------------------------+------+------------------+--------------------+
       Total:                              1713   52                 118               
                                                                                       
    <current directory>
       F2806x_GlobalVariableDefs.obj       0      0                  3550              
       xil_interface_lib.obj               1014   139                14                
       xil_interface.obj                   859    20                 77                
       F2806x_DefaultIsr.obj               923    0                  0                 
       coder_assumptions_app.obj           556    0                  1                 
       xil_instrumentation.obj             499    39                 16                
       rtiostream_serial_c28x.obj          423    5                  66                
       F2806x_SysCtrl.obj                  448    0                  0                 
       MW_c28xGPIO.obj                     325    4                  1                 
       F2806x_PieVect.obj                  38     256                0                 
       xil_data_stream.obj                 198    9                  10                
       xilcomms_rtiostream.obj             131    0                  68                
       F2806x_CpuTimers.obj                118    0                  24                
       codeinstr_data_stream.obj           123    0                  10                
       coder_assumptions_data_stream.obj   84     0                  6                 
       xil_services.obj                    83     0                  0                 
       rtiostream_utils.obj                82     0                  0                 
       codeinstr_rtiostream.obj            28     0                  36                
       xil_rtiostream.obj                  28     0                  36                
       coder_assumptions_rtiostream.obj    28     0                  32                
       pil_main.obj                        50     0                  0                 
       F2806x_PieCtrl.obj                  40     0                  0                 
       F2806x_CodeStartBranch.obj          10     0                  0                 
       F2806x_usDelay.obj                  8      0                  0                 
       MW_c28xGlobalInterrupts.obj         0      4                  1                 
    +--+-----------------------------------+------+------------------+--------------------+
       Total:                              6096   476                3948              
                                                                                       
    C:/ProgramData/MATLAB/tic2000/3P.instrset/tic28xcodegentools.instrset/ti-cgt-c2000_22.6.0.LTS/lib/rts2800_fpu32.lib
       e_fmodf.c.obj                       207    6                  0                 
       s_scalbnf.c.obj                     88     6                  0                 
       boot28.asm.obj                      86     0                  0                 
       exit.c.obj                          41     14                 6                 
       cpy_tbl.c.obj                       36     0                  0                 
       i_div28.asm.obj                     34     0                  0                 
       ll_cmp28.asm.obj                    30     0                  0                 
       memcpy.c.obj                        29     0                  0                 
       _lock.c.obj                         9      10                 4                 
       args_main.c.obj                     18     0                  0                 
       s_copysignf.c.obj                   17     0                  0                 
       strlen.c.obj                        8      0                  0                 
       errno.c.obj                         0      4                  1                 
       pre_init.c.obj                      2      0                  0                 
       startup.c.obj                       1      0                  0                 
    +--+-----------------------------------+------+------------------+--------------------+
       Total:                              606    40                 11                
                                                                                       
    D:/TiC2000_Install/ControlSUITE/controlSUITE/libs/math/FPUfastRTS/V100/lib/rts2800_fpu32_fast_supplement.lib
       FPUmathTables.obj                   0      1696               0                 
       atan2_f32.obj                       79     0                  0                 
       atan_f32.obj                        74     0                  0                 
       cos_f32.obj                         52     0                  0                 
       sin_f32.obj                         52     0                  0                 
       sqrt_f32.obj                        33     0                  0                 
       div_f32.obj                         25     0                  0                 
    +--+-----------------------------------+------+------------------+--------------------+
       Total:                              315    1696               0                 
                                                                                       
    E:/GiaotrinhDH/DATN/exampleSIL_PIL_MIL_HIL/SixStep_QEP/Controller_ert_rtw/coderassumptions/lib/Controller_ca.lib
       coder_assumptions_hwimpl.obj        843    5                  4                 
       Controller_ca.obj                   21     74                 60                
       coder_assumptions_flt.obj           0      10                 4                 
    +--+-----------------------------------+------+------------------+--------------------+
       Total:                              864    89                 68                
                                                                                       
       Stack:                              0      0                  1024              
    +--+-----------------------------------+------+------------------+--------------------+
       Grand Total:                        9594   2353               5169              


GLOBAL DATA SYMBOLS: SORTED BY DATA PAGE

address     data page           name
--------    ----------------    ----
00000002       0 (00000000)     __stack

00000880      22 (00000880)     _DevEmuRegs

00000985      26 (00000980)     _SysPwrCtrlRegs

00000a80      2a (00000a80)     _FlashRegs

00000ae0      2b (00000ac0)     _CsmRegs

00000b00      2c (00000b00)     _AdcResult

00000c00      30 (00000c00)     _CpuTimer0Regs
00000c08      30 (00000c00)     _CpuTimer1Regs
00000c10      30 (00000c00)     _CpuTimer2Regs

00000ce0      33 (00000cc0)     _PieCtrlRegs

00000d00      34 (00000d00)     _EmuKey
00000d00      34 (00000d00)     _PieVectTable
00000d01      34 (00000d00)     _EmuBMode
00000d02      34 (00000d00)     _Flash_CallbackPtr
00000d04      34 (00000d00)     _Flash_CPUScaleFactor

00001000      40 (00001000)     _DmaRegs

00001400      50 (00001400)     _Cla1Regs

00004000     100 (00004000)     _Usb0Regs

00005000     140 (00005000)     _McbspaRegs

00006000     180 (00006000)     _ECanaRegs

00006040     181 (00006040)     _ECanaLAMRegs

00006080     182 (00006080)     _ECanaMOTSRegs

000060c0     183 (000060c0)     _ECanaMOTORegs

00006100     184 (00006100)     _ECanaMboxes

00006400     190 (00006400)     _Comp1Regs
00006420     190 (00006400)     _Comp2Regs

00006440     191 (00006440)     _Comp3Regs

00006800     1a0 (00006800)     _EPwm1Regs

00006840     1a1 (00006840)     _EPwm2Regs

00006880     1a2 (00006880)     _EPwm3Regs

000068c0     1a3 (000068c0)     _EPwm4Regs

00006900     1a4 (00006900)     _EPwm5Regs

00006940     1a5 (00006940)     _EPwm6Regs

00006980     1a6 (00006980)     _EPwm7Regs

000069c0     1a7 (000069c0)     _EPwm8Regs

00006a00     1a8 (00006a00)     _ECap1Regs
00006a20     1a8 (00006a00)     _ECap2Regs

00006a40     1a9 (00006a40)     _ECap3Regs

00006ac0     1ab (00006ac0)     _HRCap1Regs
00006ae0     1ab (00006ac0)     _HRCap2Regs

00006b00     1ac (00006b00)     _EQep1Regs

00006b40     1ad (00006b40)     _EQep2Regs

00006c80     1b2 (00006c80)     _HRCap3Regs
00006ca0     1b2 (00006c80)     _HRCap4Regs

00006f80     1be (00006f80)     _GpioCtrlRegs

00006fc0     1bf (00006fc0)     _GpioDataRegs
00006fe0     1bf (00006fc0)     _GpioIntRegs

00007010     1c0 (00007000)     _SysCtrlRegs

00007040     1c1 (00007040)     _SpiaRegs
00007050     1c1 (00007040)     _SciaRegs
00007060     1c1 (00007040)     _NmiIntruptRegs
00007070     1c1 (00007040)     _XIntruptRegs

00007100     1c4 (00007100)     _AdcRegs

00007740     1dd (00007740)     _SpibRegs
00007750     1dd (00007740)     _ScibRegs

00007900     1e4 (00007900)     _I2caRegs

0000e000     380 (0000e000)     _Controller_PrevZCX
0000e00a     380 (0000e000)     _Controller_U
0000e016     380 (0000e000)     _Controller_B
0000e028     380 (0000e000)     _Controller_Y

0000e040     381 (0000e040)     _Controller_DW

0000e0c3     383 (0000e0c0)     _GPIO_oneTimeInit
0000e0c4     383 (0000e0c0)     _CA_Controller_PWSRes
0000e0c6     383 (0000e0c0)     _CA_Controller_ActHW
0000e0dc     383 (0000e0c0)     _CA_Controller_HWRes

0000e124     384 (0000e100)     _CpuTimer0
0000e12c     384 (0000e100)     _CpuTimer1
0000e134     384 (0000e100)     _CpuTimer2
0000e13c     384 (0000e100)     _realmin
0000e13e     384 (0000e100)     _denormalAsZero

0000e17c     385 (0000e140)     _aGlobalInt

0000e1a0     386 (0000e180)     _dstSerial

0000e1c0     387 (0000e1c0)     _srcSerial
0000e1fe     387 (0000e1c0)     __lock

0000e218     388 (0000e200)     _rtInf
0000e21a     388 (0000e200)     _rtMinusInf
0000e21c     388 (0000e200)     _rtNaN
0000e21e     388 (0000e200)     _rtInfF
0000e220     388 (0000e200)     _rtMinusInfF
0000e222     388 (0000e200)     _rtNaNF

0000e240     389 (0000e240)     ___TI_enable_exit_profile_output
0000e242     389 (0000e240)     ___TI_cleanup_ptr
0000e244     389 (0000e240)     ___TI_dtors_ptr
0000e24b     389 (0000e240)     _MW_InterruptDisableLock
0000e24c     389 (0000e240)     __unlock
0000e24e     389 (0000e240)     _MW_SCI_PTR
0000e251     389 (0000e240)     _errno

003d7e80    f5fa (003d7e80)     _PartIdRegs

003da55a    f695 (003da540)     _PieVectTableInit

003da65a    f699 (003da640)     _Controller_ConstP

003da6a6    f69a (003da680)     _CA_Controller_ExpHW

003da6c6    f69b (003da6c0)     _Controller_M

003f7ff8    fdff (003f7fc0)     _CsmPwl

003fd590    ff56 (003fd580)     _FPUsinTable

003fd690    ff5a (003fd680)     _FPUcosTable

003fd990    ff66 (003fd980)     _FPUsinTableEnd

003fda92    ff6a (003fda80)     _FPUatan2HalfPITable
003fda92    ff6a (003fda80)     _FPUcosTableEnd
003fda96    ff6a (003fda80)     _FPUatan2Table

003fdc1c    ff70 (003fdc00)     _FPUatan2TableEnd


GLOBAL SYMBOLS: SORTED ALPHABETICALLY BY Name 

page  address   name                                 
----  -------   ----                                 
1     0000e000  .bss                                 
1     0000e000  .data                                
0     003d801f  .text                                
0     003da37f  C$$EXIT                              
0     003da4ec  FS$$DIV                              
0     003da41a  I$$DIV                               
0     003da42b  I$$MOD                               
0     003da45d  LL$$CMP                              
0     003da46f  ULL$$CMP                             
0     003d89cc  _ADCINT1_ISR                         
0     003d89d6  _ADCINT2_ISR                         
0     003d8bde  _ADCINT3_ISR                         
0     003d8be8  _ADCINT4_ISR                         
0     003d8bf2  _ADCINT5_ISR                         
0     003d8bfc  _ADCINT6_ISR                         
0     003d8c06  _ADCINT7_ISR                         
0     003d8c10  _ADCINT8_ISR                         
0     003d89f4  _ADCINT9_ISR                         
1     00007100  _AdcRegs                             
1     00000b00  _AdcResult                           
1     0000e0c6  _CA_Controller_ActHW                 
0     003da6a6  _CA_Controller_ExpHW                 
1     0000e0dc  _CA_Controller_HWRes                 
1     0000e0c4  _CA_Controller_PWSRes                
0     003d8c1a  _CLA1_INT1_ISR                       
0     003d8c24  _CLA1_INT2_ISR                       
0     003d8c2e  _CLA1_INT3_ISR                       
0     003d8c38  _CLA1_INT4_ISR                       
0     003d8c42  _CLA1_INT5_ISR                       
0     003d8c4c  _CLA1_INT6_ISR                       
0     003d8c56  _CLA1_INT7_ISR                       
0     003d8c60  _CLA1_INT8_ISR                       
1     00001400  _Cla1Regs                            
1     00006400  _Comp1Regs                           
1     00006420  _Comp2Regs                           
1     00006440  _Comp3Regs                           
0     003d9f68  _ConfigCpuTimer                      
0     003d806b  _Controll_SpeedControl1_Init         
1     0000e016  _Controller_B                        
0     003da65a  _Controller_ConstP                   
1     0000e040  _Controller_DW                       
0     003d8110  _Controller_HallValueof1             
0     003d811a  _Controller_HallValueof2             
0     003d8124  _Controller_HallValueof3             
0     003d812c  _Controller_HallValueof4             
0     003d8136  _Controller_HallValueof5             
0     003d8140  _Controller_HallValueof7             
0     003da6c6  _Controller_M                        
1     0000e000  _Controller_PrevZCX                  
0     003d801f  _Controller_SetEventsForThisBaseStep 
0     003d8074  _Controller_SpeedControl1            
1     0000e00a  _Controller_U                        
1     0000e028  _Controller_Y                        
0     003da505  _Controller_caRunTests               
0     003d84c6  _Controller_initialize               
0     003d8147  _Controller_step0                    
0     003d8171  _Controller_step1                    
0     003d8471  _Controller_step2                    
0     003d84ad  _Controller_step3                    
0     003d8517  _Controller_terminate                
1     0000e124  _CpuTimer0                           
1     00000c00  _CpuTimer0Regs                       
1     0000e12c  _CpuTimer1                           
1     00000c08  _CpuTimer1Regs                       
1     0000e134  _CpuTimer2                           
1     00000c10  _CpuTimer2Regs                       
1     003f7ff8  _CsmPwl                              
1     00000ae0  _CsmRegs                             
0     003d9a19  _CsmUnlock                           
0     003d8922  _DATALOG_ISR                         
0     003d8b52  _DINTCH1_ISR                         
0     003d8b5c  _DINTCH2_ISR                         
0     003d8b66  _DINTCH3_ISR                         
0     003d8b70  _DINTCH4_ISR                         
0     003d8b7a  _DINTCH5_ISR                         
0     003d8b84  _DINTCH6_ISR                         
0     0000801b  _DSP28x_usDelay                      
1     00000880  _DevEmuRegs                          
0     003d9939  _DisableDog                          
1     00001000  _DmaRegs                             
0     003d8bca  _ECAN0INTA_ISR                       
0     003d8bd4  _ECAN1INTA_ISR                       
0     003d8ab2  _ECAP1_INT_ISR                       
0     003d8abc  _ECAP2_INT_ISR                       
0     003d8ac6  _ECAP3_INT_ISR                       
1     00006040  _ECanaLAMRegs                        
1     000060c0  _ECanaMOTORegs                       
1     00006080  _ECanaMOTSRegs                       
1     00006100  _ECanaMboxes                         
1     00006000  _ECanaRegs                           
1     00006a00  _ECap1Regs                           
1     00006a20  _ECap2Regs                           
1     00006a40  _ECap3Regs                           
0     003d8c88  _EMPTY_ISR                           
0     003d8936  _EMUINT_ISR                          
0     003d8a62  _EPWM1_INT_ISR                       
0     003d8a12  _EPWM1_TZINT_ISR                     
0     003d8a6c  _EPWM2_INT_ISR                       
0     003d8a1c  _EPWM2_TZINT_ISR                     
0     003d8a76  _EPWM3_INT_ISR                       
0     003d8a26  _EPWM3_TZINT_ISR                     
0     003d8a80  _EPWM4_INT_ISR                       
0     003d8a30  _EPWM4_TZINT_ISR                     
0     003d8a8a  _EPWM5_INT_ISR                       
0     003d8a3a  _EPWM5_TZINT_ISR                     
0     003d8a94  _EPWM6_INT_ISR                       
0     003d8a44  _EPWM6_TZINT_ISR                     
0     003d8a9e  _EPWM7_INT_ISR                       
0     003d8a4e  _EPWM7_TZINT_ISR                     
0     003d8aa8  _EPWM8_INT_ISR                       
0     003d8a58  _EPWM8_TZINT_ISR                     
1     00006800  _EPwm1Regs                           
1     00006840  _EPwm2Regs                           
1     00006880  _EPwm3Regs                           
1     000068c0  _EPwm4Regs                           
1     00006900  _EPwm5Regs                           
1     00006940  _EPwm6Regs                           
1     00006980  _EPwm7Regs                           
1     000069c0  _EPwm8Regs                           
0     003d8ae4  _EQEP1_INT_ISR                       
0     003d8aee  _EQEP2_INT_ISR                       
1     00006b00  _EQep1Regs                           
1     00006b40  _EQep2Regs                           
1     00000d01  _EmuBMode                            
1     00000d00  _EmuKey                              
0     003da3c7  _EnableInterrupts                    
0     003d9a89  _ExtOscSel                           
0     003fda92  _FPUatan2HalfPITable                 
0     003fda96  _FPUatan2Table                       
0     003fdc1c  _FPUatan2TableEnd                    
0     003fd690  _FPUcosTable                         
0     003fda92  _FPUcosTableEnd                      
0     003fd590  _FPUsinTable                         
0     003fd990  _FPUsinTableEnd                      
1     00000a80  _FlashRegs                           
1     00000d04  _Flash_CPUScaleFactor                
1     00000d02  _Flash_CallbackPtr                   
0     003d9b8a  _GPIO_ReadPin                        
0     003d9ad7  _GPIO_SetupPinMux                    
0     003d9b15  _GPIO_SetupPinOptions                
0     003d9bbf  _GPIO_TogglePin                      
0     003d9ba1  _GPIO_WritePin                       
1     0000e0c3  _GPIO_oneTimeInit                    
1     00006f80  _GpioCtrlRegs                        
1     00006fc0  _GpioDataRegs                        
1     00006fe0  _GpioIntRegs                         
0     003d8ad0  _HRCAP1_INT_ISR                      
0     003d8ada  _HRCAP2_INT_ISR                      
0     003d8af8  _HRCAP3_INT_ISR                      
0     003d8b02  _HRCAP4_INT_ISR                      
1     00006ac0  _HRCap1Regs                          
1     00006ae0  _HRCap2Regs                          
1     00006c80  _HRCap3Regs                          
1     00006ca0  _HRCap4Regs                          
0     003d8b8e  _I2CINT1A_ISR                        
0     003d8b98  _I2CINT2A_ISR                        
1     00007900  _I2caRegs                            
0     003d894a  _ILLEGAL_ISR                         
0     003d890e  _INT13_ISR                           
0     003d8918  _INT14_ISR                           
0     003d9f2d  _InitCpuTimers                       
0     00008000  _InitFlash                           
0     003d9aaa  _InitGpio                            
0     003d99c3  _InitPeripheralClocks                
0     003da3a8  _InitPieCtrl                         
0     003da3d0  _InitPieVectTable                    
0     003d9941  _InitPll                             
0     003d9995  _InitPll2                            
0     003d9915  _InitSysCtrl                         
0     003d9a4a  _IntOsc1Sel                          
0     003d9a5a  _IntOsc2Sel                          
0     003d8c7e  _LUF_ISR                             
0     003d8c74  _LVF_ISR                             
0     003d8b3e  _MRINTA_ISR                          
1     0000e24b  _MW_InterruptDisableLock             
1     0000e24e  _MW_SCI_PTR                          
0     003d8b48  _MXINTA_ISR                          
1     00005000  _McbspaRegs                          
0     003d8940  _NMI_ISR                             
1     00007060  _NmiIntruptRegs                      
0     003d9a9f  _OneTimeGpioInit                     
0     003d8c95  _PIE_RESERVED                        
1     003d7e80  _PartIdRegs                          
1     00000ce0  _PieCtrlRegs                         
1     00000d00  _PieVectTable                        
0     003da55a  _PieVectTableInit                    
0     003d892c  _RTOSINT_ISR                         
0     003d801f  _RamfuncsLoadEnd                     
0     003d8000  _RamfuncsLoadStart                   
0     00008000  _RamfuncsRunStart                    
0     003d8ba2  _SCIRXINTA_ISR                       
0     003d8bb6  _SCIRXINTB_ISR                       
0     003d8bac  _SCITXINTA_ISR                       
0     003d8bc0  _SCITXINTB_ISR                       
0     003d8b16  _SPIRXINTA_ISR                       
0     003d8b2a  _SPIRXINTB_ISR                       
0     003d8b20  _SPITXINTA_ISR                       
0     003d8b34  _SPITXINTB_ISR                       
1     00007050  _SciaRegs                            
1     00007750  _ScibRegs                            
0     003d992f  _ServiceDog                          
0     003d9bd6  _Set_GPIOPin                         
1     00007040  _SpiaRegs                            
1     00007740  _SpibRegs                            
1     00007010  _SysCtrlRegs                         
1     00000985  _SysPwrCtrlRegs                      
0     003d89fe  _TINT0_ISR                           
0     003d8b0c  _USB0_INT_ISR                        
0     003d89ae  _USER10_ISR                          
0     003d89b8  _USER11_ISR                          
0     003d89c2  _USER12_ISR                          
0     003d8954  _USER1_ISR                           
0     003d895e  _USER2_ISR                           
0     003d8968  _USER3_ISR                           
0     003d8972  _USER4_ISR                           
0     003d897c  _USER5_ISR                           
0     003d8986  _USER6_ISR                           
0     003d8990  _USER7_ISR                           
0     003d899a  _USER8_ISR                           
0     003d89a4  _USER9_ISR                           
1     00004000  _Usb0Regs                            
0     003d8a08  _WAKEINT_ISR                         
0     003d89e0  _XINT1_ISR                           
0     003d89ea  _XINT2_ISR                           
0     003d8c6a  _XINT3_ISR                           
1     00007070  _XIntruptRegs                        
0     003d9a6e  _XtalOscSel                          
1     00000402  __STACK_END                          
abs   00000400  __STACK_SIZE                         
1     0000e242  ___TI_cleanup_ptr                    
1     0000e244  ___TI_dtors_ptr                      
1     0000e240  ___TI_enable_exit_profile_output     
abs   ffffffff  ___TI_pprof_out_hndl                 
abs   ffffffff  ___TI_prof_data_size                 
abs   ffffffff  ___TI_prof_data_start                
abs   ffffffff  ___binit__                           
1     0000e000  ___bss__                             
abs   ffffffff  ___c_args__                          
0     003da6cc  ___cinit__                           
1     0000e000  ___data__                            
1     0000e000  ___edata__                           
1     0000e000  ___end__                             
0     003da559  ___etext__                           
abs   ffffffff  ___pinit__                           
0     003d801f  ___text__                            
0     003da51a  __args_main                          
1     0000e1fe  __lock                               
0     003da545  __nop                                
0     003da541  __register_lock                      
0     003da53d  __register_unlock                    
1     00000002  __stack                              
0     003da558  __system_post_cinit                  
0     003da556  __system_pre_init                    
1     0000e24c  __unlock                             
1     0000e17c  _aGlobalInt                          
0     003da37f  _abort                               
0     003da266  _atan                                
0     003da217  _atan2                               
0     003d98de  _byteswap_L8cmp_PIL                  
0     003d98ac  _byteswap_L8exp_PIL                  
0     003da0c8  _c_int00                             
0     003d91a7  _caVerifyHWImpl                      
0     003d918b  _caVerifyPortableWordSizes           
0     003d9f20  _codeInstrDataFlush                  
0     003d9ecc  _codeInstrInit                       
0     003d9ed5  _codeInstrTerminate                  
0     003da49b  _codeInstrTgtAppSvcAllocBuffer       
0     003da498  _codeInstrTgtAppSvcCreate            
0     003da49a  _codeInstrTgtAppSvcDestroy           
0     003da4a5  _codeInstrTgtAppSvcGetBufferDataPtr  
0     003da4ab  _codeInstrTgtAppSvcSend              
0     003d9eeb  _codeInstrWriteData                  
0     003da4b7  _coderAssumpTgtAppSvcAllocBuffer     
0     003da4b4  _coderAssumpTgtAppSvcCreate          
0     003da4b6  _coderAssumpTgtAppSvcDestroy         
0     003da4c1  _coderAssumpTgtAppSvcGetBufferDataPtr
0     003da4c7  _coderAssumpTgtAppSvcSend            
0     003da166  _coderAssumptionsInit                
0     003d9573  _coderAssumptionsRun                 
0     003da154  _coderAssumptionsSendWriteBuffer     
0     003da16f  _coderAssumptionsTerminate           
0     003da11e  _coderAssumptionsWriteData           
0     003d9e4a  _commsEnqueueBuffer                  
0     003d9e2f  _commsInit                           
0     003d9e3f  _commsTerminate                      
0     003da3f6  _copy_in                             
0     003da52c  _copysign                            
0     003da52c  _copysignf                           
0     003da2e5  _cos                                 
1     0000e13e  _denormalAsZero                      
1     0000e1a0  _dstSerial                           
1     0000e251  _errno                               
0     003da381  _exit                                
0     003d9be4  _fmod                                
0     003d9be4  _fmodf                               
0     003d97f9  _init_SCI_PIL                        
0     003da2b0  _init_board                          
0     003da070  _ldexp                               
0     003da070  _ldexpf                              
0     003da34d  _main                                
0     003da47b  _memcpy                              
0     003d9626  _overheadEndFreeze                   
0     003d9759  _overheadEndFreeze_estimate          
0     003d960c  _overheadEndFunction                 
0     003d973d  _overheadEndFunction_estimate        
0     003d9710  _overheadEndGeneric                  
0     003d9767  _overheadEndGeneric_estimate         
0     003d95f1  _overheadEndTask                     
0     003d974b  _overheadEndTask_estimate            
0     003d961e  _overheadStartFreeze                 
0     003d9752  _overheadStartFreeze_estimate        
0     003d9601  _overheadStartFunction               
0     003d9736  _overheadStartFunction_estimate      
0     003d9706  _overheadStartGeneric                
0     003d9760  _overheadStartGeneric_estimate       
0     003d95e9  _overheadStartTask                   
0     003d9744  _overheadStartTask_estimate          
0     003d95d7  _profileEnd                          
0     003d9723  _profileEnd_Controller               
0     003d9911  _profileReadTimer                    
0     003d95cc  _profileStart                        
0     003d971c  _profileStart_Controller             
1     0000e13c  _realmin                             
0     003da140  _resetCoderAssumptionsWriteBuffer    
0     003d9cb3  _resetXILWriteBuffer                 
0     003d8c9f  _rsvd_ISR                            
0     003d9fa3  _rtGetInf                            
0     003d9fd4  _rtGetInfF                           
0     003d9fdd  _rtGetMinusInf                       
0     003da00e  _rtGetMinusInfF                      
0     003da017  _rtGetNaN                            
0     003da04a  _rtGetNaNF                           
0     003da1ee  _rtIOStreamBlockingRecv              
0     003da1c5  _rtIOStreamBlockingSend              
0     003d97a1  _rtIOStreamClose                     
0     003d976e  _rtIOStreamOpen                      
0     003d97c7  _rtIOStreamRecv                      
0     003d97a7  _rtIOStreamSend                      
1     0000e218  _rtInf                               
1     0000e21e  _rtInfF                              
0     003d9da1  _rtIsInf                             
0     003d9db9  _rtIsInfF                            
0     003d9dd1  _rtIsNaN                             
0     003d9e18  _rtIsNaNF                            
1     0000e21a  _rtMinusInf                          
1     0000e220  _rtMinusInfF                         
1     0000e21c  _rtNaN                               
1     0000e222  _rtNaNF                              
0     003d9d79  _rt_InitInfAndNaN                    
0     003d9e7c  _rtiostreamReadMessage               
0     003da070  _scalbn                              
0     003da070  _scalbnf                             
0     003d984c  _sci_rcv                             
0     003d988d  _sci_xmit                            
0     003d9ccf  _silpilInit                          
0     003d9d76  _silpilTerminate                     
0     003da319  _sin                                 
0     003da43c  _sqrt                                
1     0000e1c0  _srcSerial                           
0     003da54e  _strlen                              
0     003d95bc  _taskTimeEnd                         
0     003d9730  _taskTimeEnd_Controller              
0     003d95b4  _taskTimeStart                       
0     003d972a  _taskTimeStart_Controller            
0     003d88b5  _xilCommandDispatchAndResponse       
0     003d9d5e  _xilDataFlush                        
0     003d8ffb  _xilDisable                          
0     003d8ff2  _xilEnable                           
0     003da19a  _xilExceptionHandler                 
0     003d8905  _xilGetCurrentProcessMsgContext      
0     003d8cd1  _xilGetDataTypeInfo                  
0     003d8d37  _xilGetHostToTargetData              
0     003d8e34  _xilGetTargetToHostData              
0     003d8ddc  _xilGetTargetToHostPreData           
0     003da172  _xilInit                             
0     003d8ff0  _xilInitTargetData                   
0     003d8cfc  _xilInitialize                       
0     003d8dee  _xilOutput                           
0     003d8d19  _xilPause                            
0     003d86ea  _xilProcessMsg                       
0     003d8ca9  _xilProcessParams                    
0     003d9632  _xilProfilingEstimateOverhead        
0     003d95a6  _xilProfilingTimerFreeze             
0     003d9585  _xilProfilingTimerFreezeInternal     
0     003d95ad  _xilProfilingTimerUnFreeze           
0     003d95a0  _xilProfilingTimerUnFreezeInternal   
0     003d9d20  _xilReadData                         
0     003d88a1  _xilRun                              
0     003d8d23  _xilSystemInitialize                 
0     003d8d2d  _xilSystemReset                      
0     003d8fdf  _xilTerminate                        
0     003da190  _xilTerminateComms                   
0     003da4d3  _xilTgtAppSvcAllocBuffer             
0     003da4d0  _xilTgtAppSvcCreate                  
0     003da4d2  _xilTgtAppSvcDestroy                 
0     003da4dd  _xilTgtAppSvcGetBufferDataPtr        
0     003da4e3  _xilTgtAppSvcSend                    
0     003d8e2b  _xilUpdate                           
0     003d8cb2  _xilUploadCodeInstrData              
0     003d957b  _xilUploadProfilingData              
0     003d9ceb  _xilWriteData                        
abs   ffffffff  binit                                
0     003da6cc  cinit                                
0     003f7ff6  code_start                           
1     0000e000  edata                                
1     0000e000  end                                  
0     003da559  etext                                
abs   ffffffff  pinit                                


GLOBAL SYMBOLS: SORTED BY Symbol Address 

page  address   name                                 
----  -------   ----                                 
0     00008000  _InitFlash                           
0     00008000  _RamfuncsRunStart                    
0     0000801b  _DSP28x_usDelay                      
0     003d8000  _RamfuncsLoadStart                   
0     003d801f  .text                                
0     003d801f  _Controller_SetEventsForThisBaseStep 
0     003d801f  _RamfuncsLoadEnd                     
0     003d801f  ___text__                            
0     003d806b  _Controll_SpeedControl1_Init         
0     003d8074  _Controller_SpeedControl1            
0     003d8110  _Controller_HallValueof1             
0     003d811a  _Controller_HallValueof2             
0     003d8124  _Controller_HallValueof3             
0     003d812c  _Controller_HallValueof4             
0     003d8136  _Controller_HallValueof5             
0     003d8140  _Controller_HallValueof7             
0     003d8147  _Controller_step0                    
0     003d8171  _Controller_step1                    
0     003d8471  _Controller_step2                    
0     003d84ad  _Controller_step3                    
0     003d84c6  _Controller_initialize               
0     003d8517  _Controller_terminate                
0     003d86ea  _xilProcessMsg                       
0     003d88a1  _xilRun                              
0     003d88b5  _xilCommandDispatchAndResponse       
0     003d8905  _xilGetCurrentProcessMsgContext      
0     003d890e  _INT13_ISR                           
0     003d8918  _INT14_ISR                           
0     003d8922  _DATALOG_ISR                         
0     003d892c  _RTOSINT_ISR                         
0     003d8936  _EMUINT_ISR                          
0     003d8940  _NMI_ISR                             
0     003d894a  _ILLEGAL_ISR                         
0     003d8954  _USER1_ISR                           
0     003d895e  _USER2_ISR                           
0     003d8968  _USER3_ISR                           
0     003d8972  _USER4_ISR                           
0     003d897c  _USER5_ISR                           
0     003d8986  _USER6_ISR                           
0     003d8990  _USER7_ISR                           
0     003d899a  _USER8_ISR                           
0     003d89a4  _USER9_ISR                           
0     003d89ae  _USER10_ISR                          
0     003d89b8  _USER11_ISR                          
0     003d89c2  _USER12_ISR                          
0     003d89cc  _ADCINT1_ISR                         
0     003d89d6  _ADCINT2_ISR                         
0     003d89e0  _XINT1_ISR                           
0     003d89ea  _XINT2_ISR                           
0     003d89f4  _ADCINT9_ISR                         
0     003d89fe  _TINT0_ISR                           
0     003d8a08  _WAKEINT_ISR                         
0     003d8a12  _EPWM1_TZINT_ISR                     
0     003d8a1c  _EPWM2_TZINT_ISR                     
0     003d8a26  _EPWM3_TZINT_ISR                     
0     003d8a30  _EPWM4_TZINT_ISR                     
0     003d8a3a  _EPWM5_TZINT_ISR                     
0     003d8a44  _EPWM6_TZINT_ISR                     
0     003d8a4e  _EPWM7_TZINT_ISR                     
0     003d8a58  _EPWM8_TZINT_ISR                     
0     003d8a62  _EPWM1_INT_ISR                       
0     003d8a6c  _EPWM2_INT_ISR                       
0     003d8a76  _EPWM3_INT_ISR                       
0     003d8a80  _EPWM4_INT_ISR                       
0     003d8a8a  _EPWM5_INT_ISR                       
0     003d8a94  _EPWM6_INT_ISR                       
0     003d8a9e  _EPWM7_INT_ISR                       
0     003d8aa8  _EPWM8_INT_ISR                       
0     003d8ab2  _ECAP1_INT_ISR                       
0     003d8abc  _ECAP2_INT_ISR                       
0     003d8ac6  _ECAP3_INT_ISR                       
0     003d8ad0  _HRCAP1_INT_ISR                      
0     003d8ada  _HRCAP2_INT_ISR                      
0     003d8ae4  _EQEP1_INT_ISR                       
0     003d8aee  _EQEP2_INT_ISR                       
0     003d8af8  _HRCAP3_INT_ISR                      
0     003d8b02  _HRCAP4_INT_ISR                      
0     003d8b0c  _USB0_INT_ISR                        
0     003d8b16  _SPIRXINTA_ISR                       
0     003d8b20  _SPITXINTA_ISR                       
0     003d8b2a  _SPIRXINTB_ISR                       
0     003d8b34  _SPITXINTB_ISR                       
0     003d8b3e  _MRINTA_ISR                          
0     003d8b48  _MXINTA_ISR                          
0     003d8b52  _DINTCH1_ISR                         
0     003d8b5c  _DINTCH2_ISR                         
0     003d8b66  _DINTCH3_ISR                         
0     003d8b70  _DINTCH4_ISR                         
0     003d8b7a  _DINTCH5_ISR                         
0     003d8b84  _DINTCH6_ISR                         
0     003d8b8e  _I2CINT1A_ISR                        
0     003d8b98  _I2CINT2A_ISR                        
0     003d8ba2  _SCIRXINTA_ISR                       
0     003d8bac  _SCITXINTA_ISR                       
0     003d8bb6  _SCIRXINTB_ISR                       
0     003d8bc0  _SCITXINTB_ISR                       
0     003d8bca  _ECAN0INTA_ISR                       
0     003d8bd4  _ECAN1INTA_ISR                       
0     003d8bde  _ADCINT3_ISR                         
0     003d8be8  _ADCINT4_ISR                         
0     003d8bf2  _ADCINT5_ISR                         
0     003d8bfc  _ADCINT6_ISR                         
0     003d8c06  _ADCINT7_ISR                         
0     003d8c10  _ADCINT8_ISR                         
0     003d8c1a  _CLA1_INT1_ISR                       
0     003d8c24  _CLA1_INT2_ISR                       
0     003d8c2e  _CLA1_INT3_ISR                       
0     003d8c38  _CLA1_INT4_ISR                       
0     003d8c42  _CLA1_INT5_ISR                       
0     003d8c4c  _CLA1_INT6_ISR                       
0     003d8c56  _CLA1_INT7_ISR                       
0     003d8c60  _CLA1_INT8_ISR                       
0     003d8c6a  _XINT3_ISR                           
0     003d8c74  _LVF_ISR                             
0     003d8c7e  _LUF_ISR                             
0     003d8c88  _EMPTY_ISR                           
0     003d8c95  _PIE_RESERVED                        
0     003d8c9f  _rsvd_ISR                            
0     003d8ca9  _xilProcessParams                    
0     003d8cb2  _xilUploadCodeInstrData              
0     003d8cd1  _xilGetDataTypeInfo                  
0     003d8cfc  _xilInitialize                       
0     003d8d19  _xilPause                            
0     003d8d23  _xilSystemInitialize                 
0     003d8d2d  _xilSystemReset                      
0     003d8d37  _xilGetHostToTargetData              
0     003d8ddc  _xilGetTargetToHostPreData           
0     003d8dee  _xilOutput                           
0     003d8e2b  _xilUpdate                           
0     003d8e34  _xilGetTargetToHostData              
0     003d8fdf  _xilTerminate                        
0     003d8ff0  _xilInitTargetData                   
0     003d8ff2  _xilEnable                           
0     003d8ffb  _xilDisable                          
0     003d918b  _caVerifyPortableWordSizes           
0     003d91a7  _caVerifyHWImpl                      
0     003d9573  _coderAssumptionsRun                 
0     003d957b  _xilUploadProfilingData              
0     003d9585  _xilProfilingTimerFreezeInternal     
0     003d95a0  _xilProfilingTimerUnFreezeInternal   
0     003d95a6  _xilProfilingTimerFreeze             
0     003d95ad  _xilProfilingTimerUnFreeze           
0     003d95b4  _taskTimeStart                       
0     003d95bc  _taskTimeEnd                         
0     003d95cc  _profileStart                        
0     003d95d7  _profileEnd                          
0     003d95e9  _overheadStartTask                   
0     003d95f1  _overheadEndTask                     
0     003d9601  _overheadStartFunction               
0     003d960c  _overheadEndFunction                 
0     003d961e  _overheadStartFreeze                 
0     003d9626  _overheadEndFreeze                   
0     003d9632  _xilProfilingEstimateOverhead        
0     003d9706  _overheadStartGeneric                
0     003d9710  _overheadEndGeneric                  
0     003d971c  _profileStart_Controller             
0     003d9723  _profileEnd_Controller               
0     003d972a  _taskTimeStart_Controller            
0     003d9730  _taskTimeEnd_Controller              
0     003d9736  _overheadStartFunction_estimate      
0     003d973d  _overheadEndFunction_estimate        
0     003d9744  _overheadStartTask_estimate          
0     003d974b  _overheadEndTask_estimate            
0     003d9752  _overheadStartFreeze_estimate        
0     003d9759  _overheadEndFreeze_estimate          
0     003d9760  _overheadStartGeneric_estimate       
0     003d9767  _overheadEndGeneric_estimate         
0     003d976e  _rtIOStreamOpen                      
0     003d97a1  _rtIOStreamClose                     
0     003d97a7  _rtIOStreamSend                      
0     003d97c7  _rtIOStreamRecv                      
0     003d97f9  _init_SCI_PIL                        
0     003d984c  _sci_rcv                             
0     003d988d  _sci_xmit                            
0     003d98ac  _byteswap_L8exp_PIL                  
0     003d98de  _byteswap_L8cmp_PIL                  
0     003d9911  _profileReadTimer                    
0     003d9915  _InitSysCtrl                         
0     003d992f  _ServiceDog                          
0     003d9939  _DisableDog                          
0     003d9941  _InitPll                             
0     003d9995  _InitPll2                            
0     003d99c3  _InitPeripheralClocks                
0     003d9a19  _CsmUnlock                           
0     003d9a4a  _IntOsc1Sel                          
0     003d9a5a  _IntOsc2Sel                          
0     003d9a6e  _XtalOscSel                          
0     003d9a89  _ExtOscSel                           
0     003d9a9f  _OneTimeGpioInit                     
0     003d9aaa  _InitGpio                            
0     003d9ad7  _GPIO_SetupPinMux                    
0     003d9b15  _GPIO_SetupPinOptions                
0     003d9b8a  _GPIO_ReadPin                        
0     003d9ba1  _GPIO_WritePin                       
0     003d9bbf  _GPIO_TogglePin                      
0     003d9bd6  _Set_GPIOPin                         
0     003d9be4  _fmod                                
0     003d9be4  _fmodf                               
0     003d9cb3  _resetXILWriteBuffer                 
0     003d9ccf  _silpilInit                          
0     003d9ceb  _xilWriteData                        
0     003d9d20  _xilReadData                         
0     003d9d5e  _xilDataFlush                        
0     003d9d76  _silpilTerminate                     
0     003d9d79  _rt_InitInfAndNaN                    
0     003d9da1  _rtIsInf                             
0     003d9db9  _rtIsInfF                            
0     003d9dd1  _rtIsNaN                             
0     003d9e18  _rtIsNaNF                            
0     003d9e2f  _commsInit                           
0     003d9e3f  _commsTerminate                      
0     003d9e4a  _commsEnqueueBuffer                  
0     003d9e7c  _rtiostreamReadMessage               
0     003d9ecc  _codeInstrInit                       
0     003d9ed5  _codeInstrTerminate                  
0     003d9eeb  _codeInstrWriteData                  
0     003d9f20  _codeInstrDataFlush                  
0     003d9f2d  _InitCpuTimers                       
0     003d9f68  _ConfigCpuTimer                      
0     003d9fa3  _rtGetInf                            
0     003d9fd4  _rtGetInfF                           
0     003d9fdd  _rtGetMinusInf                       
0     003da00e  _rtGetMinusInfF                      
0     003da017  _rtGetNaN                            
0     003da04a  _rtGetNaNF                           
0     003da070  _ldexp                               
0     003da070  _ldexpf                              
0     003da070  _scalbn                              
0     003da070  _scalbnf                             
0     003da0c8  _c_int00                             
0     003da11e  _coderAssumptionsWriteData           
0     003da140  _resetCoderAssumptionsWriteBuffer    
0     003da154  _coderAssumptionsSendWriteBuffer     
0     003da166  _coderAssumptionsInit                
0     003da16f  _coderAssumptionsTerminate           
0     003da172  _xilInit                             
0     003da190  _xilTerminateComms                   
0     003da19a  _xilExceptionHandler                 
0     003da1c5  _rtIOStreamBlockingSend              
0     003da1ee  _rtIOStreamBlockingRecv              
0     003da217  _atan2                               
0     003da266  _atan                                
0     003da2b0  _init_board                          
0     003da2e5  _cos                                 
0     003da319  _sin                                 
0     003da34d  _main                                
0     003da37f  C$$EXIT                              
0     003da37f  _abort                               
0     003da381  _exit                                
0     003da3a8  _InitPieCtrl                         
0     003da3c7  _EnableInterrupts                    
0     003da3d0  _InitPieVectTable                    
0     003da3f6  _copy_in                             
0     003da41a  I$$DIV                               
0     003da42b  I$$MOD                               
0     003da43c  _sqrt                                
0     003da45d  LL$$CMP                              
0     003da46f  ULL$$CMP                             
0     003da47b  _memcpy                              
0     003da498  _codeInstrTgtAppSvcCreate            
0     003da49a  _codeInstrTgtAppSvcDestroy           
0     003da49b  _codeInstrTgtAppSvcAllocBuffer       
0     003da4a5  _codeInstrTgtAppSvcGetBufferDataPtr  
0     003da4ab  _codeInstrTgtAppSvcSend              
0     003da4b4  _coderAssumpTgtAppSvcCreate          
0     003da4b6  _coderAssumpTgtAppSvcDestroy         
0     003da4b7  _coderAssumpTgtAppSvcAllocBuffer     
0     003da4c1  _coderAssumpTgtAppSvcGetBufferDataPtr
0     003da4c7  _coderAssumpTgtAppSvcSend            
0     003da4d0  _xilTgtAppSvcCreate                  
0     003da4d2  _xilTgtAppSvcDestroy                 
0     003da4d3  _xilTgtAppSvcAllocBuffer             
0     003da4dd  _xilTgtAppSvcGetBufferDataPtr        
0     003da4e3  _xilTgtAppSvcSend                    
0     003da4ec  FS$$DIV                              
0     003da505  _Controller_caRunTests               
0     003da51a  __args_main                          
0     003da52c  _copysign                            
0     003da52c  _copysignf                           
0     003da53d  __register_unlock                    
0     003da541  __register_lock                      
0     003da545  __nop                                
0     003da54e  _strlen                              
0     003da556  __system_pre_init                    
0     003da558  __system_post_cinit                  
0     003da559  ___etext__                           
0     003da559  etext                                
0     003da55a  _PieVectTableInit                    
0     003da65a  _Controller_ConstP                   
0     003da6a6  _CA_Controller_ExpHW                 
0     003da6c6  _Controller_M                        
0     003da6cc  ___cinit__                           
0     003da6cc  cinit                                
0     003f7ff6  code_start                           
0     003fd590  _FPUsinTable                         
0     003fd690  _FPUcosTable                         
0     003fd990  _FPUsinTableEnd                      
0     003fda92  _FPUatan2HalfPITable                 
0     003fda92  _FPUcosTableEnd                      
0     003fda96  _FPUatan2Table                       
0     003fdc1c  _FPUatan2TableEnd                    
1     00000002  __stack                              
1     00000402  __STACK_END                          
1     00000880  _DevEmuRegs                          
1     00000985  _SysPwrCtrlRegs                      
1     00000a80  _FlashRegs                           
1     00000ae0  _CsmRegs                             
1     00000b00  _AdcResult                           
1     00000c00  _CpuTimer0Regs                       
1     00000c08  _CpuTimer1Regs                       
1     00000c10  _CpuTimer2Regs                       
1     00000ce0  _PieCtrlRegs                         
1     00000d00  _EmuKey                              
1     00000d00  _PieVectTable                        
1     00000d01  _EmuBMode                            
1     00000d02  _Flash_CallbackPtr                   
1     00000d04  _Flash_CPUScaleFactor                
1     00001000  _DmaRegs                             
1     00001400  _Cla1Regs                            
1     00004000  _Usb0Regs                            
1     00005000  _McbspaRegs                          
1     00006000  _ECanaRegs                           
1     00006040  _ECanaLAMRegs                        
1     00006080  _ECanaMOTSRegs                       
1     000060c0  _ECanaMOTORegs                       
1     00006100  _ECanaMboxes                         
1     00006400  _Comp1Regs                           
1     00006420  _Comp2Regs                           
1     00006440  _Comp3Regs                           
1     00006800  _EPwm1Regs                           
1     00006840  _EPwm2Regs                           
1     00006880  _EPwm3Regs                           
1     000068c0  _EPwm4Regs                           
1     00006900  _EPwm5Regs                           
1     00006940  _EPwm6Regs                           
1     00006980  _EPwm7Regs                           
1     000069c0  _EPwm8Regs                           
1     00006a00  _ECap1Regs                           
1     00006a20  _ECap2Regs                           
1     00006a40  _ECap3Regs                           
1     00006ac0  _HRCap1Regs                          
1     00006ae0  _HRCap2Regs                          
1     00006b00  _EQep1Regs                           
1     00006b40  _EQep2Regs                           
1     00006c80  _HRCap3Regs                          
1     00006ca0  _HRCap4Regs                          
1     00006f80  _GpioCtrlRegs                        
1     00006fc0  _GpioDataRegs                        
1     00006fe0  _GpioIntRegs                         
1     00007010  _SysCtrlRegs                         
1     00007040  _SpiaRegs                            
1     00007050  _SciaRegs                            
1     00007060  _NmiIntruptRegs                      
1     00007070  _XIntruptRegs                        
1     00007100  _AdcRegs                             
1     00007740  _SpibRegs                            
1     00007750  _ScibRegs                            
1     00007900  _I2caRegs                            
1     0000e000  .bss                                 
1     0000e000  .data                                
1     0000e000  _Controller_PrevZCX                  
1     0000e000  ___bss__                             
1     0000e000  ___data__                            
1     0000e000  ___edata__                           
1     0000e000  ___end__                             
1     0000e000  edata                                
1     0000e000  end                                  
1     0000e00a  _Controller_U                        
1     0000e016  _Controller_B                        
1     0000e028  _Controller_Y                        
1     0000e040  _Controller_DW                       
1     0000e0c3  _GPIO_oneTimeInit                    
1     0000e0c4  _CA_Controller_PWSRes                
1     0000e0c6  _CA_Controller_ActHW                 
1     0000e0dc  _CA_Controller_HWRes                 
1     0000e124  _CpuTimer0                           
1     0000e12c  _CpuTimer1                           
1     0000e134  _CpuTimer2                           
1     0000e13c  _realmin                             
1     0000e13e  _denormalAsZero                      
1     0000e17c  _aGlobalInt                          
1     0000e1a0  _dstSerial                           
1     0000e1c0  _srcSerial                           
1     0000e1fe  __lock                               
1     0000e218  _rtInf                               
1     0000e21a  _rtMinusInf                          
1     0000e21c  _rtNaN                               
1     0000e21e  _rtInfF                              
1     0000e220  _rtMinusInfF                         
1     0000e222  _rtNaNF                              
1     0000e240  ___TI_enable_exit_profile_output     
1     0000e242  ___TI_cleanup_ptr                    
1     0000e244  ___TI_dtors_ptr                      
1     0000e24b  _MW_InterruptDisableLock             
1     0000e24c  __unlock                             
1     0000e24e  _MW_SCI_PTR                          
1     0000e251  _errno                               
1     003d7e80  _PartIdRegs                          
1     003f7ff8  _CsmPwl                              
abs   00000400  __STACK_SIZE                         
abs   ffffffff  ___TI_pprof_out_hndl                 
abs   ffffffff  ___TI_prof_data_size                 
abs   ffffffff  ___TI_prof_data_start                
abs   ffffffff  ___binit__                           
abs   ffffffff  ___c_args__                          
abs   ffffffff  ___pinit__                           
abs   ffffffff  binit                                
abs   ffffffff  pinit                                

[408 symbols]
