******************************************************************************
             TMS320C2000 Linker PC v22.6.0                     
******************************************************************************
>> Linked Thu Mar 20 13:16:08 2025

OUTPUT FILE NAME:   <./Current.out>
ENTRY POINT SYMBOL: "_c_int00"  address: 003da26a


MEMORY CONFIGURATION

         name            origin    length      used     unused   attr    fill
----------------------  --------  ---------  --------  --------  ----  --------
PAGE 0:
  BEGINRAM              00000000   00000002  00000000  00000002  RWIX
  PRAM                  00008000   00006000  0000001f  00005fe1  RWIX
  OTP                   003d7800   000003fa  00000000  000003fa  RWIX
  FLASH                 003d8000   0001fff0  00002a84  0001d56c  RWIX
  BEGINFLASH            003f7ff6   00000002  00000002  00000000  RWIX
  CSM_PWL               003f7ff8   00000008  00000000  00000008  RWIX
  FPUTABLES             003fd590   000006a0  000006a0  00000000  RWIX
  IQTABLES              003fdc30   00000b50  00000000  00000b50  RWIX
  IQTABLES2             003fe780   0000008c  00000000  0000008c  RWIX
  IQTABLES3             003fe80c   000000aa  00000000  000000aa  RWIX
  BOOTROM               003ff3b0   00000c10  00000000  00000c10  RWIX
  RESET                 003fffc0   00000002  00000000  00000002  RWIX
  VECTORS               003fffc2   0000003e  00000000  0000003e  RWIX

PAGE 1:
  RAMM0M1               00000002   000007fe  00000400  000003fe  RWIX
  DEV_EMU               00000880   00000105  00000004  00000101  RWIX
  SYS_PWR_CTL           00000985   00000003  00000003  00000000  RWIX
  FLASH_REGS            00000a80   00000060  00000008  00000058  RWIX
  CSM                   00000ae0   00000020  00000010  00000010  RWIX
  ADC_RESULT            00000b00   00000020  00000010  00000010  RWIX
  CPU_TIMER0            00000c00   00000008  00000008  00000000  RWIX
  CPU_TIMER1            00000c08   00000008  00000008  00000000  RWIX
  CPU_TIMER2            00000c10   00000008  00000008  00000000  RWIX
  PIE_CTRL              00000ce0   00000020  0000001a  00000006  RWIX
  PIE_VECT              00000d00   00000100  00000100  00000000  RWIX
  DMA                   00001000   00000200  000000e0  00000120  RWIX
  CLA1                  00001400   00000080  00000040  00000040  RWIX
  USB0                  00004000   00001000  00000454  00000bac  RWIX
  McBSPA                00005000   00000040  00000024  0000001c  RWIX
  ECANA                 00006000   00000040  00000034  0000000c  RWIX
  ECANA_LAM             00006040   00000040  00000040  00000000  RWIX
  ECANA_MOTS            00006080   00000040  00000040  00000000  RWIX
  ECANA_MOTO            000060c0   00000040  00000040  00000000  RWIX
  ECANA_MBOX            00006100   00000100  00000100  00000000  RWIX
  COMP1                 00006400   00000020  00000014  0000000c  RWIX
  COMP2                 00006420   00000020  00000014  0000000c  RWIX
  COMP3                 00006440   00000020  00000014  0000000c  RWIX
  EPWM1                 00006800   00000040  00000040  00000000  RWIX
  EPWM2                 00006840   00000040  00000040  00000000  RWIX
  EPWM3                 00006880   00000040  00000040  00000000  RWIX
  EPWM4                 000068c0   00000040  00000040  00000000  RWIX
  EPWM5                 00006900   00000040  00000040  00000000  RWIX
  EPWM6                 00006940   00000040  00000040  00000000  RWIX
  EPWM7                 00006980   00000040  00000040  00000000  RWIX
  EPWM8                 000069c0   00000040  00000040  00000000  RWIX
  ECAP1                 00006a00   00000020  00000020  00000000  RWIX
  ECAP2                 00006a20   00000020  00000020  00000000  RWIX
  ECAP3                 00006a40   00000020  00000020  00000000  RWIX
  HRCAP1                00006ac0   00000020  00000020  00000000  RWIX
  HRCAP2                00006ae0   00000020  00000020  00000000  RWIX
  EQEP1                 00006b00   00000040  00000022  0000001e  RWIX
  EQEP2                 00006b40   00000040  00000022  0000001e  RWIX
  HRCAP3                00006c80   00000020  00000020  00000000  RWIX
  HRCAP4                00006ca0   00000020  00000020  00000000  RWIX
  GPIOCTRL              00006f80   00000040  00000040  00000000  RWIX
  GPIODAT               00006fc0   00000020  00000020  00000000  RWIX
  GPIOINT               00006fe0   00000020  00000020  00000000  RWIX
  SYSTEM                00007010   00000030  00000030  00000000  RWIX
  SPIA                  00007040   00000010  00000010  00000000  RWIX
  SCIA                  00007050   00000010  00000010  00000000  RWIX
  NMIINTRUPT            00007060   00000010  00000010  00000000  RWIX
  XINTRUPT              00007070   00000010  00000010  00000000  RWIX
  ADC                   00007100   00000080  00000050  00000030  RWIX
  SPIB                  00007740   00000010  00000010  00000000  RWIX
  SCIB                  00007750   00000010  00000010  00000000  RWIX
  I2CA                  00007900   00000040  00000022  0000001e  RWIX
  DRAM                  0000e000   00006000  0000046e  00005b92  RWIX
  PARTID                003d7e80   00000001  00000001  00000000  RWIX
  CSM_PWL               003f7ff8   00000008  00000008  00000000  RWIX


SECTION ALLOCATION MAP

 output                                  attributes/
section   page    origin      length       input sections
--------  ----  ----------  ----------   ----------------
DevEmuRegsFile 
*          1    00000880    00000004     UNINITIALIZED
                  00000880    00000004     F2806x_GlobalVariableDefs.obj (DevEmuRegsFile)

SysPwrCtrlRegsFile 
*          1    00000985    00000003     UNINITIALIZED
                  00000985    00000003     F2806x_GlobalVariableDefs.obj (SysPwrCtrlRegsFile)

FlashRegsFile 
*          1    00000a80    00000008     UNINITIALIZED
                  00000a80    00000008     F2806x_GlobalVariableDefs.obj (FlashRegsFile)

CsmRegsFile 
*          1    00000ae0    00000010     UNINITIALIZED
                  00000ae0    00000010     F2806x_GlobalVariableDefs.obj (CsmRegsFile)

AdcResultFile 
*          1    00000b00    00000010     UNINITIALIZED
                  00000b00    00000010     F2806x_GlobalVariableDefs.obj (AdcResultFile)

CpuTimer0RegsFile 
*          1    00000c00    00000008     UNINITIALIZED
                  00000c00    00000008     F2806x_GlobalVariableDefs.obj (CpuTimer0RegsFile)

CpuTimer1RegsFile 
*          1    00000c08    00000008     UNINITIALIZED
                  00000c08    00000008     F2806x_GlobalVariableDefs.obj (CpuTimer1RegsFile)

CpuTimer2RegsFile 
*          1    00000c10    00000008     UNINITIALIZED
                  00000c10    00000008     F2806x_GlobalVariableDefs.obj (CpuTimer2RegsFile)

PieCtrlRegsFile 
*          1    00000ce0    0000001a     UNINITIALIZED
                  00000ce0    0000001a     F2806x_GlobalVariableDefs.obj (PieCtrlRegsFile)

PieVectTableFile 
*          1    00000d00    00000100     UNINITIALIZED
                  00000d00    00000100     F2806x_GlobalVariableDefs.obj (PieVectTableFile)

EmuKeyVar 
*          1    00000d00    00000001     UNINITIALIZED
                  00000d00    00000001     F2806x_GlobalVariableDefs.obj (EmuKeyVar)

EmuBModeVar 
*          1    00000d01    00000001     UNINITIALIZED
                  00000d01    00000001     F2806x_GlobalVariableDefs.obj (EmuBModeVar)

FlashCallbackVar 
*          1    00000d02    00000002     UNINITIALIZED
                  00000d02    00000002     F2806x_GlobalVariableDefs.obj (FlashCallbackVar)

FlashScalingVar 
*          1    00000d04    00000002     UNINITIALIZED
                  00000d04    00000002     F2806x_GlobalVariableDefs.obj (FlashScalingVar)

DmaRegsFile 
*          1    00001000    000000e0     UNINITIALIZED
                  00001000    000000e0     F2806x_GlobalVariableDefs.obj (DmaRegsFile)

Cla1RegsFile 
*          1    00001400    00000040     UNINITIALIZED
                  00001400    00000040     F2806x_GlobalVariableDefs.obj (Cla1RegsFile)

Usb0RegsFile 
*          1    00004000    00000454     UNINITIALIZED
                  00004000    00000454     F2806x_GlobalVariableDefs.obj (Usb0RegsFile)

McbspaRegsFile 
*          1    00005000    00000024     UNINITIALIZED
                  00005000    00000024     F2806x_GlobalVariableDefs.obj (McbspaRegsFile)

ECanaRegsFile 
*          1    00006000    00000034     UNINITIALIZED
                  00006000    00000034     F2806x_GlobalVariableDefs.obj (ECanaRegsFile)

ECanaLAMRegsFile 
*          1    00006040    00000040     UNINITIALIZED
                  00006040    00000040     F2806x_GlobalVariableDefs.obj (ECanaLAMRegsFile)

ECanaMOTSRegsFile 
*          1    00006080    00000040     UNINITIALIZED
                  00006080    00000040     F2806x_GlobalVariableDefs.obj (ECanaMOTSRegsFile)

ECanaMOTORegsFile 
*          1    000060c0    00000040     UNINITIALIZED
                  000060c0    00000040     F2806x_GlobalVariableDefs.obj (ECanaMOTORegsFile)

ECanaMboxesFile 
*          1    00006100    00000100     UNINITIALIZED
                  00006100    00000100     F2806x_GlobalVariableDefs.obj (ECanaMboxesFile)

Comp1RegsFile 
*          1    00006400    00000014     UNINITIALIZED
                  00006400    00000014     F2806x_GlobalVariableDefs.obj (Comp1RegsFile)

Comp2RegsFile 
*          1    00006420    00000014     UNINITIALIZED
                  00006420    00000014     F2806x_GlobalVariableDefs.obj (Comp2RegsFile)

Comp3RegsFile 
*          1    00006440    00000014     UNINITIALIZED
                  00006440    00000014     F2806x_GlobalVariableDefs.obj (Comp3RegsFile)

EPwm1RegsFile 
*          1    00006800    00000040     UNINITIALIZED
                  00006800    00000040     F2806x_GlobalVariableDefs.obj (EPwm1RegsFile)

EPwm2RegsFile 
*          1    00006840    00000040     UNINITIALIZED
                  00006840    00000040     F2806x_GlobalVariableDefs.obj (EPwm2RegsFile)

EPwm3RegsFile 
*          1    00006880    00000040     UNINITIALIZED
                  00006880    00000040     F2806x_GlobalVariableDefs.obj (EPwm3RegsFile)

EPwm4RegsFile 
*          1    000068c0    00000040     UNINITIALIZED
                  000068c0    00000040     F2806x_GlobalVariableDefs.obj (EPwm4RegsFile)

EPwm5RegsFile 
*          1    00006900    00000040     UNINITIALIZED
                  00006900    00000040     F2806x_GlobalVariableDefs.obj (EPwm5RegsFile)

EPwm6RegsFile 
*          1    00006940    00000040     UNINITIALIZED
                  00006940    00000040     F2806x_GlobalVariableDefs.obj (EPwm6RegsFile)

EPwm7RegsFile 
*          1    00006980    00000040     UNINITIALIZED
                  00006980    00000040     F2806x_GlobalVariableDefs.obj (EPwm7RegsFile)

EPwm8RegsFile 
*          1    000069c0    00000040     UNINITIALIZED
                  000069c0    00000040     F2806x_GlobalVariableDefs.obj (EPwm8RegsFile)

ECap1RegsFile 
*          1    00006a00    00000020     UNINITIALIZED
                  00006a00    00000020     F2806x_GlobalVariableDefs.obj (ECap1RegsFile)

ECap2RegsFile 
*          1    00006a20    00000020     UNINITIALIZED
                  00006a20    00000020     F2806x_GlobalVariableDefs.obj (ECap2RegsFile)

ECap3RegsFile 
*          1    00006a40    00000020     UNINITIALIZED
                  00006a40    00000020     F2806x_GlobalVariableDefs.obj (ECap3RegsFile)

HRCap1RegsFile 
*          1    00006ac0    00000020     UNINITIALIZED
                  00006ac0    00000020     F2806x_GlobalVariableDefs.obj (HRCap1RegsFile)

HRCap2RegsFile 
*          1    00006ae0    00000020     UNINITIALIZED
                  00006ae0    00000020     F2806x_GlobalVariableDefs.obj (HRCap2RegsFile)

EQep1RegsFile 
*          1    00006b00    00000022     UNINITIALIZED
                  00006b00    00000022     F2806x_GlobalVariableDefs.obj (EQep1RegsFile)

EQep2RegsFile 
*          1    00006b40    00000022     UNINITIALIZED
                  00006b40    00000022     F2806x_GlobalVariableDefs.obj (EQep2RegsFile)

HRCap3RegsFile 
*          1    00006c80    00000020     UNINITIALIZED
                  00006c80    00000020     F2806x_GlobalVariableDefs.obj (HRCap3RegsFile)

HRCap4RegsFile 
*          1    00006ca0    00000020     UNINITIALIZED
                  00006ca0    00000020     F2806x_GlobalVariableDefs.obj (HRCap4RegsFile)

GpioCtrlRegsFile 
*          1    00006f80    00000040     UNINITIALIZED
                  00006f80    00000040     F2806x_GlobalVariableDefs.obj (GpioCtrlRegsFile)

GpioDataRegsFile 
*          1    00006fc0    00000020     UNINITIALIZED
                  00006fc0    00000020     F2806x_GlobalVariableDefs.obj (GpioDataRegsFile)

GpioIntRegsFile 
*          1    00006fe0    00000020     UNINITIALIZED
                  00006fe0    00000020     F2806x_GlobalVariableDefs.obj (GpioIntRegsFile)

SysCtrlRegsFile 
*          1    00007010    00000030     UNINITIALIZED
                  00007010    00000030     F2806x_GlobalVariableDefs.obj (SysCtrlRegsFile)

SpiaRegsFile 
*          1    00007040    00000010     UNINITIALIZED
                  00007040    00000010     F2806x_GlobalVariableDefs.obj (SpiaRegsFile)

SciaRegsFile 
*          1    00007050    00000010     UNINITIALIZED
                  00007050    00000010     F2806x_GlobalVariableDefs.obj (SciaRegsFile)

NmiIntruptRegsFile 
*          1    00007060    00000010     UNINITIALIZED
                  00007060    00000010     F2806x_GlobalVariableDefs.obj (NmiIntruptRegsFile)

XIntruptRegsFile 
*          1    00007070    00000010     UNINITIALIZED
                  00007070    00000010     F2806x_GlobalVariableDefs.obj (XIntruptRegsFile)

AdcRegsFile 
*          1    00007100    00000050     UNINITIALIZED
                  00007100    00000050     F2806x_GlobalVariableDefs.obj (AdcRegsFile)

SpibRegsFile 
*          1    00007740    00000010     UNINITIALIZED
                  00007740    00000010     F2806x_GlobalVariableDefs.obj (SpibRegsFile)

ScibRegsFile 
*          1    00007750    00000010     UNINITIALIZED
                  00007750    00000010     F2806x_GlobalVariableDefs.obj (ScibRegsFile)

I2caRegsFile 
*          1    00007900    00000022     UNINITIALIZED
                  00007900    00000022     F2806x_GlobalVariableDefs.obj (I2caRegsFile)

PartIdRegsFile 
*          1    003d7e80    00000001     UNINITIALIZED
                  003d7e80    00000001     F2806x_GlobalVariableDefs.obj (PartIdRegsFile)

CsmPwlFile 
*          1    003f7ff8    00000008     UNINITIALIZED
                  003f7ff8    00000008     F2806x_GlobalVariableDefs.obj (CsmPwlFile)

.text      0    003d801f    000026dc     
                  003d801f    0000079c     Current.obj (.text)
                  003d87bb    000003f6     xil_interface_lib.obj (.text)
                  003d8bb1    0000039b     F2806x_DefaultIsr.obj (.text:retain)
                  003d8f4c    0000034b     Current_ca.lib : coder_assumptions_hwimpl.obj (.text)
                  003d9297    00000280     xil_interface.obj (.text)
                  003d9517    0000022c     coder_assumptions_app.obj (.text)
                  003d9743    000001a7     rtiostream_serial_c28x.obj (.text)
                  003d98ea    0000018a     F2806x_SysCtrl.obj (.text)
                  003d9a74    00000145     MW_c28xGPIO.obj (.text)
                  003d9bb9    0000011c     xil_instrumentation.obj (.text)
                  003d9cd5    000000cf     rts2800_fpu32.lib : e_fmodf.c.obj (.text)
                  003d9da4    000000c6     xil_data_stream.obj (.text)
                  003d9e6a    000000b6     rt_nonfinite.obj (.text)
                  003d9f20    00000083     xilcomms_rtiostream.obj (.text)
                  003d9fa3    0000007b     codeinstr_data_stream.obj (.text)
                  003da01e    00000076     F2806x_CpuTimers.obj (.text)
                  003da094    00000074     rtGetInf.obj (.text)
                  003da108    00000059     rtGetNaN.obj (.text)
                  003da161    00000059     rts2800_fpu32.lib : s_floorf.c.obj (.text)
                  003da1ba    00000058                       : s_ceilf.c.obj (.text)
                  003da212    00000058                       : s_scalbnf.c.obj (.text)
                  003da26a    00000056                       : boot28.asm.obj (.text)
                  003da2c0    00000054     coder_assumptions_data_stream.obj (.text)
                  003da314    00000053     xil_services.obj (.text)
                  003da367    00000052     rtiostream_utils.obj (.text)
                  003da3b9    0000004f     rts2800_fpu32_fast_supplement.lib : atan2_f32.obj (.text)
                  003da408    0000004a                                       : atan_f32.obj (.text)
                  003da452    00000035     MW_c28xx_board.obj (.text)
                  003da487    00000034     rts2800_fpu32_fast_supplement.lib : cos_f32.obj (.text)
                  003da4bb    00000034                                       : sin_f32.obj (.text)
                  003da4ef    00000032     pil_main.obj (.text)
                  003da521    00000029     rts2800_fpu32.lib : exit.c.obj (.text)
                  003da54a    00000028     F2806x_PieCtrl.obj (.text)
                  003da572    00000026     F2806x_PieVect.obj (.text)
                  003da598    00000024     rts2800_fpu32.lib : cpy_tbl.c.obj (.text)
                  003da5bc    00000022                       : i_div28.asm.obj (.text)
                  003da5de    00000021     rts2800_fpu32_fast_supplement.lib : sqrt_f32.obj (.text)
                  003da5ff    0000001e     rts2800_fpu32.lib : ll_cmp28.asm.obj (.text)
                  003da61d    0000001d                       : memcpy.c.obj (.text)
                  003da63a    0000001c     codeinstr_rtiostream.obj (.text)
                  003da656    0000001c     coder_assumptions_rtiostream.obj (.text)
                  003da672    0000001c     xil_rtiostream.obj (.text)
                  003da68e    00000019     rts2800_fpu32_fast_supplement.lib : div_f32.obj (.text)
                  003da6a7    00000015     Current_ca.lib : Current_ca.obj (.text)
                  003da6bc    00000012     rts2800_fpu32.lib : args_main.c.obj (.text)
                  003da6ce    00000011                       : s_copysignf.c.obj (.text)
                  003da6df    00000009                       : _lock.c.obj (.text)
                  003da6e8    00000008     F2806x_CodeStartBranch.obj (.text)
                  003da6f0    00000008     rts2800_fpu32.lib : strlen.c.obj (.text)
                  003da6f8    00000002                       : pre_init.c.obj (.text)
                  003da6fa    00000001                       : startup.c.obj (.text)

.switch    0    003daa14    00000070     
                  003daa14    00000054     xil_interface_lib.obj (.switch:_computeNextState)
                  003daa68    0000001c     xil_interface_lib.obj (.switch:_xilProcessMsg)

.bss       1    0000e000    00000000     UNINITIALIZED

.ebss      1    0000e000    0000046e     UNINITIALIZED
                  0000e000    00000128     Current_data.obj (.ebss)
                  0000e128    00000018     F2806x_CpuTimers.obj (.ebss)
                  0000e140    0000005c     Current.obj (.ebss)
                  0000e19c    00000024     codeinstr_rtiostream.obj (.ebss:_codeInstrWriteBuffer)
                  0000e1c0    0000004a     xil_instrumentation.obj (.ebss:_xsd_xil_capture_mode_avg)
                  0000e20a    00000024     xil_rtiostream.obj (.ebss:_xilWriteBuffer)
                  0000e22e    0000000e     xil_interface_lib.obj (.ebss)
                  0000e23c    00000004     Current_ca.lib : coder_assumptions_flt.obj (.ebss)
                  0000e240    0000004a     xil_instrumentation.obj (.ebss:_xsd_xil_capture_mode_calls)
                  0000e28a    00000020     coder_assumptions_rtiostream.obj (.ebss:_coderAssumpWriteBuffer)
                  0000e2aa    0000000c     xil_interface.obj (.ebss:_xil_fcnid0_init_y)
                  0000e2b6    0000000a     codeinstr_data_stream.obj (.ebss)
                  0000e2c0    0000004a     xil_instrumentation.obj (.ebss:_xsd_xil_capture_mode_max)
                  0000e30a    00000020     rtiostream_serial_c28x.obj (.ebss:_dstSerial)
                  0000e32a    0000000c     xil_interface.obj (.ebss:_xil_fcnid0_task1_output_u)
                  0000e336    0000000a     xil_data_stream.obj (.ebss)
                  0000e340    0000004a     xil_instrumentation.obj (.ebss:_xsd_xil_last_start_time)
                  0000e38a    00000020     rtiostream_serial_c28x.obj (.ebss:_srcSerial)
                  0000e3aa    0000000c     xil_interface.obj (.ebss:_xil_fcnid0_task2_y)
                  0000e3b6    00000008     xil_interface.obj (.ebss:_xil_fcnid0_task2_output_u)
                  0000e3be    00000002     rts2800_fpu32.lib : _lock.c.obj (.ebss:__lock)
                  0000e3c0    00000043     xilcomms_rtiostream.obj (.ebss:_xilCommsBuffer)
                  0000e403    00000001     MW_c28xGPIO.obj (.ebss)
                  0000e404    0000003c     Current_ca.lib : Current_ca.obj (.ebss)
                  0000e440    0000000c     rt_nonfinite.obj (.ebss)
                  0000e44c    00000006     coder_assumptions_data_stream.obj (.ebss)
                  0000e452    00000006     rts2800_fpu32.lib : exit.c.obj (.ebss)
                  0000e458    00000006     xil_instrumentation.obj (.ebss)
                  0000e45e    00000004     Current_ca.lib : coder_assumptions_hwimpl.obj (.ebss)
                  0000e462    00000004     xil_interface.obj (.ebss)
                  0000e466    00000002     rts2800_fpu32.lib : _lock.c.obj (.ebss:__unlock)
                  0000e468    00000002     rtiostream_serial_c28x.obj (.ebss)
                  0000e46a    00000001     MW_c28xGlobalInterrupts.obj (.ebss)
                  0000e46b    00000001     coder_assumptions_app.obj (.ebss)
                  0000e46c    00000001     rts2800_fpu32.lib : errno.c.obj (.ebss)
                  0000e46d    00000001     xilcomms_rtiostream.obj (.ebss)

.cinit     0    003da6fb    000001d3     
                  003da6fb    0000012a     Current_data.obj (.cinit)
                  003da825    0000001b     xil_interface_lib.obj (.cinit)
                  003da840    00000019     Current_ca.lib : Current_ca.obj (.cinit)
                  003da859    00000010     xil_interface.obj (.cinit)
                  003da869    0000000e     rts2800_fpu32.lib : exit.c.obj (.cinit)
                  003da877    0000000e     xil_instrumentation.obj (.cinit)
                  003da885    0000000a     Current_ca.lib : coder_assumptions_flt.obj (.cinit)
                  003da88f    00000009     xil_data_stream.obj (.cinit)
                  003da898    00000005     Current_ca.lib : coder_assumptions_hwimpl.obj (.cinit)
                  003da89d    00000005     rts2800_fpu32.lib : _lock.c.obj (.cinit:__lock)
                  003da8a2    00000005                       : _lock.c.obj (.cinit:__unlock)
                  003da8a7    00000005     xil_instrumentation.obj (.cinit:_xsd_xil_capture_mode_avg)
                  003da8ac    00000005     xil_instrumentation.obj (.cinit:_xsd_xil_capture_mode_calls)
                  003da8b1    00000005     xil_instrumentation.obj (.cinit:_xsd_xil_capture_mode_max)
                  003da8b6    00000005     xil_instrumentation.obj (.cinit:_xsd_xil_last_start_time)
                  003da8bb    00000005     rtiostream_serial_c28x.obj (.cinit)
                  003da8c0    00000004     MW_c28xGPIO.obj (.cinit)
                  003da8c4    00000004     MW_c28xGlobalInterrupts.obj (.cinit)
                  003da8c8    00000004     rts2800_fpu32.lib : errno.c.obj (.cinit)
                  003da8cc    00000002     --HOLE-- [fill = 0]

.pinit     0    003d8000    00000000     UNINITIALIZED

.econst    0    003da8ce    00000146     
                  003da8ce    00000100     F2806x_PieVect.obj (.econst:_PieVectTableInit)
                  003da9ce    0000001b     Current_ca.lib : Current_ca.obj (.econst:.string)
                  003da9e9    00000001     --HOLE-- [fill = 0]
                  003da9ea    00000016                    : Current_ca.obj (.econst:_CA_Current_ExpHW)
                  003daa00    00000006     rts2800_fpu32.lib : s_scalbnf.c.obj (.econst)
                  003daa06    00000004                       : e_fmodf.c.obj (.econst:_Zero)
                  003daa0a    00000002     Current.obj (.econst)
                  003daa0c    00000002     rtGetNaN.obj (.econst:_$P$T0$1)
                  003daa0e    00000002     rts2800_fpu32.lib : e_fmodf.c.obj (.econst)
                  003daa10    00000002                       : s_ceilf.c.obj (.econst)
                  003daa12    00000002                       : s_floorf.c.obj (.econst)

.reset     0    003fffc0    00000002     DSECT
                  003fffc0    00000002     rts2800_fpu32.lib : boot28.asm.obj (.reset)

.data      1    0000e000    00000000     UNINITIALIZED

.stack     1    00000002    00000400     UNINITIALIZED
                  00000002    00000400     --HOLE--

codestart 
*          0    003f7ff6    00000002     
                  003f7ff6    00000002     F2806x_CodeStartBranch.obj (codestart)

ramfuncs   0    003d8000    0000001f     RUN ADDR = 00008000
                  003d8000    0000001b     F2806x_SysCtrl.obj (ramfuncs)
                  003d801b    00000004     F2806x_usDelay.obj (ramfuncs)

FPUmathTables 
*          0    003fd590    000006a0     NOLOAD SECTION
                  003fd590    000006a0     rts2800_fpu32_fast_supplement.lib : FPUmathTables.obj (FPUmathTables)

MODULE SUMMARY

       Module                              code    initialized data   uninitialized data
       ------                              ----    ----------------   ------------------
    ..\instrumented\
       Current.obj                         1948    2                  92                
       Current_data.obj                    0       298                296               
       rt_nonfinite.obj                    182     0                  12                
       rtGetInf.obj                        116     0                  0                 
       rtGetNaN.obj                        89      2                  0                 
       MW_c28xx_board.obj                  53      0                  0                 
    +--+-----------------------------------+-------+------------------+--------------------+
       Total:                              2388    302                400               
                                                                                        
    <current directory>
       F2806x_GlobalVariableDefs.obj       0       0                  3550              
       xil_interface_lib.obj               1014    139                14                
       F2806x_DefaultIsr.obj               923     0                  0                 
       xil_interface.obj                   640     16                 48                
       xil_instrumentation.obj             284     34                 302               
       coder_assumptions_app.obj           556     0                  1                 
       rtiostream_serial_c28x.obj          423     5                  66                
       F2806x_SysCtrl.obj                  448     0                  0                 
       MW_c28xGPIO.obj                     325     4                  1                 
       F2806x_PieVect.obj                  38      256                0                 
       xil_data_stream.obj                 198     9                  10                
       xilcomms_rtiostream.obj             131     0                  68                
       F2806x_CpuTimers.obj                118     0                  24                
       codeinstr_data_stream.obj           123     0                  10                
       coder_assumptions_data_stream.obj   84      0                  6                 
       xil_services.obj                    83      0                  0                 
       rtiostream_utils.obj                82      0                  0                 
       codeinstr_rtiostream.obj            28      0                  36                
       xil_rtiostream.obj                  28      0                  36                
       coder_assumptions_rtiostream.obj    28      0                  32                
       pil_main.obj                        50      0                  0                 
       F2806x_PieCtrl.obj                  40      0                  0                 
       F2806x_CodeStartBranch.obj          10      0                  0                 
       F2806x_usDelay.obj                  8       0                  0                 
       MW_c28xGlobalInterrupts.obj         0       4                  1                 
    +--+-----------------------------------+-------+------------------+--------------------+
       Total:                              5662    467                4205              
                                                                                        
    C:/ProgramData/MATLAB/tic2000/3P.instrset/tic28xcodegentools.instrset/ti-cgt-c2000_22.6.0.LTS/lib/rts2800_fpu32.lib
       e_fmodf.c.obj                       207     6                  0                 
       s_scalbnf.c.obj                     88      6                  0                 
       s_floorf.c.obj                      89      2                  0                 
       s_ceilf.c.obj                       88      2                  0                 
       boot28.asm.obj                      86      0                  0                 
       exit.c.obj                          41      14                 6                 
       cpy_tbl.c.obj                       36      0                  0                 
       i_div28.asm.obj                     34      0                  0                 
       ll_cmp28.asm.obj                    30      0                  0                 
       memcpy.c.obj                        29      0                  0                 
       _lock.c.obj                         9       10                 4                 
       args_main.c.obj                     18      0                  0                 
       s_copysignf.c.obj                   17      0                  0                 
       strlen.c.obj                        8       0                  0                 
       errno.c.obj                         0       4                  1                 
       pre_init.c.obj                      2       0                  0                 
       startup.c.obj                       1       0                  0                 
    +--+-----------------------------------+-------+------------------+--------------------+
       Total:                              783     44                 11                
                                                                                        
    D:/TiC2000_Install/ControlSUITE/controlSUITE/libs/math/FPUfastRTS/V100/lib/rts2800_fpu32_fast_supplement.lib
       FPUmathTables.obj                   0       1696               0                 
       atan2_f32.obj                       79      0                  0                 
       atan_f32.obj                        74      0                  0                 
       cos_f32.obj                         52      0                  0                 
       sin_f32.obj                         52      0                  0                 
       sqrt_f32.obj                        33      0                  0                 
       div_f32.obj                         25      0                  0                 
    +--+-----------------------------------+-------+------------------+--------------------+
       Total:                              315     1696               0                 
                                                                                        
    E:/GiaotrinhDH/DATN/exampleSIL_PIL_MIL_HIL/SixStep_QEP/Current_ert_rtw/coderassumptions/lib/Current_ca.lib
       coder_assumptions_hwimpl.obj        843     5                  4                 
       Current_ca.obj                      21      74                 60                
       coder_assumptions_flt.obj           0       10                 4                 
    +--+-----------------------------------+-------+------------------+--------------------+
       Total:                              864     89                 68                
                                                                                        
       Stack:                              0       0                  1024              
    +--+-----------------------------------+-------+------------------+--------------------+
       Grand Total:                        10012   2598               5708              


GLOBAL DATA SYMBOLS: SORTED BY DATA PAGE

address     data page           name
--------    ----------------    ----
00000002       0 (00000000)     __stack

00000880      22 (00000880)     _DevEmuRegs

00000985      26 (00000980)     _SysPwrCtrlRegs

00000a80      2a (00000a80)     _FlashRegs

00000ae0      2b (00000ac0)     _CsmRegs

00000b00      2c (00000b00)     _AdcResult

00000c00      30 (00000c00)     _CpuTimer0Regs
00000c08      30 (00000c00)     _CpuTimer1Regs
00000c10      30 (00000c00)     _CpuTimer2Regs

00000ce0      33 (00000cc0)     _PieCtrlRegs

00000d00      34 (00000d00)     _EmuKey
00000d00      34 (00000d00)     _PieVectTable
00000d01      34 (00000d00)     _EmuBMode
00000d02      34 (00000d00)     _Flash_CallbackPtr
00000d04      34 (00000d00)     _Flash_CPUScaleFactor

00001000      40 (00001000)     _DmaRegs

00001400      50 (00001400)     _Cla1Regs

00004000     100 (00004000)     _Usb0Regs

00005000     140 (00005000)     _McbspaRegs

00006000     180 (00006000)     _ECanaRegs

00006040     181 (00006040)     _ECanaLAMRegs

00006080     182 (00006080)     _ECanaMOTSRegs

000060c0     183 (000060c0)     _ECanaMOTORegs

00006100     184 (00006100)     _ECanaMboxes

00006400     190 (00006400)     _Comp1Regs
00006420     190 (00006400)     _Comp2Regs

00006440     191 (00006440)     _Comp3Regs

00006800     1a0 (00006800)     _EPwm1Regs

00006840     1a1 (00006840)     _EPwm2Regs

00006880     1a2 (00006880)     _EPwm3Regs

000068c0     1a3 (000068c0)     _EPwm4Regs

00006900     1a4 (00006900)     _EPwm5Regs

00006940     1a5 (00006940)     _EPwm6Regs

00006980     1a6 (00006980)     _EPwm7Regs

000069c0     1a7 (000069c0)     _EPwm8Regs

00006a00     1a8 (00006a00)     _ECap1Regs
00006a20     1a8 (00006a00)     _ECap2Regs

00006a40     1a9 (00006a40)     _ECap3Regs

00006ac0     1ab (00006ac0)     _HRCap1Regs
00006ae0     1ab (00006ac0)     _HRCap2Regs

00006b00     1ac (00006b00)     _EQep1Regs

00006b40     1ad (00006b40)     _EQep2Regs

00006c80     1b2 (00006c80)     _HRCap3Regs
00006ca0     1b2 (00006c80)     _HRCap4Regs

00006f80     1be (00006f80)     _GpioCtrlRegs

00006fc0     1bf (00006fc0)     _GpioDataRegs
00006fe0     1bf (00006fc0)     _GpioIntRegs

00007010     1c0 (00007000)     _SysCtrlRegs

00007040     1c1 (00007040)     _SpiaRegs
00007050     1c1 (00007040)     _SciaRegs
00007060     1c1 (00007040)     _NmiIntruptRegs
00007070     1c1 (00007040)     _XIntruptRegs

00007100     1c4 (00007100)     _AdcRegs

00007740     1dd (00007740)     _SpibRegs
00007750     1dd (00007740)     _ScibRegs

00007900     1e4 (00007900)     _I2caRegs

0000e000     380 (0000e000)     _Current_P

0000e128     384 (0000e100)     _CpuTimer0
0000e130     384 (0000e100)     _CpuTimer1
0000e138     384 (0000e100)     _CpuTimer2

0000e140     385 (0000e140)     _Current_PrevZCX
0000e148     385 (0000e140)     _Current_U
0000e154     385 (0000e140)     _Current_Y
0000e162     385 (0000e140)     _Current_B

0000e180     386 (0000e180)     _Current_DW

0000e23c     388 (0000e200)     _realmin
0000e23e     388 (0000e200)     _denormalAsZero

0000e30a     38c (0000e300)     _dstSerial

0000e38a     38e (0000e380)     _srcSerial
0000e3be     38e (0000e380)     __lock

0000e403     390 (0000e400)     _GPIO_oneTimeInit
0000e404     390 (0000e400)     _CA_Current_PWSRes
0000e406     390 (0000e400)     _CA_Current_ActHW
0000e41c     390 (0000e400)     _CA_Current_HWRes

0000e440     391 (0000e440)     _rtInf
0000e442     391 (0000e440)     _rtMinusInf
0000e444     391 (0000e440)     _rtNaN
0000e446     391 (0000e440)     _rtInfF
0000e448     391 (0000e440)     _rtMinusInfF
0000e44a     391 (0000e440)     _rtNaNF
0000e452     391 (0000e440)     ___TI_enable_exit_profile_output
0000e454     391 (0000e440)     ___TI_cleanup_ptr
0000e456     391 (0000e440)     ___TI_dtors_ptr
0000e45e     391 (0000e440)     _aGlobalInt
0000e466     391 (0000e440)     __unlock
0000e468     391 (0000e440)     _MW_SCI_PTR
0000e46a     391 (0000e440)     _MW_InterruptDisableLock
0000e46c     391 (0000e440)     _errno

003d7e80    f5fa (003d7e80)     _PartIdRegs

003da8ce    f6a3 (003da8c0)     _PieVectTableInit

003da9ea    f6a7 (003da9c0)     _CA_Current_ExpHW

003daa0a    f6a8 (003daa00)     _Current_M

003f7ff8    fdff (003f7fc0)     _CsmPwl

003fd590    ff56 (003fd580)     _FPUsinTable

003fd690    ff5a (003fd680)     _FPUcosTable

003fd990    ff66 (003fd980)     _FPUsinTableEnd

003fda92    ff6a (003fda80)     _FPUatan2HalfPITable
003fda92    ff6a (003fda80)     _FPUcosTableEnd
003fda96    ff6a (003fda80)     _FPUatan2Table

003fdc1c    ff70 (003fdc00)     _FPUatan2TableEnd


GLOBAL SYMBOLS: SORTED ALPHABETICALLY BY Name 

page  address   name                                 
----  -------   ----                                 
1     0000e000  .bss                                 
1     0000e000  .data                                
0     003d801f  .text                                
0     003da521  C$$EXIT                              
0     003da68e  FS$$DIV                              
0     003da5bc  I$$DIV                               
0     003da5cd  I$$MOD                               
0     003da5ff  LL$$CMP                              
0     003da611  ULL$$CMP                             
0     003d8c6f  _ADCINT1_ISR                         
0     003d8c79  _ADCINT2_ISR                         
0     003d8e81  _ADCINT3_ISR                         
0     003d8e8b  _ADCINT4_ISR                         
0     003d8e95  _ADCINT5_ISR                         
0     003d8e9f  _ADCINT6_ISR                         
0     003d8ea9  _ADCINT7_ISR                         
0     003d8eb3  _ADCINT8_ISR                         
0     003d8c97  _ADCINT9_ISR                         
1     00007100  _AdcRegs                             
1     00000b00  _AdcResult                           
1     0000e406  _CA_Current_ActHW                    
0     003da9ea  _CA_Current_ExpHW                    
1     0000e41c  _CA_Current_HWRes                    
1     0000e404  _CA_Current_PWSRes                   
0     003d8ebd  _CLA1_INT1_ISR                       
0     003d8ec7  _CLA1_INT2_ISR                       
0     003d8ed1  _CLA1_INT3_ISR                       
0     003d8edb  _CLA1_INT4_ISR                       
0     003d8ee5  _CLA1_INT5_ISR                       
0     003d8eef  _CLA1_INT6_ISR                       
0     003d8ef9  _CLA1_INT7_ISR                       
0     003d8f03  _CLA1_INT8_ISR                       
1     00001400  _Cla1Regs                            
1     00006400  _Comp1Regs                           
1     00006420  _Comp2Regs                           
1     00006440  _Comp3Regs                           
0     003da059  _ConfigCpuTimer                      
1     0000e128  _CpuTimer0                           
1     00000c00  _CpuTimer0Regs                       
1     0000e130  _CpuTimer1                           
1     00000c08  _CpuTimer1Regs                       
1     0000e138  _CpuTimer2                           
1     00000c10  _CpuTimer2Regs                       
1     003f7ff8  _CsmPwl                              
1     00000ae0  _CsmRegs                             
0     003d99ee  _CsmUnlock                           
1     0000e162  _Current_B                           
1     0000e180  _Current_DW                          
0     003d8040  _Current_EnabledSubsystem            
0     003d8084  _Current_HallValueof1                
0     003d809a  _Current_IfActionSubsystem           
0     003d808d  _Current_IfActionSubsystem6          
0     003daa0a  _Current_M                           
1     0000e000  _Current_P                           
1     0000e140  _Current_PrevZCX                     
0     003d801f  _Current_SetEventsForThisBaseStep    
1     0000e148  _Current_U                           
1     0000e154  _Current_Y                           
0     003da6a7  _Current_caRunTests                  
0     003d8718  _Current_initialize                  
0     003d8049  _Current_positive                    
0     003d80a7  _Current_step0                       
0     003d80d1  _Current_step1                       
0     003d87ba  _Current_terminate                   
0     003d8bc5  _DATALOG_ISR                         
0     003d8df5  _DINTCH1_ISR                         
0     003d8dff  _DINTCH2_ISR                         
0     003d8e09  _DINTCH3_ISR                         
0     003d8e13  _DINTCH4_ISR                         
0     003d8e1d  _DINTCH5_ISR                         
0     003d8e27  _DINTCH6_ISR                         
0     0000801b  _DSP28x_usDelay                      
1     00000880  _DevEmuRegs                          
0     003d990e  _DisableDog                          
1     00001000  _DmaRegs                             
0     003d8e6d  _ECAN0INTA_ISR                       
0     003d8e77  _ECAN1INTA_ISR                       
0     003d8d55  _ECAP1_INT_ISR                       
0     003d8d5f  _ECAP2_INT_ISR                       
0     003d8d69  _ECAP3_INT_ISR                       
1     00006040  _ECanaLAMRegs                        
1     000060c0  _ECanaMOTORegs                       
1     00006080  _ECanaMOTSRegs                       
1     00006100  _ECanaMboxes                         
1     00006000  _ECanaRegs                           
1     00006a00  _ECap1Regs                           
1     00006a20  _ECap2Regs                           
1     00006a40  _ECap3Regs                           
0     003d8f2b  _EMPTY_ISR                           
0     003d8bd9  _EMUINT_ISR                          
0     003d8d05  _EPWM1_INT_ISR                       
0     003d8cb5  _EPWM1_TZINT_ISR                     
0     003d8d0f  _EPWM2_INT_ISR                       
0     003d8cbf  _EPWM2_TZINT_ISR                     
0     003d8d19  _EPWM3_INT_ISR                       
0     003d8cc9  _EPWM3_TZINT_ISR                     
0     003d8d23  _EPWM4_INT_ISR                       
0     003d8cd3  _EPWM4_TZINT_ISR                     
0     003d8d2d  _EPWM5_INT_ISR                       
0     003d8cdd  _EPWM5_TZINT_ISR                     
0     003d8d37  _EPWM6_INT_ISR                       
0     003d8ce7  _EPWM6_TZINT_ISR                     
0     003d8d41  _EPWM7_INT_ISR                       
0     003d8cf1  _EPWM7_TZINT_ISR                     
0     003d8d4b  _EPWM8_INT_ISR                       
0     003d8cfb  _EPWM8_TZINT_ISR                     
1     00006800  _EPwm1Regs                           
1     00006840  _EPwm2Regs                           
1     00006880  _EPwm3Regs                           
1     000068c0  _EPwm4Regs                           
1     00006900  _EPwm5Regs                           
1     00006940  _EPwm6Regs                           
1     00006980  _EPwm7Regs                           
1     000069c0  _EPwm8Regs                           
0     003d8d87  _EQEP1_INT_ISR                       
0     003d8d91  _EQEP2_INT_ISR                       
1     00006b00  _EQep1Regs                           
1     00006b40  _EQep2Regs                           
1     00000d01  _EmuBMode                            
1     00000d00  _EmuKey                              
0     003da569  _EnableInterrupts                    
0     003d9a5e  _ExtOscSel                           
0     003fda92  _FPUatan2HalfPITable                 
0     003fda96  _FPUatan2Table                       
0     003fdc1c  _FPUatan2TableEnd                    
0     003fd690  _FPUcosTable                         
0     003fda92  _FPUcosTableEnd                      
0     003fd590  _FPUsinTable                         
0     003fd990  _FPUsinTableEnd                      
1     00000a80  _FlashRegs                           
1     00000d04  _Flash_CPUScaleFactor                
1     00000d02  _Flash_CallbackPtr                   
0     003d9b5f  _GPIO_ReadPin                        
0     003d9aac  _GPIO_SetupPinMux                    
0     003d9aea  _GPIO_SetupPinOptions                
0     003d9b94  _GPIO_TogglePin                      
0     003d9b76  _GPIO_WritePin                       
1     0000e403  _GPIO_oneTimeInit                    
1     00006f80  _GpioCtrlRegs                        
1     00006fc0  _GpioDataRegs                        
1     00006fe0  _GpioIntRegs                         
0     003d8d73  _HRCAP1_INT_ISR                      
0     003d8d7d  _HRCAP2_INT_ISR                      
0     003d8d9b  _HRCAP3_INT_ISR                      
0     003d8da5  _HRCAP4_INT_ISR                      
1     00006ac0  _HRCap1Regs                          
1     00006ae0  _HRCap2Regs                          
1     00006c80  _HRCap3Regs                          
1     00006ca0  _HRCap4Regs                          
0     003d8e31  _I2CINT1A_ISR                        
0     003d8e3b  _I2CINT2A_ISR                        
1     00007900  _I2caRegs                            
0     003d8bed  _ILLEGAL_ISR                         
0     003d8bb1  _INT13_ISR                           
0     003d8bbb  _INT14_ISR                           
0     003da01e  _InitCpuTimers                       
0     003d9ccc  _InitEvent                           
0     00008000  _InitFlash                           
0     003d9a7f  _InitGpio                            
0     003d9998  _InitPeripheralClocks                
0     003da54a  _InitPieCtrl                         
0     003da572  _InitPieVectTable                    
0     003d9916  _InitPll                             
0     003d996a  _InitPll2                            
0     003d98ea  _InitSysCtrl                         
0     003d9a1f  _IntOsc1Sel                          
0     003d9a2f  _IntOsc2Sel                          
0     003d8f21  _LUF_ISR                             
0     003d8f17  _LVF_ISR                             
0     003d8de1  _MRINTA_ISR                          
1     0000e46a  _MW_InterruptDisableLock             
1     0000e468  _MW_SCI_PTR                          
0     003d8deb  _MXINTA_ISR                          
1     00005000  _McbspaRegs                          
0     003d8be3  _NMI_ISR                             
1     00007060  _NmiIntruptRegs                      
0     003d9a74  _OneTimeGpioInit                     
0     003d8f38  _PIE_RESERVED                        
1     003d7e80  _PartIdRegs                          
0     003d9ccf  _PauseEvent                          
1     00000ce0  _PieCtrlRegs                         
1     00000d00  _PieVectTable                        
0     003da8ce  _PieVectTableInit                    
0     003d8bcf  _RTOSINT_ISR                         
0     003d801f  _RamfuncsLoadEnd                     
0     003d8000  _RamfuncsLoadStart                   
0     00008000  _RamfuncsRunStart                    
0     003d8e45  _SCIRXINTA_ISR                       
0     003d8e59  _SCIRXINTB_ISR                       
0     003d8e4f  _SCITXINTA_ISR                       
0     003d8e63  _SCITXINTB_ISR                       
0     003d8db9  _SPIRXINTA_ISR                       
0     003d8dcd  _SPIRXINTB_ISR                       
0     003d8dc3  _SPITXINTA_ISR                       
0     003d8dd7  _SPITXINTB_ISR                       
1     00007050  _SciaRegs                            
1     00007750  _ScibRegs                            
0     003d9904  _ServiceDog                          
0     003d9bab  _Set_GPIOPin                         
1     00007040  _SpiaRegs                            
1     00007740  _SpibRegs                            
0     003d9cd4  _StepCompletedEvent                  
1     00007010  _SysCtrlRegs                         
1     00000985  _SysPwrCtrlRegs                      
0     003d8ca1  _TINT0_ISR                           
0     003d9cd0  _TerminateEvent                      
0     003d8daf  _USB0_INT_ISR                        
0     003d8c51  _USER10_ISR                          
0     003d8c5b  _USER11_ISR                          
0     003d8c65  _USER12_ISR                          
0     003d8bf7  _USER1_ISR                           
0     003d8c01  _USER2_ISR                           
0     003d8c0b  _USER3_ISR                           
0     003d8c15  _USER4_ISR                           
0     003d8c1f  _USER5_ISR                           
0     003d8c29  _USER6_ISR                           
0     003d8c33  _USER7_ISR                           
0     003d8c3d  _USER8_ISR                           
0     003d8c47  _USER9_ISR                           
1     00004000  _Usb0Regs                            
0     003d8cab  _WAKEINT_ISR                         
0     003d8c83  _XINT1_ISR                           
0     003d8c8d  _XINT2_ISR                           
0     003d8f0d  _XINT3_ISR                           
1     00007070  _XIntruptRegs                        
0     003d9a43  _XtalOscSel                          
1     00000402  __STACK_END                          
abs   00000400  __STACK_SIZE                         
1     0000e454  ___TI_cleanup_ptr                    
1     0000e456  ___TI_dtors_ptr                      
1     0000e452  ___TI_enable_exit_profile_output     
abs   ffffffff  ___TI_pprof_out_hndl                 
abs   ffffffff  ___TI_prof_data_size                 
abs   ffffffff  ___TI_prof_data_start                
abs   ffffffff  ___binit__                           
1     0000e000  ___bss__                             
abs   ffffffff  ___c_args__                          
0     003da6fb  ___cinit__                           
1     0000e000  ___data__                            
1     0000e000  ___edata__                           
1     0000e000  ___end__                             
0     003da6fb  ___etext__                           
abs   ffffffff  ___pinit__                           
0     003d801f  ___text__                            
0     003da6bc  __args_main                          
1     0000e3be  __lock                               
0     003da6e7  __nop                                
0     003da6e3  __register_lock                      
0     003da6df  __register_unlock                    
1     00000002  __stack                              
0     003da6fa  __system_post_cinit                  
0     003da6f8  __system_pre_init                    
1     0000e466  __unlock                             
1     0000e45e  _aGlobalInt                          
0     003da521  _abort                               
0     003da408  _atan                                
0     003da3b9  _atan2                               
0     003d98b3  _byteswap_L8cmp_PIL                  
0     003d9881  _byteswap_L8exp_PIL                  
0     003da26a  _c_int00                             
0     003d90ef  _caVerifyHWImpl                      
0     003d90d3  _caVerifyPortableWordSizes           
0     003d9bf2  _captureMode                         
0     003d9c39  _captureModeEnd                      
0     003d9c0a  _captureModeInitLocalData            
0     003d9c1b  _captureModeStart                    
0     003d9cc5  _captureMode_Current                 
0     003da1ba  _ceil                                
0     003da1ba  _ceilf                               
0     003da011  _codeInstrDataFlush                  
0     003d9fbd  _codeInstrInit                       
0     003d9fc6  _codeInstrTerminate                  
0     003da63d  _codeInstrTgtAppSvcAllocBuffer       
0     003da63a  _codeInstrTgtAppSvcCreate            
0     003da63c  _codeInstrTgtAppSvcDestroy           
0     003da647  _codeInstrTgtAppSvcGetBufferDataPtr  
0     003da64d  _codeInstrTgtAppSvcSend              
0     003d9fdc  _codeInstrWriteData                  
0     003da659  _coderAssumpTgtAppSvcAllocBuffer     
0     003da656  _coderAssumpTgtAppSvcCreate          
0     003da658  _coderAssumpTgtAppSvcDestroy         
0     003da663  _coderAssumpTgtAppSvcGetBufferDataPtr
0     003da669  _coderAssumpTgtAppSvcSend            
0     003da308  _coderAssumptionsInit                
0     003d973b  _coderAssumptionsRun                 
0     003da2f6  _coderAssumptionsSendWriteBuffer     
0     003da311  _coderAssumptionsTerminate           
0     003da2c0  _coderAssumptionsWriteData           
0     003d9f3b  _commsEnqueueBuffer                  
0     003d9f20  _commsInit                           
0     003d9f30  _commsTerminate                      
0     003da598  _copy_in                             
0     003da6ce  _copysign                            
0     003da6ce  _copysignf                           
0     003da487  _cos                                 
1     0000e23e  _denormalAsZero                      
1     0000e30a  _dstSerial                           
1     0000e46c  _errno                               
0     003da523  _exit                                
0     003da161  _floor                               
0     003da161  _floorf                              
0     003d9cd5  _fmod                                
0     003d9cd5  _fmodf                               
0     003d97ce  _init_SCI_PIL                        
0     003da452  _init_board                          
0     003da212  _ldexp                               
0     003da212  _ldexpf                              
0     003da4ef  _main                                
0     003da61d  _memcpy                              
0     003d9ca0  _profileEnd                          
0     003d9cb2  _profileEnd_Current_control          
0     003d98e6  _profileReadTimer                    
0     003d9c95  _profileStart                        
0     003d9cab  _profileStart_Current_control        
1     0000e23c  _realmin                             
0     003da2e2  _resetCoderAssumptionsWriteBuffer    
0     003d9da4  _resetXILWriteBuffer                 
0     003d8f42  _rsvd_ISR                            
0     003da094  _rtGetInf                            
0     003da0c5  _rtGetInfF                           
0     003da0ce  _rtGetMinusInf                       
0     003da0ff  _rtGetMinusInfF                      
0     003da108  _rtGetNaN                            
0     003da13b  _rtGetNaNF                           
0     003da390  _rtIOStreamBlockingRecv              
0     003da367  _rtIOStreamBlockingSend              
0     003d9776  _rtIOStreamClose                     
0     003d9743  _rtIOStreamOpen                      
0     003d979c  _rtIOStreamRecv                      
0     003d977c  _rtIOStreamSend                      
1     0000e440  _rtInf                               
1     0000e446  _rtInfF                              
0     003d9e92  _rtIsInf                             
0     003d9eaa  _rtIsInfF                            
0     003d9ec2  _rtIsNaN                             
0     003d9f09  _rtIsNaNF                            
1     0000e442  _rtMinusInf                          
1     0000e448  _rtMinusInfF                         
1     0000e444  _rtNaN                               
1     0000e44a  _rtNaNF                              
0     003d9e6a  _rt_InitInfAndNaN                    
0     003d9f6d  _rtiostreamReadMessage               
0     003da212  _scalbn                              
0     003da212  _scalbnf                             
0     003d9821  _sci_rcv                             
0     003d9862  _sci_xmit                            
0     003d9dc0  _silpilInit                          
0     003d9e67  _silpilTerminate                     
0     003da4bb  _sin                                 
0     003da5de  _sqrt                                
1     0000e38a  _srcSerial                           
0     003da6f0  _strlen                              
0     003d9be9  _taskTimeEnd                         
0     003d9cbf  _taskTimeEnd_Current                 
0     003d9be1  _taskTimeStart                       
0     003d9cb9  _taskTimeStart_Current               
0     003d8b58  _xilCommandDispatchAndResponse       
0     003d9e4f  _xilDataFlush                        
0     003d950e  _xilDisable                          
0     003d9505  _xilEnable                           
0     003da33c  _xilExceptionHandler                 
0     003d8ba8  _xilGetCurrentProcessMsgContext      
0     003d92bf  _xilGetDataTypeInfo                  
0     003d9320  _xilGetHostToTargetData              
0     003d9407  _xilGetTargetToHostData              
0     003d93c5  _xilGetTargetToHostPreData           
0     003da314  _xilInit                             
0     003d9503  _xilInitTargetData                   
0     003d92ea  _xilInitialize                       
0     003d93d7  _xilOutput                           
0     003d92ff  _xilPause                            
0     003d898d  _xilProcessMsg                       
0     003d9297  _xilProcessParams                    
0     003d9bd3  _xilProfilingTimerFreeze             
0     003d9bc3  _xilProfilingTimerFreezeInternal     
0     003d9bda  _xilProfilingTimerUnFreeze           
0     003d9bcd  _xilProfilingTimerUnFreezeInternal   
0     003d9e11  _xilReadData                         
0     003d8b44  _xilRun                              
0     003d930c  _xilSystemInitialize                 
0     003d9316  _xilSystemReset                      
0     003d94f0  _xilTerminate                        
0     003da332  _xilTerminateComms                   
0     003da675  _xilTgtAppSvcAllocBuffer             
0     003da672  _xilTgtAppSvcCreate                  
0     003da674  _xilTgtAppSvcDestroy                 
0     003da67f  _xilTgtAppSvcGetBufferDataPtr        
0     003da685  _xilTgtAppSvcSend                    
0     003d93fe  _xilUpdate                           
0     003d92a0  _xilUploadCodeInstrData              
0     003d9bb9  _xilUploadProfilingData              
0     003d9ddc  _xilWriteData                        
abs   ffffffff  binit                                
0     003da6fb  cinit                                
0     003f7ff6  code_start                           
1     0000e000  edata                                
1     0000e000  end                                  
0     003da6fb  etext                                
abs   ffffffff  pinit                                


GLOBAL SYMBOLS: SORTED BY Symbol Address 

page  address   name                                 
----  -------   ----                                 
0     00008000  _InitFlash                           
0     00008000  _RamfuncsRunStart                    
0     0000801b  _DSP28x_usDelay                      
0     003d8000  _RamfuncsLoadStart                   
0     003d801f  .text                                
0     003d801f  _Current_SetEventsForThisBaseStep    
0     003d801f  _RamfuncsLoadEnd                     
0     003d801f  ___text__                            
0     003d8040  _Current_EnabledSubsystem            
0     003d8049  _Current_positive                    
0     003d8084  _Current_HallValueof1                
0     003d808d  _Current_IfActionSubsystem6          
0     003d809a  _Current_IfActionSubsystem           
0     003d80a7  _Current_step0                       
0     003d80d1  _Current_step1                       
0     003d8718  _Current_initialize                  
0     003d87ba  _Current_terminate                   
0     003d898d  _xilProcessMsg                       
0     003d8b44  _xilRun                              
0     003d8b58  _xilCommandDispatchAndResponse       
0     003d8ba8  _xilGetCurrentProcessMsgContext      
0     003d8bb1  _INT13_ISR                           
0     003d8bbb  _INT14_ISR                           
0     003d8bc5  _DATALOG_ISR                         
0     003d8bcf  _RTOSINT_ISR                         
0     003d8bd9  _EMUINT_ISR                          
0     003d8be3  _NMI_ISR                             
0     003d8bed  _ILLEGAL_ISR                         
0     003d8bf7  _USER1_ISR                           
0     003d8c01  _USER2_ISR                           
0     003d8c0b  _USER3_ISR                           
0     003d8c15  _USER4_ISR                           
0     003d8c1f  _USER5_ISR                           
0     003d8c29  _USER6_ISR                           
0     003d8c33  _USER7_ISR                           
0     003d8c3d  _USER8_ISR                           
0     003d8c47  _USER9_ISR                           
0     003d8c51  _USER10_ISR                          
0     003d8c5b  _USER11_ISR                          
0     003d8c65  _USER12_ISR                          
0     003d8c6f  _ADCINT1_ISR                         
0     003d8c79  _ADCINT2_ISR                         
0     003d8c83  _XINT1_ISR                           
0     003d8c8d  _XINT2_ISR                           
0     003d8c97  _ADCINT9_ISR                         
0     003d8ca1  _TINT0_ISR                           
0     003d8cab  _WAKEINT_ISR                         
0     003d8cb5  _EPWM1_TZINT_ISR                     
0     003d8cbf  _EPWM2_TZINT_ISR                     
0     003d8cc9  _EPWM3_TZINT_ISR                     
0     003d8cd3  _EPWM4_TZINT_ISR                     
0     003d8cdd  _EPWM5_TZINT_ISR                     
0     003d8ce7  _EPWM6_TZINT_ISR                     
0     003d8cf1  _EPWM7_TZINT_ISR                     
0     003d8cfb  _EPWM8_TZINT_ISR                     
0     003d8d05  _EPWM1_INT_ISR                       
0     003d8d0f  _EPWM2_INT_ISR                       
0     003d8d19  _EPWM3_INT_ISR                       
0     003d8d23  _EPWM4_INT_ISR                       
0     003d8d2d  _EPWM5_INT_ISR                       
0     003d8d37  _EPWM6_INT_ISR                       
0     003d8d41  _EPWM7_INT_ISR                       
0     003d8d4b  _EPWM8_INT_ISR                       
0     003d8d55  _ECAP1_INT_ISR                       
0     003d8d5f  _ECAP2_INT_ISR                       
0     003d8d69  _ECAP3_INT_ISR                       
0     003d8d73  _HRCAP1_INT_ISR                      
0     003d8d7d  _HRCAP2_INT_ISR                      
0     003d8d87  _EQEP1_INT_ISR                       
0     003d8d91  _EQEP2_INT_ISR                       
0     003d8d9b  _HRCAP3_INT_ISR                      
0     003d8da5  _HRCAP4_INT_ISR                      
0     003d8daf  _USB0_INT_ISR                        
0     003d8db9  _SPIRXINTA_ISR                       
0     003d8dc3  _SPITXINTA_ISR                       
0     003d8dcd  _SPIRXINTB_ISR                       
0     003d8dd7  _SPITXINTB_ISR                       
0     003d8de1  _MRINTA_ISR                          
0     003d8deb  _MXINTA_ISR                          
0     003d8df5  _DINTCH1_ISR                         
0     003d8dff  _DINTCH2_ISR                         
0     003d8e09  _DINTCH3_ISR                         
0     003d8e13  _DINTCH4_ISR                         
0     003d8e1d  _DINTCH5_ISR                         
0     003d8e27  _DINTCH6_ISR                         
0     003d8e31  _I2CINT1A_ISR                        
0     003d8e3b  _I2CINT2A_ISR                        
0     003d8e45  _SCIRXINTA_ISR                       
0     003d8e4f  _SCITXINTA_ISR                       
0     003d8e59  _SCIRXINTB_ISR                       
0     003d8e63  _SCITXINTB_ISR                       
0     003d8e6d  _ECAN0INTA_ISR                       
0     003d8e77  _ECAN1INTA_ISR                       
0     003d8e81  _ADCINT3_ISR                         
0     003d8e8b  _ADCINT4_ISR                         
0     003d8e95  _ADCINT5_ISR                         
0     003d8e9f  _ADCINT6_ISR                         
0     003d8ea9  _ADCINT7_ISR                         
0     003d8eb3  _ADCINT8_ISR                         
0     003d8ebd  _CLA1_INT1_ISR                       
0     003d8ec7  _CLA1_INT2_ISR                       
0     003d8ed1  _CLA1_INT3_ISR                       
0     003d8edb  _CLA1_INT4_ISR                       
0     003d8ee5  _CLA1_INT5_ISR                       
0     003d8eef  _CLA1_INT6_ISR                       
0     003d8ef9  _CLA1_INT7_ISR                       
0     003d8f03  _CLA1_INT8_ISR                       
0     003d8f0d  _XINT3_ISR                           
0     003d8f17  _LVF_ISR                             
0     003d8f21  _LUF_ISR                             
0     003d8f2b  _EMPTY_ISR                           
0     003d8f38  _PIE_RESERVED                        
0     003d8f42  _rsvd_ISR                            
0     003d90d3  _caVerifyPortableWordSizes           
0     003d90ef  _caVerifyHWImpl                      
0     003d9297  _xilProcessParams                    
0     003d92a0  _xilUploadCodeInstrData              
0     003d92bf  _xilGetDataTypeInfo                  
0     003d92ea  _xilInitialize                       
0     003d92ff  _xilPause                            
0     003d930c  _xilSystemInitialize                 
0     003d9316  _xilSystemReset                      
0     003d9320  _xilGetHostToTargetData              
0     003d93c5  _xilGetTargetToHostPreData           
0     003d93d7  _xilOutput                           
0     003d93fe  _xilUpdate                           
0     003d9407  _xilGetTargetToHostData              
0     003d94f0  _xilTerminate                        
0     003d9503  _xilInitTargetData                   
0     003d9505  _xilEnable                           
0     003d950e  _xilDisable                          
0     003d973b  _coderAssumptionsRun                 
0     003d9743  _rtIOStreamOpen                      
0     003d9776  _rtIOStreamClose                     
0     003d977c  _rtIOStreamSend                      
0     003d979c  _rtIOStreamRecv                      
0     003d97ce  _init_SCI_PIL                        
0     003d9821  _sci_rcv                             
0     003d9862  _sci_xmit                            
0     003d9881  _byteswap_L8exp_PIL                  
0     003d98b3  _byteswap_L8cmp_PIL                  
0     003d98e6  _profileReadTimer                    
0     003d98ea  _InitSysCtrl                         
0     003d9904  _ServiceDog                          
0     003d990e  _DisableDog                          
0     003d9916  _InitPll                             
0     003d996a  _InitPll2                            
0     003d9998  _InitPeripheralClocks                
0     003d99ee  _CsmUnlock                           
0     003d9a1f  _IntOsc1Sel                          
0     003d9a2f  _IntOsc2Sel                          
0     003d9a43  _XtalOscSel                          
0     003d9a5e  _ExtOscSel                           
0     003d9a74  _OneTimeGpioInit                     
0     003d9a7f  _InitGpio                            
0     003d9aac  _GPIO_SetupPinMux                    
0     003d9aea  _GPIO_SetupPinOptions                
0     003d9b5f  _GPIO_ReadPin                        
0     003d9b76  _GPIO_WritePin                       
0     003d9b94  _GPIO_TogglePin                      
0     003d9bab  _Set_GPIOPin                         
0     003d9bb9  _xilUploadProfilingData              
0     003d9bc3  _xilProfilingTimerFreezeInternal     
0     003d9bcd  _xilProfilingTimerUnFreezeInternal   
0     003d9bd3  _xilProfilingTimerFreeze             
0     003d9bda  _xilProfilingTimerUnFreeze           
0     003d9be1  _taskTimeStart                       
0     003d9be9  _taskTimeEnd                         
0     003d9bf2  _captureMode                         
0     003d9c0a  _captureModeInitLocalData            
0     003d9c1b  _captureModeStart                    
0     003d9c39  _captureModeEnd                      
0     003d9c95  _profileStart                        
0     003d9ca0  _profileEnd                          
0     003d9cab  _profileStart_Current_control        
0     003d9cb2  _profileEnd_Current_control          
0     003d9cb9  _taskTimeStart_Current               
0     003d9cbf  _taskTimeEnd_Current                 
0     003d9cc5  _captureMode_Current                 
0     003d9ccc  _InitEvent                           
0     003d9ccf  _PauseEvent                          
0     003d9cd0  _TerminateEvent                      
0     003d9cd4  _StepCompletedEvent                  
0     003d9cd5  _fmod                                
0     003d9cd5  _fmodf                               
0     003d9da4  _resetXILWriteBuffer                 
0     003d9dc0  _silpilInit                          
0     003d9ddc  _xilWriteData                        
0     003d9e11  _xilReadData                         
0     003d9e4f  _xilDataFlush                        
0     003d9e67  _silpilTerminate                     
0     003d9e6a  _rt_InitInfAndNaN                    
0     003d9e92  _rtIsInf                             
0     003d9eaa  _rtIsInfF                            
0     003d9ec2  _rtIsNaN                             
0     003d9f09  _rtIsNaNF                            
0     003d9f20  _commsInit                           
0     003d9f30  _commsTerminate                      
0     003d9f3b  _commsEnqueueBuffer                  
0     003d9f6d  _rtiostreamReadMessage               
0     003d9fbd  _codeInstrInit                       
0     003d9fc6  _codeInstrTerminate                  
0     003d9fdc  _codeInstrWriteData                  
0     003da011  _codeInstrDataFlush                  
0     003da01e  _InitCpuTimers                       
0     003da059  _ConfigCpuTimer                      
0     003da094  _rtGetInf                            
0     003da0c5  _rtGetInfF                           
0     003da0ce  _rtGetMinusInf                       
0     003da0ff  _rtGetMinusInfF                      
0     003da108  _rtGetNaN                            
0     003da13b  _rtGetNaNF                           
0     003da161  _floor                               
0     003da161  _floorf                              
0     003da1ba  _ceil                                
0     003da1ba  _ceilf                               
0     003da212  _ldexp                               
0     003da212  _ldexpf                              
0     003da212  _scalbn                              
0     003da212  _scalbnf                             
0     003da26a  _c_int00                             
0     003da2c0  _coderAssumptionsWriteData           
0     003da2e2  _resetCoderAssumptionsWriteBuffer    
0     003da2f6  _coderAssumptionsSendWriteBuffer     
0     003da308  _coderAssumptionsInit                
0     003da311  _coderAssumptionsTerminate           
0     003da314  _xilInit                             
0     003da332  _xilTerminateComms                   
0     003da33c  _xilExceptionHandler                 
0     003da367  _rtIOStreamBlockingSend              
0     003da390  _rtIOStreamBlockingRecv              
0     003da3b9  _atan2                               
0     003da408  _atan                                
0     003da452  _init_board                          
0     003da487  _cos                                 
0     003da4bb  _sin                                 
0     003da4ef  _main                                
0     003da521  C$$EXIT                              
0     003da521  _abort                               
0     003da523  _exit                                
0     003da54a  _InitPieCtrl                         
0     003da569  _EnableInterrupts                    
0     003da572  _InitPieVectTable                    
0     003da598  _copy_in                             
0     003da5bc  I$$DIV                               
0     003da5cd  I$$MOD                               
0     003da5de  _sqrt                                
0     003da5ff  LL$$CMP                              
0     003da611  ULL$$CMP                             
0     003da61d  _memcpy                              
0     003da63a  _codeInstrTgtAppSvcCreate            
0     003da63c  _codeInstrTgtAppSvcDestroy           
0     003da63d  _codeInstrTgtAppSvcAllocBuffer       
0     003da647  _codeInstrTgtAppSvcGetBufferDataPtr  
0     003da64d  _codeInstrTgtAppSvcSend              
0     003da656  _coderAssumpTgtAppSvcCreate          
0     003da658  _coderAssumpTgtAppSvcDestroy         
0     003da659  _coderAssumpTgtAppSvcAllocBuffer     
0     003da663  _coderAssumpTgtAppSvcGetBufferDataPtr
0     003da669  _coderAssumpTgtAppSvcSend            
0     003da672  _xilTgtAppSvcCreate                  
0     003da674  _xilTgtAppSvcDestroy                 
0     003da675  _xilTgtAppSvcAllocBuffer             
0     003da67f  _xilTgtAppSvcGetBufferDataPtr        
0     003da685  _xilTgtAppSvcSend                    
0     003da68e  FS$$DIV                              
0     003da6a7  _Current_caRunTests                  
0     003da6bc  __args_main                          
0     003da6ce  _copysign                            
0     003da6ce  _copysignf                           
0     003da6df  __register_unlock                    
0     003da6e3  __register_lock                      
0     003da6e7  __nop                                
0     003da6f0  _strlen                              
0     003da6f8  __system_pre_init                    
0     003da6fa  __system_post_cinit                  
0     003da6fb  ___cinit__                           
0     003da6fb  ___etext__                           
0     003da6fb  cinit                                
0     003da6fb  etext                                
0     003da8ce  _PieVectTableInit                    
0     003da9ea  _CA_Current_ExpHW                    
0     003daa0a  _Current_M                           
0     003f7ff6  code_start                           
0     003fd590  _FPUsinTable                         
0     003fd690  _FPUcosTable                         
0     003fd990  _FPUsinTableEnd                      
0     003fda92  _FPUatan2HalfPITable                 
0     003fda92  _FPUcosTableEnd                      
0     003fda96  _FPUatan2Table                       
0     003fdc1c  _FPUatan2TableEnd                    
1     00000002  __stack                              
1     00000402  __STACK_END                          
1     00000880  _DevEmuRegs                          
1     00000985  _SysPwrCtrlRegs                      
1     00000a80  _FlashRegs                           
1     00000ae0  _CsmRegs                             
1     00000b00  _AdcResult                           
1     00000c00  _CpuTimer0Regs                       
1     00000c08  _CpuTimer1Regs                       
1     00000c10  _CpuTimer2Regs                       
1     00000ce0  _PieCtrlRegs                         
1     00000d00  _EmuKey                              
1     00000d00  _PieVectTable                        
1     00000d01  _EmuBMode                            
1     00000d02  _Flash_CallbackPtr                   
1     00000d04  _Flash_CPUScaleFactor                
1     00001000  _DmaRegs                             
1     00001400  _Cla1Regs                            
1     00004000  _Usb0Regs                            
1     00005000  _McbspaRegs                          
1     00006000  _ECanaRegs                           
1     00006040  _ECanaLAMRegs                        
1     00006080  _ECanaMOTSRegs                       
1     000060c0  _ECanaMOTORegs                       
1     00006100  _ECanaMboxes                         
1     00006400  _Comp1Regs                           
1     00006420  _Comp2Regs                           
1     00006440  _Comp3Regs                           
1     00006800  _EPwm1Regs                           
1     00006840  _EPwm2Regs                           
1     00006880  _EPwm3Regs                           
1     000068c0  _EPwm4Regs                           
1     00006900  _EPwm5Regs                           
1     00006940  _EPwm6Regs                           
1     00006980  _EPwm7Regs                           
1     000069c0  _EPwm8Regs                           
1     00006a00  _ECap1Regs                           
1     00006a20  _ECap2Regs                           
1     00006a40  _ECap3Regs                           
1     00006ac0  _HRCap1Regs                          
1     00006ae0  _HRCap2Regs                          
1     00006b00  _EQep1Regs                           
1     00006b40  _EQep2Regs                           
1     00006c80  _HRCap3Regs                          
1     00006ca0  _HRCap4Regs                          
1     00006f80  _GpioCtrlRegs                        
1     00006fc0  _GpioDataRegs                        
1     00006fe0  _GpioIntRegs                         
1     00007010  _SysCtrlRegs                         
1     00007040  _SpiaRegs                            
1     00007050  _SciaRegs                            
1     00007060  _NmiIntruptRegs                      
1     00007070  _XIntruptRegs                        
1     00007100  _AdcRegs                             
1     00007740  _SpibRegs                            
1     00007750  _ScibRegs                            
1     00007900  _I2caRegs                            
1     0000e000  .bss                                 
1     0000e000  .data                                
1     0000e000  _Current_P                           
1     0000e000  ___bss__                             
1     0000e000  ___data__                            
1     0000e000  ___edata__                           
1     0000e000  ___end__                             
1     0000e000  edata                                
1     0000e000  end                                  
1     0000e128  _CpuTimer0                           
1     0000e130  _CpuTimer1                           
1     0000e138  _CpuTimer2                           
1     0000e140  _Current_PrevZCX                     
1     0000e148  _Current_U                           
1     0000e154  _Current_Y                           
1     0000e162  _Current_B                           
1     0000e180  _Current_DW                          
1     0000e23c  _realmin                             
1     0000e23e  _denormalAsZero                      
1     0000e30a  _dstSerial                           
1     0000e38a  _srcSerial                           
1     0000e3be  __lock                               
1     0000e403  _GPIO_oneTimeInit                    
1     0000e404  _CA_Current_PWSRes                   
1     0000e406  _CA_Current_ActHW                    
1     0000e41c  _CA_Current_HWRes                    
1     0000e440  _rtInf                               
1     0000e442  _rtMinusInf                          
1     0000e444  _rtNaN                               
1     0000e446  _rtInfF                              
1     0000e448  _rtMinusInfF                         
1     0000e44a  _rtNaNF                              
1     0000e452  ___TI_enable_exit_profile_output     
1     0000e454  ___TI_cleanup_ptr                    
1     0000e456  ___TI_dtors_ptr                      
1     0000e45e  _aGlobalInt                          
1     0000e466  __unlock                             
1     0000e468  _MW_SCI_PTR                          
1     0000e46a  _MW_InterruptDisableLock             
1     0000e46c  _errno                               
1     003d7e80  _PartIdRegs                          
1     003f7ff8  _CsmPwl                              
abs   00000400  __STACK_SIZE                         
abs   ffffffff  ___TI_pprof_out_hndl                 
abs   ffffffff  ___TI_prof_data_size                 
abs   ffffffff  ___TI_prof_data_start                
abs   ffffffff  ___binit__                           
abs   ffffffff  ___c_args__                          
abs   ffffffff  ___pinit__                           
abs   ffffffff  binit                                
abs   ffffffff  pinit                                

[399 symbols]
