******************************************************************************
             TMS320C2000 Linker PC v22.6.0                     
******************************************************************************
>> Linked Tue May  6 16:29:39 2025

OUTPUT FILE NAME:   <../Copy_of_mcb_bldc_sixstep_f28069mLaunchPad.out>
ENTRY POINT SYMBOL: "_c_int00"  address: 003d9dd0


MEMORY CONFIGURATION

         name            origin    length      used     unused   attr    fill
----------------------  --------  ---------  --------  --------  ----  --------
PAGE 0:
  BEGINRAM              00000000   00000002  00000000  00000002  RWIX
  PRAM                  00008000   00006000  0000047e  00005b82  RWIX
  OTP                   003d7800   000003fa  00000000  000003fa  RWIX
  FLASH                 003d8000   0001fff0  00002884  0001d76c  RWIX
  BEGINFLASH            003f7ff6   00000002  00000002  00000000  RWIX
  CSM_PWL               003f7ff8   00000008  00000000  00000008  RWIX
  FPUTABLES             003fd590   000006a0  000006a0  00000000  RWIX
  IQTABLES              003fdc30   00000b50  00000000  00000b50  RWIX
  IQTABLES2             003fe780   0000008c  00000000  0000008c  RWIX
  IQTABLES3             003fe80c   000000aa  00000000  000000aa  RWIX
  BOOTROM               003ff3b0   00000c10  00000000  00000c10  RWIX
  RESET                 003fffc0   00000002  00000000  00000002  RWIX
  VECTORS               003fffc2   0000003e  00000000  0000003e  RWIX

PAGE 1:
  RAMM0M1               00000002   000007fe  00000400  000003fe  RWIX
  DEV_EMU               00000880   00000105  00000004  00000101  RWIX
  SYS_PWR_CTL           00000985   00000003  00000003  00000000  RWIX
  FLASH_REGS            00000a80   00000060  00000008  00000058  RWIX
  CSM                   00000ae0   00000020  00000010  00000010  RWIX
  ADC_RESULT            00000b00   00000020  00000010  00000010  RWIX
  CPU_TIMER0            00000c00   00000008  00000008  00000000  RWIX
  CPU_TIMER1            00000c08   00000008  00000008  00000000  RWIX
  CPU_TIMER2            00000c10   00000008  00000008  00000000  RWIX
  PIE_CTRL              00000ce0   00000020  0000001a  00000006  RWIX
  PIE_VECT              00000d00   00000100  00000100  00000000  RWIX
  DMA                   00001000   00000200  000000e0  00000120  RWIX
  CLA1                  00001400   00000080  00000040  00000040  RWIX
  USB0                  00004000   00001000  00000454  00000bac  RWIX
  McBSPA                00005000   00000040  00000024  0000001c  RWIX
  ECANA                 00006000   00000040  00000034  0000000c  RWIX
  ECANA_LAM             00006040   00000040  00000040  00000000  RWIX
  ECANA_MOTS            00006080   00000040  00000040  00000000  RWIX
  ECANA_MOTO            000060c0   00000040  00000040  00000000  RWIX
  ECANA_MBOX            00006100   00000100  00000100  00000000  RWIX
  COMP1                 00006400   00000020  00000014  0000000c  RWIX
  COMP2                 00006420   00000020  00000014  0000000c  RWIX
  COMP3                 00006440   00000020  00000014  0000000c  RWIX
  EPWM1                 00006800   00000040  00000040  00000000  RWIX
  EPWM2                 00006840   00000040  00000040  00000000  RWIX
  EPWM3                 00006880   00000040  00000040  00000000  RWIX
  EPWM4                 000068c0   00000040  00000040  00000000  RWIX
  EPWM5                 00006900   00000040  00000040  00000000  RWIX
  EPWM6                 00006940   00000040  00000040  00000000  RWIX
  EPWM7                 00006980   00000040  00000040  00000000  RWIX
  EPWM8                 000069c0   00000040  00000040  00000000  RWIX
  ECAP1                 00006a00   00000020  00000020  00000000  RWIX
  ECAP2                 00006a20   00000020  00000020  00000000  RWIX
  ECAP3                 00006a40   00000020  00000020  00000000  RWIX
  HRCAP1                00006ac0   00000020  00000020  00000000  RWIX
  HRCAP2                00006ae0   00000020  00000020  00000000  RWIX
  EQEP1                 00006b00   00000040  00000022  0000001e  RWIX
  EQEP2                 00006b40   00000040  00000022  0000001e  RWIX
  HRCAP3                00006c80   00000020  00000020  00000000  RWIX
  HRCAP4                00006ca0   00000020  00000020  00000000  RWIX
  GPIOCTRL              00006f80   00000040  00000040  00000000  RWIX
  GPIODAT               00006fc0   00000020  00000020  00000000  RWIX
  GPIOINT               00006fe0   00000020  00000020  00000000  RWIX
  SYSTEM                00007010   00000030  00000030  00000000  RWIX
  SPIA                  00007040   00000010  00000010  00000000  RWIX
  SCIA                  00007050   00000010  00000010  00000000  RWIX
  NMIINTRUPT            00007060   00000010  00000010  00000000  RWIX
  XINTRUPT              00007070   00000010  00000010  00000000  RWIX
  ADC                   00007100   00000080  00000050  00000030  RWIX
  SPIB                  00007740   00000010  00000010  00000000  RWIX
  SCIB                  00007750   00000010  00000010  00000000  RWIX
  I2CA                  00007900   00000040  00000022  0000001e  RWIX
  DRAM                  0000e000   00006000  00000283  00005d7d  RWIX
  PARTID                003d7e80   00000001  00000001  00000000  RWIX
  CSM_PWL               003f7ff8   00000008  00000008  00000000  RWIX


SECTION ALLOCATION MAP

 output                                  attributes/
section   page    origin      length       input sections
--------  ----  ----------  ----------   ----------------
DevEmuRegsFile 
*          1    00000880    00000004     UNINITIALIZED
                  00000880    00000004     F2806x_GlobalVariableDefs.obj (DevEmuRegsFile)

SysPwrCtrlRegsFile 
*          1    00000985    00000003     UNINITIALIZED
                  00000985    00000003     F2806x_GlobalVariableDefs.obj (SysPwrCtrlRegsFile)

FlashRegsFile 
*          1    00000a80    00000008     UNINITIALIZED
                  00000a80    00000008     F2806x_GlobalVariableDefs.obj (FlashRegsFile)

CsmRegsFile 
*          1    00000ae0    00000010     UNINITIALIZED
                  00000ae0    00000010     F2806x_GlobalVariableDefs.obj (CsmRegsFile)

AdcResultFile 
*          1    00000b00    00000010     UNINITIALIZED
                  00000b00    00000010     F2806x_GlobalVariableDefs.obj (AdcResultFile)

CpuTimer0RegsFile 
*          1    00000c00    00000008     UNINITIALIZED
                  00000c00    00000008     F2806x_GlobalVariableDefs.obj (CpuTimer0RegsFile)

CpuTimer1RegsFile 
*          1    00000c08    00000008     UNINITIALIZED
                  00000c08    00000008     F2806x_GlobalVariableDefs.obj (CpuTimer1RegsFile)

CpuTimer2RegsFile 
*          1    00000c10    00000008     UNINITIALIZED
                  00000c10    00000008     F2806x_GlobalVariableDefs.obj (CpuTimer2RegsFile)

PieCtrlRegsFile 
*          1    00000ce0    0000001a     UNINITIALIZED
                  00000ce0    0000001a     F2806x_GlobalVariableDefs.obj (PieCtrlRegsFile)

PieVectTableFile 
*          1    00000d00    00000100     UNINITIALIZED
                  00000d00    00000100     F2806x_GlobalVariableDefs.obj (PieVectTableFile)

EmuKeyVar 
*          1    00000d00    00000001     UNINITIALIZED
                  00000d00    00000001     F2806x_GlobalVariableDefs.obj (EmuKeyVar)

EmuBModeVar 
*          1    00000d01    00000001     UNINITIALIZED
                  00000d01    00000001     F2806x_GlobalVariableDefs.obj (EmuBModeVar)

FlashCallbackVar 
*          1    00000d02    00000002     UNINITIALIZED
                  00000d02    00000002     F2806x_GlobalVariableDefs.obj (FlashCallbackVar)

FlashScalingVar 
*          1    00000d04    00000002     UNINITIALIZED
                  00000d04    00000002     F2806x_GlobalVariableDefs.obj (FlashScalingVar)

DmaRegsFile 
*          1    00001000    000000e0     UNINITIALIZED
                  00001000    000000e0     F2806x_GlobalVariableDefs.obj (DmaRegsFile)

Cla1RegsFile 
*          1    00001400    00000040     UNINITIALIZED
                  00001400    00000040     F2806x_GlobalVariableDefs.obj (Cla1RegsFile)

Usb0RegsFile 
*          1    00004000    00000454     UNINITIALIZED
                  00004000    00000454     F2806x_GlobalVariableDefs.obj (Usb0RegsFile)

McbspaRegsFile 
*          1    00005000    00000024     UNINITIALIZED
                  00005000    00000024     F2806x_GlobalVariableDefs.obj (McbspaRegsFile)

ECanaRegsFile 
*          1    00006000    00000034     UNINITIALIZED
                  00006000    00000034     F2806x_GlobalVariableDefs.obj (ECanaRegsFile)

ECanaLAMRegsFile 
*          1    00006040    00000040     UNINITIALIZED
                  00006040    00000040     F2806x_GlobalVariableDefs.obj (ECanaLAMRegsFile)

ECanaMOTSRegsFile 
*          1    00006080    00000040     UNINITIALIZED
                  00006080    00000040     F2806x_GlobalVariableDefs.obj (ECanaMOTSRegsFile)

ECanaMOTORegsFile 
*          1    000060c0    00000040     UNINITIALIZED
                  000060c0    00000040     F2806x_GlobalVariableDefs.obj (ECanaMOTORegsFile)

ECanaMboxesFile 
*          1    00006100    00000100     UNINITIALIZED
                  00006100    00000100     F2806x_GlobalVariableDefs.obj (ECanaMboxesFile)

Comp1RegsFile 
*          1    00006400    00000014     UNINITIALIZED
                  00006400    00000014     F2806x_GlobalVariableDefs.obj (Comp1RegsFile)

Comp2RegsFile 
*          1    00006420    00000014     UNINITIALIZED
                  00006420    00000014     F2806x_GlobalVariableDefs.obj (Comp2RegsFile)

Comp3RegsFile 
*          1    00006440    00000014     UNINITIALIZED
                  00006440    00000014     F2806x_GlobalVariableDefs.obj (Comp3RegsFile)

EPwm1RegsFile 
*          1    00006800    00000040     UNINITIALIZED
                  00006800    00000040     F2806x_GlobalVariableDefs.obj (EPwm1RegsFile)

EPwm2RegsFile 
*          1    00006840    00000040     UNINITIALIZED
                  00006840    00000040     F2806x_GlobalVariableDefs.obj (EPwm2RegsFile)

EPwm3RegsFile 
*          1    00006880    00000040     UNINITIALIZED
                  00006880    00000040     F2806x_GlobalVariableDefs.obj (EPwm3RegsFile)

EPwm4RegsFile 
*          1    000068c0    00000040     UNINITIALIZED
                  000068c0    00000040     F2806x_GlobalVariableDefs.obj (EPwm4RegsFile)

EPwm5RegsFile 
*          1    00006900    00000040     UNINITIALIZED
                  00006900    00000040     F2806x_GlobalVariableDefs.obj (EPwm5RegsFile)

EPwm6RegsFile 
*          1    00006940    00000040     UNINITIALIZED
                  00006940    00000040     F2806x_GlobalVariableDefs.obj (EPwm6RegsFile)

EPwm7RegsFile 
*          1    00006980    00000040     UNINITIALIZED
                  00006980    00000040     F2806x_GlobalVariableDefs.obj (EPwm7RegsFile)

EPwm8RegsFile 
*          1    000069c0    00000040     UNINITIALIZED
                  000069c0    00000040     F2806x_GlobalVariableDefs.obj (EPwm8RegsFile)

ECap1RegsFile 
*          1    00006a00    00000020     UNINITIALIZED
                  00006a00    00000020     F2806x_GlobalVariableDefs.obj (ECap1RegsFile)

ECap2RegsFile 
*          1    00006a20    00000020     UNINITIALIZED
                  00006a20    00000020     F2806x_GlobalVariableDefs.obj (ECap2RegsFile)

ECap3RegsFile 
*          1    00006a40    00000020     UNINITIALIZED
                  00006a40    00000020     F2806x_GlobalVariableDefs.obj (ECap3RegsFile)

HRCap1RegsFile 
*          1    00006ac0    00000020     UNINITIALIZED
                  00006ac0    00000020     F2806x_GlobalVariableDefs.obj (HRCap1RegsFile)

HRCap2RegsFile 
*          1    00006ae0    00000020     UNINITIALIZED
                  00006ae0    00000020     F2806x_GlobalVariableDefs.obj (HRCap2RegsFile)

EQep1RegsFile 
*          1    00006b00    00000022     UNINITIALIZED
                  00006b00    00000022     F2806x_GlobalVariableDefs.obj (EQep1RegsFile)

EQep2RegsFile 
*          1    00006b40    00000022     UNINITIALIZED
                  00006b40    00000022     F2806x_GlobalVariableDefs.obj (EQep2RegsFile)

HRCap3RegsFile 
*          1    00006c80    00000020     UNINITIALIZED
                  00006c80    00000020     F2806x_GlobalVariableDefs.obj (HRCap3RegsFile)

HRCap4RegsFile 
*          1    00006ca0    00000020     UNINITIALIZED
                  00006ca0    00000020     F2806x_GlobalVariableDefs.obj (HRCap4RegsFile)

GpioCtrlRegsFile 
*          1    00006f80    00000040     UNINITIALIZED
                  00006f80    00000040     F2806x_GlobalVariableDefs.obj (GpioCtrlRegsFile)

GpioDataRegsFile 
*          1    00006fc0    00000020     UNINITIALIZED
                  00006fc0    00000020     F2806x_GlobalVariableDefs.obj (GpioDataRegsFile)

GpioIntRegsFile 
*          1    00006fe0    00000020     UNINITIALIZED
                  00006fe0    00000020     F2806x_GlobalVariableDefs.obj (GpioIntRegsFile)

SysCtrlRegsFile 
*          1    00007010    00000030     UNINITIALIZED
                  00007010    00000030     F2806x_GlobalVariableDefs.obj (SysCtrlRegsFile)

SpiaRegsFile 
*          1    00007040    00000010     UNINITIALIZED
                  00007040    00000010     F2806x_GlobalVariableDefs.obj (SpiaRegsFile)

SciaRegsFile 
*          1    00007050    00000010     UNINITIALIZED
                  00007050    00000010     F2806x_GlobalVariableDefs.obj (SciaRegsFile)

NmiIntruptRegsFile 
*          1    00007060    00000010     UNINITIALIZED
                  00007060    00000010     F2806x_GlobalVariableDefs.obj (NmiIntruptRegsFile)

XIntruptRegsFile 
*          1    00007070    00000010     UNINITIALIZED
                  00007070    00000010     F2806x_GlobalVariableDefs.obj (XIntruptRegsFile)

AdcRegsFile 
*          1    00007100    00000050     UNINITIALIZED
                  00007100    00000050     F2806x_GlobalVariableDefs.obj (AdcRegsFile)

SpibRegsFile 
*          1    00007740    00000010     UNINITIALIZED
                  00007740    00000010     F2806x_GlobalVariableDefs.obj (SpibRegsFile)

ScibRegsFile 
*          1    00007750    00000010     UNINITIALIZED
                  00007750    00000010     F2806x_GlobalVariableDefs.obj (ScibRegsFile)

I2caRegsFile 
*          1    00007900    00000022     UNINITIALIZED
                  00007900    00000022     F2806x_GlobalVariableDefs.obj (I2caRegsFile)

PartIdRegsFile 
*          1    003d7e80    00000001     UNINITIALIZED
                  003d7e80    00000001     F2806x_GlobalVariableDefs.obj (PartIdRegsFile)

CsmPwlFile 
*          1    003f7ff8    00000008     UNINITIALIZED
                  003f7ff8    00000008     F2806x_GlobalVariableDefs.obj (CsmPwlFile)

.text      0    003d8000    00002291     
                  003d8000    0000076e     Copy_of_mcb_bldc_sixstep_f28069mLaunchPad.obj (.text)
                  003d876e    00000661     MW_c2000ISR.obj (.text)
                  003d8dcf    0000039b     F2806x_DefaultIsr.obj (.text:retain)
                  003d916a    00000237     F2806x_Adc.obj (.text)
                  003d93a1    00000194     DSP28xx_SciUtil.obj (.text)
                  003d9535    0000018a     F2806x_SysCtrl.obj (.text)
                  003d96bf    00000145     MW_c28xGPIO.obj (.text)
                  003d9804    0000012f     Copy_of_mcb_bldc_sixstep_f28069mLaunchPad.obj (.text:retain)
                  003d9933    0000011c     MW_c28xSPI.obj (.text)
                  003d9a4f    000000cc     MW_SPI.obj (.text)
                  003d9b1b    000000be     MW_c28xx_adc.obj (.text)
                  003d9bd9    00000096     ert_main.obj (.text)
                  003d9c6f    00000092     rt_nonfinite.obj (.text)
                  003d9d01    00000076     F2806x_CpuTimers.obj (.text)
                  003d9d77    00000059     rts2800_fpu32.lib : s_floorf.c.obj (.text)
                  003d9dd0    00000056                       : boot28.asm.obj (.text)
                  003d9e26    00000054     MW_c28xx_csl.obj (.text)
                  003d9e7a    0000004f     rts2800_fpu32_fast_supplement.lib : atan2_f32.obj (.text)
                  003d9ec9    0000004e     c2806xSchedulerTimer0.obj (.text)
                  003d9f17    0000004a     c2806xSchedulerTimer0.obj (.text:retain)
                  003d9f61    0000004a     rts2800_fpu32_fast_supplement.lib : atan_f32.obj (.text)
                  003d9fab    00000044     rtGetInf.obj (.text)
                  003d9fef    00000043     MW_c28xx_board.obj (.text)
                  003da032    0000003b     MW_c28xx_qep.obj (.text)
                  003da06d    00000034     c2806xBoard_Realtime_Support.obj (.text)
                  003da0a1    00000034     rts2800_fpu32_fast_supplement.lib : cos_f32.obj (.text)
                  003da0d5    00000034                                       : sin_f32.obj (.text)
                  003da109    0000002a     rtGetNaN.obj (.text)
                  003da133    00000029     MW_c28xx_pwm.obj (.text)
                  003da15c    00000029     rts2800_fpu32.lib : exit.c.obj (.text)
                  003da185    00000028     F2806x_PieCtrl.obj (.text)
                  003da1ad    00000026     F2806x_PieVect.obj (.text)
                  003da1d3    00000024     rts2800_fpu32.lib : cpy_tbl.c.obj (.text)
                  003da1f7    00000021     rts2800_fpu32_fast_supplement.lib : sqrt_f32.obj (.text)
                  003da218    0000001d     rts2800_fpu32.lib : memcpy.c.obj (.text)
                  003da235    00000019     rts2800_fpu32_fast_supplement.lib : div_f32.obj (.text)
                  003da24e    00000014     MW_c28xGlobalInterrupts.obj (.text)
                  003da262    00000012     rts2800_fpu32.lib : args_main.c.obj (.text)
                  003da274    00000009                       : _lock.c.obj (.text)
                  003da27d    00000008     F2806x_CodeStartBranch.obj (.text)
                  003da285    00000007     rts2800_fpu32.lib : memset.c.obj (.text)
                  003da28c    00000002     blapp_support.obj (.text)
                  003da28e    00000002     rts2800_fpu32.lib : pre_init.c.obj (.text)
                  003da290    00000001                       : startup.c.obj (.text)

.bss       1    0000e000    00000000     UNINITIALIZED

.ebss      1    0000e000    00000283     UNINITIALIZED
                  0000e000    0000022c     Copy_of_mcb_bldc_sixstep_f28069mLaunchPad.obj (.ebss)
                  0000e22c    0000000c     rt_nonfinite.obj (.ebss)
                  0000e238    00000006     rts2800_fpu32.lib : exit.c.obj (.ebss)
                  0000e23e    00000002                       : _lock.c.obj (.ebss:__lock)
                  0000e240    00000018     F2806x_CpuTimers.obj (.ebss)
                  0000e258    00000018     MW_c28xSPI.obj (.ebss:_mySpi)
                  0000e270    00000004     DSP28xx_SciUtil.obj (.ebss)
                  0000e274    00000004     MW_c28xSPI.obj (.ebss:_SPI_oneTimeInit)
                  0000e278    00000003     ert_main.obj (.ebss)
                  0000e27b    00000001     MW_c28xGPIO.obj (.ebss)
                  0000e27c    00000002     rts2800_fpu32.lib : _lock.c.obj (.ebss:__unlock)
                  0000e27e    00000002     ert_main.obj (.ebss:_isRateRunning)
                  0000e280    00000002     ert_main.obj (.ebss:_need2runFlags)
                  0000e282    00000001     MW_c28xGlobalInterrupts.obj (.ebss)

.cinit     0    003da84a    0000003b     
                  003da84a    0000000e     rts2800_fpu32.lib : exit.c.obj (.cinit)
                  003da858    00000007     MW_c28xSPI.obj (.cinit:_SPI_oneTimeInit)
                  003da85f    00000005     rts2800_fpu32.lib : _lock.c.obj (.cinit:__lock)
                  003da864    00000005                       : _lock.c.obj (.cinit:__unlock)
                  003da869    00000005     ert_main.obj (.cinit:_isRateRunning)
                  003da86e    00000005     ert_main.obj (.cinit:_need2runFlags)
                  003da873    00000004     Copy_of_mcb_bldc_sixstep_f28069mLaunchPad.obj (.cinit)
                  003da877    00000004     MW_c28xGPIO.obj (.cinit)
                  003da87b    00000004     MW_c28xGlobalInterrupts.obj (.cinit)
                  003da87f    00000004     ert_main.obj (.cinit)
                  003da883    00000002     --HOLE-- [fill = 0]

.pinit     0    003d8000    00000000     UNINITIALIZED

.econst    0    003da710    0000013a     
                  003da710    00000100     F2806x_PieVect.obj (.econst:_PieVectTableInit)
                  003da810    00000030     Copy_of_mcb_bldc_sixstep_f28069mLaunchPad_data.obj (.econst:_Copy_of_mcb_bldc_sixstep_ConstP)
                  003da840    00000004     Copy_of_mcb_bldc_sixstep_f28069mLaunchPad_data.obj (.econst:_Copy_of_mcb_bldc_sixstep_ConstB)
                  003da844    00000002     Copy_of_mcb_bldc_sixstep_f28069mLaunchPad.obj (.econst)
                  003da846    00000002     rtGetNaN.obj (.econst:_$P$T0$1)
                  003da848    00000002     rts2800_fpu32.lib : s_floorf.c.obj (.econst)

.reset     0    003fffc0    00000002     DSECT
                  003fffc0    00000002     rts2800_fpu32.lib : boot28.asm.obj (.reset)

.data      1    0000e000    00000000     UNINITIALIZED

.stack     1    00000002    00000400     UNINITIALIZED
                  00000002    00000400     --HOLE--

codestart 
*          0    003f7ff6    00000002     
                  003f7ff6    00000002     F2806x_CodeStartBranch.obj (codestart)

ramfuncs   0    003da291    0000047e     RUN ADDR = 00008000
                  003da291    0000045f     Copy_of_mcb_bldc_sixstep_f28069mLaunchPad.obj (ramfuncs)
                  003da6f0    0000001b     F2806x_SysCtrl.obj (ramfuncs)
                  003da70b    00000004     F2806x_usDelay.obj (ramfuncs)

FPUmathTables 
*          0    003fd590    000006a0     NOLOAD SECTION
                  003fd590    000006a0     rts2800_fpu32_fast_supplement.lib : FPUmathTables.obj (FPUmathTables)

MODULE SUMMARY

       Module                                               code    initialized data   uninitialized data
       ------                                               ----    ----------------   ------------------
    <current directory>
       Copy_of_mcb_bldc_sixstep_f28069mLaunchPad.obj        4443    6                  556               
       F2806x_GlobalVariableDefs.obj                        0       0                  3550              
       MW_c2000ISR.obj                                      1633    0                  0                 
       F2806x_DefaultIsr.obj                                923     0                  0                 
       F2806x_Adc.obj                                       567     0                  0                 
       F2806x_SysCtrl.obj                                   448     0                  0                 
       DSP28xx_SciUtil.obj                                  404     0                  4                 
       MW_c28xGPIO.obj                                      325     4                  1                 
       MW_c28xSPI.obj                                       284     7                  28                
       F2806x_PieVect.obj                                   38      256                0                 
       MW_SPI.obj                                           204     0                  0                 
       MW_c28xx_adc.obj                                     190     0                  0                 
       ert_main.obj                                         150     14                 7                 
       rt_nonfinite.obj                                     146     0                  12                
       c2806xSchedulerTimer0.obj                            152     0                  0                 
       F2806x_CpuTimers.obj                                 118     0                  24                
       MW_c28xx_csl.obj                                     84      0                  0                 
       rtGetInf.obj                                         68      0                  0                 
       MW_c28xx_board.obj                                   67      0                  0                 
       MW_c28xx_qep.obj                                     59      0                  0                 
       Copy_of_mcb_bldc_sixstep_f28069mLaunchPad_data.obj   0       52                 0                 
       c2806xBoard_Realtime_Support.obj                     52      0                  0                 
       rtGetNaN.obj                                         42      2                  0                 
       MW_c28xx_pwm.obj                                     41      0                  0                 
       F2806x_PieCtrl.obj                                   40      0                  0                 
       MW_c28xGlobalInterrupts.obj                          20      4                  1                 
       F2806x_CodeStartBranch.obj                           10      0                  0                 
       F2806x_usDelay.obj                                   8       0                  0                 
       blapp_support.obj                                    2       0                  0                 
    +--+----------------------------------------------------+-------+------------------+--------------------+
       Total:                                               10518   345                4183              
                                                                                                         
    C:/ProgramData/MATLAB/tic2000/3P.instrset/tic28xcodegentools.instrset/ti-cgt-c2000_22.6.0.LTS/lib/rts2800_fpu32.lib
       s_floorf.c.obj                                       89      2                  0                 
       boot28.asm.obj                                       86      0                  0                 
       exit.c.obj                                           41      14                 6                 
       cpy_tbl.c.obj                                        36      0                  0                 
       memcpy.c.obj                                         29      0                  0                 
       _lock.c.obj                                          9       10                 4                 
       args_main.c.obj                                      18      0                  0                 
       memset.c.obj                                         7       0                  0                 
       pre_init.c.obj                                       2       0                  0                 
       startup.c.obj                                        1       0                  0                 
    +--+----------------------------------------------------+-------+------------------+--------------------+
       Total:                                               318     26                 10                
                                                                                                         
    D:/TiC2000_Install/ControlSUITE/controlSUITE/libs/math/FPUfastRTS/V100/lib/rts2800_fpu32_fast_supplement.lib
       FPUmathTables.obj                                    0       1696               0                 
       atan2_f32.obj                                        79      0                  0                 
       atan_f32.obj                                         74      0                  0                 
       cos_f32.obj                                          52      0                  0                 
       sin_f32.obj                                          52      0                  0                 
       sqrt_f32.obj                                         33      0                  0                 
       div_f32.obj                                          25      0                  0                 
    +--+----------------------------------------------------+-------+------------------+--------------------+
       Total:                                               315     1696               0                 
                                                                                                         
       Stack:                                               0       0                  1024              
    +--+----------------------------------------------------+-------+------------------+--------------------+
       Grand Total:                                         11151   2067               5217              


GLOBAL DATA SYMBOLS: SORTED BY DATA PAGE

address     data page           name
--------    ----------------    ----
00000002       0 (00000000)     __stack

00000880      22 (00000880)     _DevEmuRegs

00000985      26 (00000980)     _SysPwrCtrlRegs

00000a80      2a (00000a80)     _FlashRegs

00000ae0      2b (00000ac0)     _CsmRegs

00000b00      2c (00000b00)     _AdcResult

00000c00      30 (00000c00)     _CpuTimer0Regs
00000c08      30 (00000c00)     _CpuTimer1Regs
00000c10      30 (00000c00)     _CpuTimer2Regs

00000ce0      33 (00000cc0)     _PieCtrlRegs

00000d00      34 (00000d00)     _EmuKey
00000d00      34 (00000d00)     _PieVectTable
00000d01      34 (00000d00)     _EmuBMode
00000d02      34 (00000d00)     _Flash_CallbackPtr
00000d04      34 (00000d00)     _Flash_CPUScaleFactor

00001000      40 (00001000)     _DmaRegs

00001400      50 (00001400)     _Cla1Regs

00004000     100 (00004000)     _Usb0Regs

00005000     140 (00005000)     _McbspaRegs

00006000     180 (00006000)     _ECanaRegs

00006040     181 (00006040)     _ECanaLAMRegs

00006080     182 (00006080)     _ECanaMOTSRegs

000060c0     183 (000060c0)     _ECanaMOTORegs

00006100     184 (00006100)     _ECanaMboxes

00006400     190 (00006400)     _Comp1Regs
00006420     190 (00006400)     _Comp2Regs

00006440     191 (00006440)     _Comp3Regs

00006800     1a0 (00006800)     _EPwm1Regs

00006840     1a1 (00006840)     _EPwm2Regs

00006880     1a2 (00006880)     _EPwm3Regs

000068c0     1a3 (000068c0)     _EPwm4Regs

00006900     1a4 (00006900)     _EPwm5Regs

00006940     1a5 (00006940)     _EPwm6Regs

00006980     1a6 (00006980)     _EPwm7Regs

000069c0     1a7 (000069c0)     _EPwm8Regs

00006a00     1a8 (00006a00)     _ECap1Regs
00006a20     1a8 (00006a00)     _ECap2Regs

00006a40     1a9 (00006a40)     _ECap3Regs

00006ac0     1ab (00006ac0)     _HRCap1Regs
00006ae0     1ab (00006ac0)     _HRCap2Regs

00006b00     1ac (00006b00)     _EQep1Regs

00006b40     1ad (00006b40)     _EQep2Regs

00006c80     1b2 (00006c80)     _HRCap3Regs
00006ca0     1b2 (00006c80)     _HRCap4Regs

00006f80     1be (00006f80)     _GpioCtrlRegs

00006fc0     1bf (00006fc0)     _GpioDataRegs
00006fe0     1bf (00006fc0)     _GpioIntRegs

00007010     1c0 (00007000)     _SysCtrlRegs

00007040     1c1 (00007040)     _SpiaRegs
00007050     1c1 (00007040)     _SciaRegs
00007060     1c1 (00007040)     _NmiIntruptRegs
00007070     1c1 (00007040)     _XIntruptRegs

00007100     1c4 (00007100)     _AdcRegs

00007740     1dd (00007740)     _SpibRegs
00007750     1dd (00007740)     _ScibRegs

00007900     1e4 (00007900)     _I2caRegs

0000e000     380 (0000e000)     _Copy_of_mcb_bldc_PrevZCSigState
0000e001     380 (0000e000)     _MW_adcInitFlag

0000e040     381 (0000e040)     _Copy_of_mcb_bldc_sixstep__DWork

0000e0c0     383 (0000e0c0)     _Copy_of_mcb_bldc_sixstep_f280_B

0000e22c     388 (0000e200)     _rtInf
0000e22e     388 (0000e200)     _rtMinusInf
0000e230     388 (0000e200)     _rtNaN
0000e232     388 (0000e200)     _rtInfF
0000e234     388 (0000e200)     _rtMinusInfF
0000e236     388 (0000e200)     _rtNaNF
0000e238     388 (0000e200)     ___TI_enable_exit_profile_output
0000e23a     388 (0000e200)     ___TI_cleanup_ptr
0000e23c     388 (0000e200)     ___TI_dtors_ptr
0000e23e     388 (0000e200)     __lock

0000e240     389 (0000e240)     _CpuTimer0
0000e248     389 (0000e240)     _CpuTimer1
0000e250     389 (0000e240)     _CpuTimer2
0000e258     389 (0000e240)     _mySpi
0000e270     389 (0000e240)     _checkSCITransmitInProgressA
0000e271     389 (0000e240)     _frameA1Transmitted
0000e272     389 (0000e240)     _frameA1Count
0000e274     389 (0000e240)     _SPI_oneTimeInit
0000e278     389 (0000e240)     _IsrOverrun
0000e279     389 (0000e240)     _stopRequested
0000e27a     389 (0000e240)     _runModel
0000e27b     389 (0000e240)     _GPIO_oneTimeInit
0000e27c     389 (0000e240)     __unlock
0000e27e     389 (0000e240)     _isRateRunning

0000e280     38a (0000e280)     _need2runFlags
0000e282     38a (0000e280)     _MW_InterruptDisableLock

003d7e80    f5fa (003d7e80)     _PartIdRegs

003da710    f69c (003da700)     _PieVectTableInit

003da810    f6a0 (003da800)     _Copy_of_mcb_bldc_sixstep_ConstP

003da840    f6a1 (003da840)     _Copy_of_mcb_bldc_sixstep_ConstB
003da844    f6a1 (003da840)     _Copy_of_mcb_bldc_sixstep_f28_M

003f7ff8    fdff (003f7fc0)     _CsmPwl

003fd590    ff56 (003fd580)     _FPUsinTable

003fd690    ff5a (003fd680)     _FPUcosTable

003fd990    ff66 (003fd980)     _FPUsinTableEnd

003fda92    ff6a (003fda80)     _FPUatan2HalfPITable
003fda92    ff6a (003fda80)     _FPUcosTableEnd
003fda96    ff6a (003fda80)     _FPUatan2Table

003fdc1c    ff70 (003fdc00)     _FPUatan2TableEnd


GLOBAL SYMBOLS: SORTED ALPHABETICALLY BY Name 

page  address   name                                                               
----  -------   ----                                                               
1     0000e000  .bss                                                               
1     0000e000  .data                                                              
0     003d8000  .text                                                              
0     003da15c  C$$EXIT                                                            
0     003da235  FS$$DIV                                                            
0     003d9804  _ADCINT1                                                           
0     003d8e8d  _ADCINT1_ISR                                                       
0     003d8e97  _ADCINT2_ISR                                                       
0     003d909f  _ADCINT3_ISR                                                       
0     003d90a9  _ADCINT4_ISR                                                       
0     003d90b3  _ADCINT5_ISR                                                       
0     003d90bd  _ADCINT6_ISR                                                       
0     003d90c7  _ADCINT7_ISR                                                       
0     003d90d1  _ADCINT8_ISR                                                       
0     003d8eb5  _ADCINT9_ISR                                                       
0     003d91dc  _AdcChanSelect                                                     
0     003d9251  _AdcConversion                                                     
0     003d91b5  _AdcOffsetSelfCal                                                  
1     00007100  _AdcRegs                                                           
1     00000b00  _AdcResult                                                         
0     003d90db  _CLA1_INT1_ISR                                                     
0     003d90e5  _CLA1_INT2_ISR                                                     
0     003d90ef  _CLA1_INT3_ISR                                                     
0     003d90f9  _CLA1_INT4_ISR                                                     
0     003d9103  _CLA1_INT5_ISR                                                     
0     003d910d  _CLA1_INT6_ISR                                                     
0     003d9117  _CLA1_INT7_ISR                                                     
0     003d9121  _CLA1_INT8_ISR                                                     
1     00001400  _Cla1Regs                                                          
1     00006400  _Comp1Regs                                                         
1     00006420  _Comp2Regs                                                         
1     00006440  _Comp3Regs                                                         
0     003d9d3c  _ConfigCpuTimer                                                    
0     003d8277  _Copy_SPIMasterTransfer_Init                                       
0     003d82c5  _Copy_SPIMasterTransfer_Term                                       
0     003d826d  _Copy_o_CurrentControl_Reset                                       
0     003d80fd  _Copy_of_CurrentControl_Init                                       
0     003d82a0  _Copy_of_m_SPIMasterTransfer                                       
0     003d82e1  _Copy_of_m_SpeedControl_Init                                       
0     00008000  _Copy_of_mcb__CurrentControl                                       
0     003d80c6  _Copy_of_mcb_bl_HallValueof1                                       
0     003d80d0  _Copy_of_mcb_bl_HallValueof2                                       
0     003d80da  _Copy_of_mcb_bl_HallValueof3                                       
0     003d80e2  _Copy_of_mcb_bl_HallValueof4                                       
0     003d80ec  _Copy_of_mcb_bl_HallValueof5                                       
0     003d80f6  _Copy_of_mcb_bl_HallValueof7                                       
0     003d82f1  _Copy_of_mcb_bl_SpeedControl                                       
0     003d808c  _Copy_of_mcb_bldc_BitExtract                                       
1     0000e000  _Copy_of_mcb_bldc_PrevZCSigState                                   
0     003d801a  _Copy_of_mcb_bldc_s_Position                                       
0     003da840  _Copy_of_mcb_bldc_sixstep_ConstB                                   
0     003da810  _Copy_of_mcb_bldc_sixstep_ConstP                                   
1     0000e040  _Copy_of_mcb_bldc_sixstep__DWork                                   
0     003d8000  _Copy_of_mcb_bldc_sixstep_f28069mLaunchPad_SetEventsForThisBaseStep
0     003d8754  _Copy_of_mcb_bldc_sixstep_f28069mLaunchPad_configure_interrupts    
0     003d851c  _Copy_of_mcb_bldc_sixstep_f28069mLaunchPad_initialize              
0     003d848e  _Copy_of_mcb_bldc_sixstep_f28069mLaunchPad_step0                   
0     003d84d3  _Copy_of_mcb_bldc_sixstep_f28069mLaunchPad_step1                   
0     003d874b  _Copy_of_mcb_bldc_sixstep_f28069mLaunchPad_terminate               
0     003d8767  _Copy_of_mcb_bldc_sixstep_f28069mLaunchPad_unconfigure_interrupts  
1     0000e0c0  _Copy_of_mcb_bldc_sixstep_f280_B                                   
0     003da844  _Copy_of_mcb_bldc_sixstep_f28_M                                    
1     0000e240  _CpuTimer0                                                         
1     00000c00  _CpuTimer0Regs                                                     
1     0000e248  _CpuTimer1                                                         
1     00000c08  _CpuTimer1Regs                                                     
1     0000e250  _CpuTimer2                                                         
1     00000c10  _CpuTimer2Regs                                                     
1     003f7ff8  _CsmPwl                                                            
1     00000ae0  _CsmRegs                                                           
0     003d9639  _CsmUnlock                                                         
0     003d8de3  _DATALOG_ISR                                                       
0     003d9013  _DINTCH1_ISR                                                       
0     003d901d  _DINTCH2_ISR                                                       
0     003d9027  _DINTCH3_ISR                                                       
0     003d9031  _DINTCH4_ISR                                                       
0     003d903b  _DINTCH5_ISR                                                       
0     003d9045  _DINTCH6_ISR                                                       
0     0000847a  _DSP28x_usDelay                                                    
1     00000880  _DevEmuRegs                                                        
0     003d9559  _DisableDog                                                        
1     00001000  _DmaRegs                                                           
0     003d908b  _ECAN0INTA_ISR                                                     
0     003d9095  _ECAN1INTA_ISR                                                     
0     003d8f73  _ECAP1_INT_ISR                                                     
0     003d8f7d  _ECAP2_INT_ISR                                                     
0     003d8f87  _ECAP3_INT_ISR                                                     
1     00006040  _ECanaLAMRegs                                                      
1     000060c0  _ECanaMOTORegs                                                     
1     00006080  _ECanaMOTSRegs                                                     
1     00006100  _ECanaMboxes                                                       
1     00006000  _ECanaRegs                                                         
1     00006a00  _ECap1Regs                                                         
1     00006a20  _ECap2Regs                                                         
1     00006a40  _ECap3Regs                                                         
0     003d9149  _EMPTY_ISR                                                         
0     003d8df7  _EMUINT_ISR                                                        
0     003d8f23  _EPWM1_INT_ISR                                                     
0     003d8ed3  _EPWM1_TZINT_ISR                                                   
0     003d8f2d  _EPWM2_INT_ISR                                                     
0     003d8edd  _EPWM2_TZINT_ISR                                                   
0     003d8f37  _EPWM3_INT_ISR                                                     
0     003d8ee7  _EPWM3_TZINT_ISR                                                   
0     003d8f41  _EPWM4_INT_ISR                                                     
0     003d8ef1  _EPWM4_TZINT_ISR                                                   
0     003d8f4b  _EPWM5_INT_ISR                                                     
0     003d8efb  _EPWM5_TZINT_ISR                                                   
0     003d8f55  _EPWM6_INT_ISR                                                     
0     003d8f05  _EPWM6_TZINT_ISR                                                   
0     003d8f5f  _EPWM7_INT_ISR                                                     
0     003d8f0f  _EPWM7_TZINT_ISR                                                   
0     003d8f69  _EPWM8_INT_ISR                                                     
0     003d8f19  _EPWM8_TZINT_ISR                                                   
1     00006800  _EPwm1Regs                                                         
1     00006840  _EPwm2Regs                                                         
1     00006880  _EPwm3Regs                                                         
1     000068c0  _EPwm4Regs                                                         
1     00006900  _EPwm5Regs                                                         
1     00006940  _EPwm6Regs                                                         
1     00006980  _EPwm7Regs                                                         
1     000069c0  _EPwm8Regs                                                         
0     003d8fa5  _EQEP1_INT_ISR                                                     
0     003d8faf  _EQEP2_INT_ISR                                                     
1     00006b00  _EQep1Regs                                                         
1     00006b40  _EQep2Regs                                                         
1     00000d01  _EmuBMode                                                          
1     00000d00  _EmuKey                                                            
0     003da1a4  _EnableInterrupts                                                  
0     003d96a9  _ExtOscSel                                                         
0     003fda92  _FPUatan2HalfPITable                                               
0     003fda96  _FPUatan2Table                                                     
0     003fdc1c  _FPUatan2TableEnd                                                  
0     003fd690  _FPUcosTable                                                       
0     003fda92  _FPUcosTableEnd                                                    
0     003fd590  _FPUsinTable                                                       
0     003fd990  _FPUsinTableEnd                                                    
1     00000a80  _FlashRegs                                                         
1     00000d04  _Flash_CPUScaleFactor                                              
1     00000d02  _Flash_CallbackPtr                                                 
0     003d97aa  _GPIO_ReadPin                                                      
0     003d96f7  _GPIO_SetupPinMux                                                  
0     003d9735  _GPIO_SetupPinOptions                                              
0     003d97df  _GPIO_TogglePin                                                    
0     003d97c1  _GPIO_WritePin                                                     
1     0000e27b  _GPIO_oneTimeInit                                                  
1     00006f80  _GpioCtrlRegs                                                      
1     00006fc0  _GpioDataRegs                                                      
1     00006fe0  _GpioIntRegs                                                       
0     003d8f91  _HRCAP1_INT_ISR                                                    
0     003d8f9b  _HRCAP2_INT_ISR                                                    
0     003d8fb9  _HRCAP3_INT_ISR                                                    
0     003d8fc3  _HRCAP4_INT_ISR                                                    
1     00006ac0  _HRCap1Regs                                                        
1     00006ae0  _HRCap2Regs                                                        
1     00006c80  _HRCap3Regs                                                        
1     00006ca0  _HRCap4Regs                                                        
0     003d8db2  _HWI_TIC28x_AcknowledgeIrq                                         
0     003d876e  _HWI_TIC28x_ConfigureIRQ                                           
0     003d89b9  _HWI_TIC28x_DisableIRQ                                             
0     003d8780  _HWI_TIC28x_EnableIRQ                                              
0     003d8c09  _HWI_TIC28x_EnablePendingIRQ                                       
0     003d904f  _I2CINT1A_ISR                                                      
0     003d9059  _I2CINT2A_ISR                                                      
1     00007900  _I2caRegs                                                          
0     003d8e0b  _ILLEGAL_ISR                                                       
0     003d8dcf  _INT13_ISR                                                         
0     003d8dd9  _INT14_ISR                                                         
0     003d916a  _InitAdc                                                           
0     003d9193  _InitAdcAio                                                        
0     003d9d01  _InitCpuTimers                                                     
0     0000845f  _InitFlash                                                         
0     003d96ca  _InitGpio                                                          
0     003d95e3  _InitPeripheralClocks                                              
0     003da185  _InitPieCtrl                                                       
0     003da1ad  _InitPieVectTable                                                  
0     003d9561  _InitPll                                                           
0     003d95b5  _InitPll2                                                          
0     003d9535  _InitSysCtrl                                                       
0     003d966a  _IntOsc1Sel                                                        
0     003d967a  _IntOsc2Sel                                                        
1     0000e278  _IsrOverrun                                                        
0     003d913f  _LUF_ISR                                                           
0     003d9135  _LVF_ISR                                                           
0     003d8fff  _MRINTA_ISR                                                        
1     0000e282  _MW_InterruptDisableLock                                           
0     003d9b16  _MW_SPI_Close                                                      
0     003d9b11  _MW_SPI_GetStatus                                                  
0     003d9ac1  _MW_SPI_MasterWriteRead_8bits                                      
0     003d9a4f  _MW_SPI_Open                                                       
0     003d9ab4  _MW_SPI_SetBusSpeed                                                
0     003d9a65  _MW_SPI_SetFormat                                                  
0     003d9aba  _MW_SPI_SetSlaveSelect                                             
0     003d9b0a  _MW_SPI_SlaveWriteRead_8bits                                       
1     0000e001  _MW_adcInitFlag                                                    
0     003d9009  _MXINTA_ISR                                                        
1     00005000  _McbspaRegs                                                        
0     003d8e01  _NMI_ISR                                                           
1     00007060  _NmiIntruptRegs                                                    
0     003d96bf  _OneTimeGpioInit                                                   
0     003d9156  _PIE_RESERVED                                                      
1     003d7e80  _PartIdRegs                                                        
1     00000ce0  _PieCtrlRegs                                                       
1     00000d00  _PieVectTable                                                      
0     003da710  _PieVectTableInit                                                  
0     003d8ded  _RTOSINT_ISR                                                       
0     003da70f  _RamfuncsLoadEnd                                                   
0     003da291  _RamfuncsLoadStart                                                 
0     00008000  _RamfuncsRunStart                                                  
0     003d9880  _SCIRXINTA                                                         
0     003d9063  _SCIRXINTA_ISR                                                     
0     003d9077  _SCIRXINTB_ISR                                                     
0     003d906d  _SCITXINTA_ISR                                                     
0     003d9081  _SCITXINTB_ISR                                                     
0     003d8fd7  _SPIRXINTA_ISR                                                     
0     003d8feb  _SPIRXINTB_ISR                                                     
0     003d8fe1  _SPITXINTA_ISR                                                     
0     003d8ff5  _SPITXINTB_ISR                                                     
0     003d99ea  _SPI_clockFormat                                                   
0     003d9933  _SPI_init                                                          
1     0000e274  _SPI_oneTimeInit                                                   
0     003d9a05  _SPI_status                                                        
1     00007050  _SciaRegs                                                          
1     00007750  _ScibRegs                                                          
0     003d954f  _ServiceDog                                                        
0     003d97f6  _Set_GPIOPin                                                       
1     00007040  _SpiaRegs                                                          
1     00007740  _SpibRegs                                                          
1     00007010  _SysCtrlRegs                                                       
1     00000985  _SysPwrCtrlRegs                                                    
0     003d8ebf  _TINT0_ISR                                                         
0     003d9f17  _TINT0_isr                                                         
0     003d8fcd  _USB0_INT_ISR                                                      
0     003d8e6f  _USER10_ISR                                                        
0     003d8e79  _USER11_ISR                                                        
0     003d8e83  _USER12_ISR                                                        
0     003d8e15  _USER1_ISR                                                         
0     003d8e1f  _USER2_ISR                                                         
0     003d8e29  _USER3_ISR                                                         
0     003d8e33  _USER4_ISR                                                         
0     003d8e3d  _USER5_ISR                                                         
0     003d8e47  _USER6_ISR                                                         
0     003d8e51  _USER7_ISR                                                         
0     003d8e5b  _USER8_ISR                                                         
0     003d8e65  _USER9_ISR                                                         
1     00004000  _Usb0Regs                                                          
0     003d8ec9  _WAKEINT_ISR                                                       
0     003d8ea1  _XINT1_ISR                                                         
0     003d8eab  _XINT2_ISR                                                         
0     003d912b  _XINT3_ISR                                                         
1     00007070  _XIntruptRegs                                                      
0     003d968e  _XtalOscSel                                                        
1     00000402  __STACK_END                                                        
abs   00000400  __STACK_SIZE                                                       
1     0000e23a  ___TI_cleanup_ptr                                                  
1     0000e23c  ___TI_dtors_ptr                                                    
1     0000e238  ___TI_enable_exit_profile_output                                   
abs   ffffffff  ___TI_pprof_out_hndl                                               
abs   ffffffff  ___TI_prof_data_size                                               
abs   ffffffff  ___TI_prof_data_start                                              
abs   ffffffff  ___binit__                                                         
1     0000e000  ___bss__                                                           
abs   ffffffff  ___c_args__                                                        
0     003da84a  ___cinit__                                                         
1     0000e000  ___data__                                                          
1     0000e000  ___edata__                                                         
1     0000e000  ___end__                                                           
0     003da291  ___etext__                                                         
abs   ffffffff  ___pinit__                                                         
0     003d8000  ___text__                                                          
0     003da262  __args_main                                                        
1     0000e23e  __lock                                                             
0     003da27c  __nop                                                              
0     003da278  __register_lock                                                    
0     003da274  __register_unlock                                                  
1     00000002  __stack                                                            
0     003da290  __system_post_cinit                                                
0     003da28e  __system_pre_init                                                  
1     0000e27c  __unlock                                                           
0     003da15c  _abort                                                             
0     003d9f61  _atan                                                              
0     003d9e7a  _atan2                                                             
0     003da089  _atan2f                                                            
0     003da082  _atanf                                                             
0     003da28c  _bootloaderBackgroundTask                                          
0     003da28d  _bootloaderInit                                                    
0     003da092  _c2000_flash_init                                                  
0     003d9dd0  _c_int00                                                           
1     0000e270  _checkSCITransmitInProgressA                                       
0     003d9b73  _config_ADC_SOC0_SOC1                                              
0     003d9ba1  _config_ADC_SOC2                                                   
0     003d9b46  _config_ADC_SOC3                                                   
0     003d9b1b  _config_ADC_SOC4_SOC5                                              
0     003da032  _config_QEP_eQEP1                                                  
0     003da15b  _config_ePWMSyncSource                                             
0     003da133  _config_ePWM_GPIO                                                  
0     003da153  _config_ePWM_TBSync                                                
0     003d9ec9  _configureTimer0                                                   
0     003da1d3  _copy_in                                                           
0     003da0a1  _cos                                                               
0     003da06d  _cosf                                                              
0     003d9ef6  _disableTimer0Interrupt                                            
0     003d9e26  _disableWatchdog                                                   
0     003d9eee  _enableTimer0Interrupt                                             
0     003da15e  _exit                                                              
0     003d9d77  _floor                                                             
0     003d9d77  _floorf                                                            
1     0000e272  _frameA1Count                                                      
1     0000e271  _frameA1Transmitted                                                
0     003da25a  _globalInterruptDisable                                            
0     003da24e  _globalInterruptEnable                                             
0     003d9e31  _init_SCI                                                          
0     003d952d  _init_SCIFrame                                                     
0     003d9e66  _init_SCI_GPIO                                                     
0     003d9fef  _init_board                                                        
1     0000e27e  _isRateRunning                                                     
0     003d9c1e  _main                                                              
0     003da218  _memcpy                                                            
0     003da285  _memset                                                            
1     0000e258  _mySpi                                                             
1     0000e280  _need2runFlags                                                     
0     003d9f0c  _restoreTimer0Interrupt                                            
0     003d9160  _rsvd_ISR                                                          
0     003d9fab  _rtGetInf                                                          
0     003d9fc4  _rtGetInfF                                                         
0     003d9fcd  _rtGetMinusInf                                                     
0     003d9fe6  _rtGetMinusInfF                                                    
0     003da109  _rtGetNaN                                                          
0     003da122  _rtGetNaNF                                                         
1     0000e22c  _rtInf                                                             
1     0000e232  _rtInfF                                                            
0     003d9c97  _rtIsInf                                                           
0     003d9caf  _rtIsInfF                                                          
0     003d9cc7  _rtIsNaN                                                           
0     003d9cea  _rtIsNaNF                                                          
1     0000e22e  _rtMinusInf                                                        
1     0000e234  _rtMinusInfF                                                       
1     0000e230  _rtNaN                                                             
1     0000e236  _rtNaNF                                                            
0     003d9c6f  _rt_InitInfAndNaN                                                  
0     003d9bd9  _rt_OneStep                                                        
1     0000e27a  _runModel                                                          
0     003d93e4  _scia_rcv                                                          
0     003d9464  _scia_rcv_varsize                                                  
0     003d93a1  _scia_xmit                                                         
0     003da0d5  _sin                                                               
0     003da074  _sinf                                                              
0     003da1f7  _sqrt                                                              
0     003da07b  _sqrtf                                                             
1     0000e279  _stopRequested                                                     
abs   ffffffff  binit                                                              
0     003da84a  cinit                                                              
0     003f7ff6  code_start                                                         
1     0000e000  edata                                                              
1     0000e000  end                                                                
0     003da291  etext                                                              
abs   ffffffff  pinit                                                              


GLOBAL SYMBOLS: SORTED BY Symbol Address 

page  address   name                                                               
----  -------   ----                                                               
0     00008000  _Copy_of_mcb__CurrentControl                                       
0     00008000  _RamfuncsRunStart                                                  
0     0000845f  _InitFlash                                                         
0     0000847a  _DSP28x_usDelay                                                    
0     003d8000  .text                                                              
0     003d8000  _Copy_of_mcb_bldc_sixstep_f28069mLaunchPad_SetEventsForThisBaseStep
0     003d8000  ___text__                                                          
0     003d801a  _Copy_of_mcb_bldc_s_Position                                       
0     003d808c  _Copy_of_mcb_bldc_BitExtract                                       
0     003d80c6  _Copy_of_mcb_bl_HallValueof1                                       
0     003d80d0  _Copy_of_mcb_bl_HallValueof2                                       
0     003d80da  _Copy_of_mcb_bl_HallValueof3                                       
0     003d80e2  _Copy_of_mcb_bl_HallValueof4                                       
0     003d80ec  _Copy_of_mcb_bl_HallValueof5                                       
0     003d80f6  _Copy_of_mcb_bl_HallValueof7                                       
0     003d80fd  _Copy_of_CurrentControl_Init                                       
0     003d826d  _Copy_o_CurrentControl_Reset                                       
0     003d8277  _Copy_SPIMasterTransfer_Init                                       
0     003d82a0  _Copy_of_m_SPIMasterTransfer                                       
0     003d82c5  _Copy_SPIMasterTransfer_Term                                       
0     003d82e1  _Copy_of_m_SpeedControl_Init                                       
0     003d82f1  _Copy_of_mcb_bl_SpeedControl                                       
0     003d848e  _Copy_of_mcb_bldc_sixstep_f28069mLaunchPad_step0                   
0     003d84d3  _Copy_of_mcb_bldc_sixstep_f28069mLaunchPad_step1                   
0     003d851c  _Copy_of_mcb_bldc_sixstep_f28069mLaunchPad_initialize              
0     003d874b  _Copy_of_mcb_bldc_sixstep_f28069mLaunchPad_terminate               
0     003d8754  _Copy_of_mcb_bldc_sixstep_f28069mLaunchPad_configure_interrupts    
0     003d8767  _Copy_of_mcb_bldc_sixstep_f28069mLaunchPad_unconfigure_interrupts  
0     003d876e  _HWI_TIC28x_ConfigureIRQ                                           
0     003d8780  _HWI_TIC28x_EnableIRQ                                              
0     003d89b9  _HWI_TIC28x_DisableIRQ                                             
0     003d8c09  _HWI_TIC28x_EnablePendingIRQ                                       
0     003d8db2  _HWI_TIC28x_AcknowledgeIrq                                         
0     003d8dcf  _INT13_ISR                                                         
0     003d8dd9  _INT14_ISR                                                         
0     003d8de3  _DATALOG_ISR                                                       
0     003d8ded  _RTOSINT_ISR                                                       
0     003d8df7  _EMUINT_ISR                                                        
0     003d8e01  _NMI_ISR                                                           
0     003d8e0b  _ILLEGAL_ISR                                                       
0     003d8e15  _USER1_ISR                                                         
0     003d8e1f  _USER2_ISR                                                         
0     003d8e29  _USER3_ISR                                                         
0     003d8e33  _USER4_ISR                                                         
0     003d8e3d  _USER5_ISR                                                         
0     003d8e47  _USER6_ISR                                                         
0     003d8e51  _USER7_ISR                                                         
0     003d8e5b  _USER8_ISR                                                         
0     003d8e65  _USER9_ISR                                                         
0     003d8e6f  _USER10_ISR                                                        
0     003d8e79  _USER11_ISR                                                        
0     003d8e83  _USER12_ISR                                                        
0     003d8e8d  _ADCINT1_ISR                                                       
0     003d8e97  _ADCINT2_ISR                                                       
0     003d8ea1  _XINT1_ISR                                                         
0     003d8eab  _XINT2_ISR                                                         
0     003d8eb5  _ADCINT9_ISR                                                       
0     003d8ebf  _TINT0_ISR                                                         
0     003d8ec9  _WAKEINT_ISR                                                       
0     003d8ed3  _EPWM1_TZINT_ISR                                                   
0     003d8edd  _EPWM2_TZINT_ISR                                                   
0     003d8ee7  _EPWM3_TZINT_ISR                                                   
0     003d8ef1  _EPWM4_TZINT_ISR                                                   
0     003d8efb  _EPWM5_TZINT_ISR                                                   
0     003d8f05  _EPWM6_TZINT_ISR                                                   
0     003d8f0f  _EPWM7_TZINT_ISR                                                   
0     003d8f19  _EPWM8_TZINT_ISR                                                   
0     003d8f23  _EPWM1_INT_ISR                                                     
0     003d8f2d  _EPWM2_INT_ISR                                                     
0     003d8f37  _EPWM3_INT_ISR                                                     
0     003d8f41  _EPWM4_INT_ISR                                                     
0     003d8f4b  _EPWM5_INT_ISR                                                     
0     003d8f55  _EPWM6_INT_ISR                                                     
0     003d8f5f  _EPWM7_INT_ISR                                                     
0     003d8f69  _EPWM8_INT_ISR                                                     
0     003d8f73  _ECAP1_INT_ISR                                                     
0     003d8f7d  _ECAP2_INT_ISR                                                     
0     003d8f87  _ECAP3_INT_ISR                                                     
0     003d8f91  _HRCAP1_INT_ISR                                                    
0     003d8f9b  _HRCAP2_INT_ISR                                                    
0     003d8fa5  _EQEP1_INT_ISR                                                     
0     003d8faf  _EQEP2_INT_ISR                                                     
0     003d8fb9  _HRCAP3_INT_ISR                                                    
0     003d8fc3  _HRCAP4_INT_ISR                                                    
0     003d8fcd  _USB0_INT_ISR                                                      
0     003d8fd7  _SPIRXINTA_ISR                                                     
0     003d8fe1  _SPITXINTA_ISR                                                     
0     003d8feb  _SPIRXINTB_ISR                                                     
0     003d8ff5  _SPITXINTB_ISR                                                     
0     003d8fff  _MRINTA_ISR                                                        
0     003d9009  _MXINTA_ISR                                                        
0     003d9013  _DINTCH1_ISR                                                       
0     003d901d  _DINTCH2_ISR                                                       
0     003d9027  _DINTCH3_ISR                                                       
0     003d9031  _DINTCH4_ISR                                                       
0     003d903b  _DINTCH5_ISR                                                       
0     003d9045  _DINTCH6_ISR                                                       
0     003d904f  _I2CINT1A_ISR                                                      
0     003d9059  _I2CINT2A_ISR                                                      
0     003d9063  _SCIRXINTA_ISR                                                     
0     003d906d  _SCITXINTA_ISR                                                     
0     003d9077  _SCIRXINTB_ISR                                                     
0     003d9081  _SCITXINTB_ISR                                                     
0     003d908b  _ECAN0INTA_ISR                                                     
0     003d9095  _ECAN1INTA_ISR                                                     
0     003d909f  _ADCINT3_ISR                                                       
0     003d90a9  _ADCINT4_ISR                                                       
0     003d90b3  _ADCINT5_ISR                                                       
0     003d90bd  _ADCINT6_ISR                                                       
0     003d90c7  _ADCINT7_ISR                                                       
0     003d90d1  _ADCINT8_ISR                                                       
0     003d90db  _CLA1_INT1_ISR                                                     
0     003d90e5  _CLA1_INT2_ISR                                                     
0     003d90ef  _CLA1_INT3_ISR                                                     
0     003d90f9  _CLA1_INT4_ISR                                                     
0     003d9103  _CLA1_INT5_ISR                                                     
0     003d910d  _CLA1_INT6_ISR                                                     
0     003d9117  _CLA1_INT7_ISR                                                     
0     003d9121  _CLA1_INT8_ISR                                                     
0     003d912b  _XINT3_ISR                                                         
0     003d9135  _LVF_ISR                                                           
0     003d913f  _LUF_ISR                                                           
0     003d9149  _EMPTY_ISR                                                         
0     003d9156  _PIE_RESERVED                                                      
0     003d9160  _rsvd_ISR                                                          
0     003d916a  _InitAdc                                                           
0     003d9193  _InitAdcAio                                                        
0     003d91b5  _AdcOffsetSelfCal                                                  
0     003d91dc  _AdcChanSelect                                                     
0     003d9251  _AdcConversion                                                     
0     003d93a1  _scia_xmit                                                         
0     003d93e4  _scia_rcv                                                          
0     003d9464  _scia_rcv_varsize                                                  
0     003d952d  _init_SCIFrame                                                     
0     003d9535  _InitSysCtrl                                                       
0     003d954f  _ServiceDog                                                        
0     003d9559  _DisableDog                                                        
0     003d9561  _InitPll                                                           
0     003d95b5  _InitPll2                                                          
0     003d95e3  _InitPeripheralClocks                                              
0     003d9639  _CsmUnlock                                                         
0     003d966a  _IntOsc1Sel                                                        
0     003d967a  _IntOsc2Sel                                                        
0     003d968e  _XtalOscSel                                                        
0     003d96a9  _ExtOscSel                                                         
0     003d96bf  _OneTimeGpioInit                                                   
0     003d96ca  _InitGpio                                                          
0     003d96f7  _GPIO_SetupPinMux                                                  
0     003d9735  _GPIO_SetupPinOptions                                              
0     003d97aa  _GPIO_ReadPin                                                      
0     003d97c1  _GPIO_WritePin                                                     
0     003d97df  _GPIO_TogglePin                                                    
0     003d97f6  _Set_GPIOPin                                                       
0     003d9804  _ADCINT1                                                           
0     003d9880  _SCIRXINTA                                                         
0     003d9933  _SPI_init                                                          
0     003d99ea  _SPI_clockFormat                                                   
0     003d9a05  _SPI_status                                                        
0     003d9a4f  _MW_SPI_Open                                                       
0     003d9a65  _MW_SPI_SetFormat                                                  
0     003d9ab4  _MW_SPI_SetBusSpeed                                                
0     003d9aba  _MW_SPI_SetSlaveSelect                                             
0     003d9ac1  _MW_SPI_MasterWriteRead_8bits                                      
0     003d9b0a  _MW_SPI_SlaveWriteRead_8bits                                       
0     003d9b11  _MW_SPI_GetStatus                                                  
0     003d9b16  _MW_SPI_Close                                                      
0     003d9b1b  _config_ADC_SOC4_SOC5                                              
0     003d9b46  _config_ADC_SOC3                                                   
0     003d9b73  _config_ADC_SOC0_SOC1                                              
0     003d9ba1  _config_ADC_SOC2                                                   
0     003d9bd9  _rt_OneStep                                                        
0     003d9c1e  _main                                                              
0     003d9c6f  _rt_InitInfAndNaN                                                  
0     003d9c97  _rtIsInf                                                           
0     003d9caf  _rtIsInfF                                                          
0     003d9cc7  _rtIsNaN                                                           
0     003d9cea  _rtIsNaNF                                                          
0     003d9d01  _InitCpuTimers                                                     
0     003d9d3c  _ConfigCpuTimer                                                    
0     003d9d77  _floor                                                             
0     003d9d77  _floorf                                                            
0     003d9dd0  _c_int00                                                           
0     003d9e26  _disableWatchdog                                                   
0     003d9e31  _init_SCI                                                          
0     003d9e66  _init_SCI_GPIO                                                     
0     003d9e7a  _atan2                                                             
0     003d9ec9  _configureTimer0                                                   
0     003d9eee  _enableTimer0Interrupt                                             
0     003d9ef6  _disableTimer0Interrupt                                            
0     003d9f0c  _restoreTimer0Interrupt                                            
0     003d9f17  _TINT0_isr                                                         
0     003d9f61  _atan                                                              
0     003d9fab  _rtGetInf                                                          
0     003d9fc4  _rtGetInfF                                                         
0     003d9fcd  _rtGetMinusInf                                                     
0     003d9fe6  _rtGetMinusInfF                                                    
0     003d9fef  _init_board                                                        
0     003da032  _config_QEP_eQEP1                                                  
0     003da06d  _cosf                                                              
0     003da074  _sinf                                                              
0     003da07b  _sqrtf                                                             
0     003da082  _atanf                                                             
0     003da089  _atan2f                                                            
0     003da092  _c2000_flash_init                                                  
0     003da0a1  _cos                                                               
0     003da0d5  _sin                                                               
0     003da109  _rtGetNaN                                                          
0     003da122  _rtGetNaNF                                                         
0     003da133  _config_ePWM_GPIO                                                  
0     003da153  _config_ePWM_TBSync                                                
0     003da15b  _config_ePWMSyncSource                                             
0     003da15c  C$$EXIT                                                            
0     003da15c  _abort                                                             
0     003da15e  _exit                                                              
0     003da185  _InitPieCtrl                                                       
0     003da1a4  _EnableInterrupts                                                  
0     003da1ad  _InitPieVectTable                                                  
0     003da1d3  _copy_in                                                           
0     003da1f7  _sqrt                                                              
0     003da218  _memcpy                                                            
0     003da235  FS$$DIV                                                            
0     003da24e  _globalInterruptEnable                                             
0     003da25a  _globalInterruptDisable                                            
0     003da262  __args_main                                                        
0     003da274  __register_unlock                                                  
0     003da278  __register_lock                                                    
0     003da27c  __nop                                                              
0     003da285  _memset                                                            
0     003da28c  _bootloaderBackgroundTask                                          
0     003da28d  _bootloaderInit                                                    
0     003da28e  __system_pre_init                                                  
0     003da290  __system_post_cinit                                                
0     003da291  _RamfuncsLoadStart                                                 
0     003da291  ___etext__                                                         
0     003da291  etext                                                              
0     003da70f  _RamfuncsLoadEnd                                                   
0     003da710  _PieVectTableInit                                                  
0     003da810  _Copy_of_mcb_bldc_sixstep_ConstP                                   
0     003da840  _Copy_of_mcb_bldc_sixstep_ConstB                                   
0     003da844  _Copy_of_mcb_bldc_sixstep_f28_M                                    
0     003da84a  ___cinit__                                                         
0     003da84a  cinit                                                              
0     003f7ff6  code_start                                                         
0     003fd590  _FPUsinTable                                                       
0     003fd690  _FPUcosTable                                                       
0     003fd990  _FPUsinTableEnd                                                    
0     003fda92  _FPUatan2HalfPITable                                               
0     003fda92  _FPUcosTableEnd                                                    
0     003fda96  _FPUatan2Table                                                     
0     003fdc1c  _FPUatan2TableEnd                                                  
1     00000002  __stack                                                            
1     00000402  __STACK_END                                                        
1     00000880  _DevEmuRegs                                                        
1     00000985  _SysPwrCtrlRegs                                                    
1     00000a80  _FlashRegs                                                         
1     00000ae0  _CsmRegs                                                           
1     00000b00  _AdcResult                                                         
1     00000c00  _CpuTimer0Regs                                                     
1     00000c08  _CpuTimer1Regs                                                     
1     00000c10  _CpuTimer2Regs                                                     
1     00000ce0  _PieCtrlRegs                                                       
1     00000d00  _EmuKey                                                            
1     00000d00  _PieVectTable                                                      
1     00000d01  _EmuBMode                                                          
1     00000d02  _Flash_CallbackPtr                                                 
1     00000d04  _Flash_CPUScaleFactor                                              
1     00001000  _DmaRegs                                                           
1     00001400  _Cla1Regs                                                          
1     00004000  _Usb0Regs                                                          
1     00005000  _McbspaRegs                                                        
1     00006000  _ECanaRegs                                                         
1     00006040  _ECanaLAMRegs                                                      
1     00006080  _ECanaMOTSRegs                                                     
1     000060c0  _ECanaMOTORegs                                                     
1     00006100  _ECanaMboxes                                                       
1     00006400  _Comp1Regs                                                         
1     00006420  _Comp2Regs                                                         
1     00006440  _Comp3Regs                                                         
1     00006800  _EPwm1Regs                                                         
1     00006840  _EPwm2Regs                                                         
1     00006880  _EPwm3Regs                                                         
1     000068c0  _EPwm4Regs                                                         
1     00006900  _EPwm5Regs                                                         
1     00006940  _EPwm6Regs                                                         
1     00006980  _EPwm7Regs                                                         
1     000069c0  _EPwm8Regs                                                         
1     00006a00  _ECap1Regs                                                         
1     00006a20  _ECap2Regs                                                         
1     00006a40  _ECap3Regs                                                         
1     00006ac0  _HRCap1Regs                                                        
1     00006ae0  _HRCap2Regs                                                        
1     00006b00  _EQep1Regs                                                         
1     00006b40  _EQep2Regs                                                         
1     00006c80  _HRCap3Regs                                                        
1     00006ca0  _HRCap4Regs                                                        
1     00006f80  _GpioCtrlRegs                                                      
1     00006fc0  _GpioDataRegs                                                      
1     00006fe0  _GpioIntRegs                                                       
1     00007010  _SysCtrlRegs                                                       
1     00007040  _SpiaRegs                                                          
1     00007050  _SciaRegs                                                          
1     00007060  _NmiIntruptRegs                                                    
1     00007070  _XIntruptRegs                                                      
1     00007100  _AdcRegs                                                           
1     00007740  _SpibRegs                                                          
1     00007750  _ScibRegs                                                          
1     00007900  _I2caRegs                                                          
1     0000e000  .bss                                                               
1     0000e000  .data                                                              
1     0000e000  _Copy_of_mcb_bldc_PrevZCSigState                                   
1     0000e000  ___bss__                                                           
1     0000e000  ___data__                                                          
1     0000e000  ___edata__                                                         
1     0000e000  ___end__                                                           
1     0000e000  edata                                                              
1     0000e000  end                                                                
1     0000e001  _MW_adcInitFlag                                                    
1     0000e040  _Copy_of_mcb_bldc_sixstep__DWork                                   
1     0000e0c0  _Copy_of_mcb_bldc_sixstep_f280_B                                   
1     0000e22c  _rtInf                                                             
1     0000e22e  _rtMinusInf                                                        
1     0000e230  _rtNaN                                                             
1     0000e232  _rtInfF                                                            
1     0000e234  _rtMinusInfF                                                       
1     0000e236  _rtNaNF                                                            
1     0000e238  ___TI_enable_exit_profile_output                                   
1     0000e23a  ___TI_cleanup_ptr                                                  
1     0000e23c  ___TI_dtors_ptr                                                    
1     0000e23e  __lock                                                             
1     0000e240  _CpuTimer0                                                         
1     0000e248  _CpuTimer1                                                         
1     0000e250  _CpuTimer2                                                         
1     0000e258  _mySpi                                                             
1     0000e270  _checkSCITransmitInProgressA                                       
1     0000e271  _frameA1Transmitted                                                
1     0000e272  _frameA1Count                                                      
1     0000e274  _SPI_oneTimeInit                                                   
1     0000e278  _IsrOverrun                                                        
1     0000e279  _stopRequested                                                     
1     0000e27a  _runModel                                                          
1     0000e27b  _GPIO_oneTimeInit                                                  
1     0000e27c  __unlock                                                           
1     0000e27e  _isRateRunning                                                     
1     0000e280  _need2runFlags                                                     
1     0000e282  _MW_InterruptDisableLock                                           
1     003d7e80  _PartIdRegs                                                        
1     003f7ff8  _CsmPwl                                                            
abs   00000400  __STACK_SIZE                                                       
abs   ffffffff  ___TI_pprof_out_hndl                                               
abs   ffffffff  ___TI_prof_data_size                                               
abs   ffffffff  ___TI_prof_data_start                                              
abs   ffffffff  ___binit__                                                         
abs   ffffffff  ___c_args__                                                        
abs   ffffffff  ___pinit__                                                         
abs   ffffffff  binit                                                              
abs   ffffffff  pinit                                                              

[356 symbols]
