******************************************************************************
             TMS320C2000 Linker PC v22.6.0                     
******************************************************************************
>> Linked Tue May 13 23:33:02 2025

OUTPUT FILE NAME:   <./Controller.out>
ENTRY POINT SYMBOL: "_c_int00"  address: 003da160


MEMORY CONFIGURATION

         name            origin    length      used     unused   attr    fill
----------------------  --------  ---------  --------  --------  ----  --------
PAGE 0:
  BEGINRAM              00000000   00000002  00000000  00000002  RWIX
  PRAM                  00008000   00006000  0000001f  00005fe1  RWIX
  OTP                   003d7800   000003fa  00000000  000003fa  RWIX
  FLASH                 003d8000   0001fff0  0000288b  0001d765  RWIX
  BEGINFLASH            003f7ff6   00000002  00000002  00000000  RWIX
  CSM_PWL               003f7ff8   00000008  00000000  00000008  RWIX
  FPUTABLES             003fd590   000006a0  000006a0  00000000  RWIX
  IQTABLES              003fdc30   00000b50  00000000  00000b50  RWIX
  IQTABLES2             003fe780   0000008c  00000000  0000008c  RWIX
  IQTABLES3             003fe80c   000000aa  00000000  000000aa  RWIX
  BOOTROM               003ff3b0   00000c10  00000000  00000c10  RWIX
  RESET                 003fffc0   00000002  00000000  00000002  RWIX
  VECTORS               003fffc2   0000003e  00000000  0000003e  RWIX

PAGE 1:
  RAMM0M1               00000002   000007fe  00000400  000003fe  RWIX
  DEV_EMU               00000880   00000105  00000004  00000101  RWIX
  SYS_PWR_CTL           00000985   00000003  00000003  00000000  RWIX
  FLASH_REGS            00000a80   00000060  00000008  00000058  RWIX
  CSM                   00000ae0   00000020  00000010  00000010  RWIX
  ADC_RESULT            00000b00   00000020  00000010  00000010  RWIX
  CPU_TIMER0            00000c00   00000008  00000008  00000000  RWIX
  CPU_TIMER1            00000c08   00000008  00000008  00000000  RWIX
  CPU_TIMER2            00000c10   00000008  00000008  00000000  RWIX
  PIE_CTRL              00000ce0   00000020  0000001a  00000006  RWIX
  PIE_VECT              00000d00   00000100  00000100  00000000  RWIX
  DMA                   00001000   00000200  000000e0  00000120  RWIX
  CLA1                  00001400   00000080  00000040  00000040  RWIX
  USB0                  00004000   00001000  00000454  00000bac  RWIX
  McBSPA                00005000   00000040  00000024  0000001c  RWIX
  ECANA                 00006000   00000040  00000034  0000000c  RWIX
  ECANA_LAM             00006040   00000040  00000040  00000000  RWIX
  ECANA_MOTS            00006080   00000040  00000040  00000000  RWIX
  ECANA_MOTO            000060c0   00000040  00000040  00000000  RWIX
  ECANA_MBOX            00006100   00000100  00000100  00000000  RWIX
  COMP1                 00006400   00000020  00000014  0000000c  RWIX
  COMP2                 00006420   00000020  00000014  0000000c  RWIX
  COMP3                 00006440   00000020  00000014  0000000c  RWIX
  EPWM1                 00006800   00000040  00000040  00000000  RWIX
  EPWM2                 00006840   00000040  00000040  00000000  RWIX
  EPWM3                 00006880   00000040  00000040  00000000  RWIX
  EPWM4                 000068c0   00000040  00000040  00000000  RWIX
  EPWM5                 00006900   00000040  00000040  00000000  RWIX
  EPWM6                 00006940   00000040  00000040  00000000  RWIX
  EPWM7                 00006980   00000040  00000040  00000000  RWIX
  EPWM8                 000069c0   00000040  00000040  00000000  RWIX
  ECAP1                 00006a00   00000020  00000020  00000000  RWIX
  ECAP2                 00006a20   00000020  00000020  00000000  RWIX
  ECAP3                 00006a40   00000020  00000020  00000000  RWIX
  HRCAP1                00006ac0   00000020  00000020  00000000  RWIX
  HRCAP2                00006ae0   00000020  00000020  00000000  RWIX
  EQEP1                 00006b00   00000040  00000022  0000001e  RWIX
  EQEP2                 00006b40   00000040  00000022  0000001e  RWIX
  HRCAP3                00006c80   00000020  00000020  00000000  RWIX
  HRCAP4                00006ca0   00000020  00000020  00000000  RWIX
  GPIOCTRL              00006f80   00000040  00000040  00000000  RWIX
  GPIODAT               00006fc0   00000020  00000020  00000000  RWIX
  GPIOINT               00006fe0   00000020  00000020  00000000  RWIX
  SYSTEM                00007010   00000030  00000030  00000000  RWIX
  SPIA                  00007040   00000010  00000010  00000000  RWIX
  SCIA                  00007050   00000010  00000010  00000000  RWIX
  NMIINTRUPT            00007060   00000010  00000010  00000000  RWIX
  XINTRUPT              00007070   00000010  00000010  00000000  RWIX
  ADC                   00007100   00000080  00000050  00000030  RWIX
  SPIB                  00007740   00000010  00000010  00000000  RWIX
  SCIB                  00007750   00000010  00000010  00000000  RWIX
  I2CA                  00007900   00000040  00000022  0000001e  RWIX
  DRAM                  0000e000   00006000  00000290  00005d70  RWIX
  PARTID                003d7e80   00000001  00000001  00000000  RWIX
  CSM_PWL               003f7ff8   00000008  00000008  00000000  RWIX


SECTION ALLOCATION MAP

 output                                  attributes/
section   page    origin      length       input sections
--------  ----  ----------  ----------   ----------------
DevEmuRegsFile 
*          1    00000880    00000004     UNINITIALIZED
                  00000880    00000004     F2806x_GlobalVariableDefs.obj (DevEmuRegsFile)

SysPwrCtrlRegsFile 
*          1    00000985    00000003     UNINITIALIZED
                  00000985    00000003     F2806x_GlobalVariableDefs.obj (SysPwrCtrlRegsFile)

FlashRegsFile 
*          1    00000a80    00000008     UNINITIALIZED
                  00000a80    00000008     F2806x_GlobalVariableDefs.obj (FlashRegsFile)

CsmRegsFile 
*          1    00000ae0    00000010     UNINITIALIZED
                  00000ae0    00000010     F2806x_GlobalVariableDefs.obj (CsmRegsFile)

AdcResultFile 
*          1    00000b00    00000010     UNINITIALIZED
                  00000b00    00000010     F2806x_GlobalVariableDefs.obj (AdcResultFile)

CpuTimer0RegsFile 
*          1    00000c00    00000008     UNINITIALIZED
                  00000c00    00000008     F2806x_GlobalVariableDefs.obj (CpuTimer0RegsFile)

CpuTimer1RegsFile 
*          1    00000c08    00000008     UNINITIALIZED
                  00000c08    00000008     F2806x_GlobalVariableDefs.obj (CpuTimer1RegsFile)

CpuTimer2RegsFile 
*          1    00000c10    00000008     UNINITIALIZED
                  00000c10    00000008     F2806x_GlobalVariableDefs.obj (CpuTimer2RegsFile)

PieCtrlRegsFile 
*          1    00000ce0    0000001a     UNINITIALIZED
                  00000ce0    0000001a     F2806x_GlobalVariableDefs.obj (PieCtrlRegsFile)

PieVectTableFile 
*          1    00000d00    00000100     UNINITIALIZED
                  00000d00    00000100     F2806x_GlobalVariableDefs.obj (PieVectTableFile)

EmuKeyVar 
*          1    00000d00    00000001     UNINITIALIZED
                  00000d00    00000001     F2806x_GlobalVariableDefs.obj (EmuKeyVar)

EmuBModeVar 
*          1    00000d01    00000001     UNINITIALIZED
                  00000d01    00000001     F2806x_GlobalVariableDefs.obj (EmuBModeVar)

FlashCallbackVar 
*          1    00000d02    00000002     UNINITIALIZED
                  00000d02    00000002     F2806x_GlobalVariableDefs.obj (FlashCallbackVar)

FlashScalingVar 
*          1    00000d04    00000002     UNINITIALIZED
                  00000d04    00000002     F2806x_GlobalVariableDefs.obj (FlashScalingVar)

DmaRegsFile 
*          1    00001000    000000e0     UNINITIALIZED
                  00001000    000000e0     F2806x_GlobalVariableDefs.obj (DmaRegsFile)

Cla1RegsFile 
*          1    00001400    00000040     UNINITIALIZED
                  00001400    00000040     F2806x_GlobalVariableDefs.obj (Cla1RegsFile)

Usb0RegsFile 
*          1    00004000    00000454     UNINITIALIZED
                  00004000    00000454     F2806x_GlobalVariableDefs.obj (Usb0RegsFile)

McbspaRegsFile 
*          1    00005000    00000024     UNINITIALIZED
                  00005000    00000024     F2806x_GlobalVariableDefs.obj (McbspaRegsFile)

ECanaRegsFile 
*          1    00006000    00000034     UNINITIALIZED
                  00006000    00000034     F2806x_GlobalVariableDefs.obj (ECanaRegsFile)

ECanaLAMRegsFile 
*          1    00006040    00000040     UNINITIALIZED
                  00006040    00000040     F2806x_GlobalVariableDefs.obj (ECanaLAMRegsFile)

ECanaMOTSRegsFile 
*          1    00006080    00000040     UNINITIALIZED
                  00006080    00000040     F2806x_GlobalVariableDefs.obj (ECanaMOTSRegsFile)

ECanaMOTORegsFile 
*          1    000060c0    00000040     UNINITIALIZED
                  000060c0    00000040     F2806x_GlobalVariableDefs.obj (ECanaMOTORegsFile)

ECanaMboxesFile 
*          1    00006100    00000100     UNINITIALIZED
                  00006100    00000100     F2806x_GlobalVariableDefs.obj (ECanaMboxesFile)

Comp1RegsFile 
*          1    00006400    00000014     UNINITIALIZED
                  00006400    00000014     F2806x_GlobalVariableDefs.obj (Comp1RegsFile)

Comp2RegsFile 
*          1    00006420    00000014     UNINITIALIZED
                  00006420    00000014     F2806x_GlobalVariableDefs.obj (Comp2RegsFile)

Comp3RegsFile 
*          1    00006440    00000014     UNINITIALIZED
                  00006440    00000014     F2806x_GlobalVariableDefs.obj (Comp3RegsFile)

EPwm1RegsFile 
*          1    00006800    00000040     UNINITIALIZED
                  00006800    00000040     F2806x_GlobalVariableDefs.obj (EPwm1RegsFile)

EPwm2RegsFile 
*          1    00006840    00000040     UNINITIALIZED
                  00006840    00000040     F2806x_GlobalVariableDefs.obj (EPwm2RegsFile)

EPwm3RegsFile 
*          1    00006880    00000040     UNINITIALIZED
                  00006880    00000040     F2806x_GlobalVariableDefs.obj (EPwm3RegsFile)

EPwm4RegsFile 
*          1    000068c0    00000040     UNINITIALIZED
                  000068c0    00000040     F2806x_GlobalVariableDefs.obj (EPwm4RegsFile)

EPwm5RegsFile 
*          1    00006900    00000040     UNINITIALIZED
                  00006900    00000040     F2806x_GlobalVariableDefs.obj (EPwm5RegsFile)

EPwm6RegsFile 
*          1    00006940    00000040     UNINITIALIZED
                  00006940    00000040     F2806x_GlobalVariableDefs.obj (EPwm6RegsFile)

EPwm7RegsFile 
*          1    00006980    00000040     UNINITIALIZED
                  00006980    00000040     F2806x_GlobalVariableDefs.obj (EPwm7RegsFile)

EPwm8RegsFile 
*          1    000069c0    00000040     UNINITIALIZED
                  000069c0    00000040     F2806x_GlobalVariableDefs.obj (EPwm8RegsFile)

ECap1RegsFile 
*          1    00006a00    00000020     UNINITIALIZED
                  00006a00    00000020     F2806x_GlobalVariableDefs.obj (ECap1RegsFile)

ECap2RegsFile 
*          1    00006a20    00000020     UNINITIALIZED
                  00006a20    00000020     F2806x_GlobalVariableDefs.obj (ECap2RegsFile)

ECap3RegsFile 
*          1    00006a40    00000020     UNINITIALIZED
                  00006a40    00000020     F2806x_GlobalVariableDefs.obj (ECap3RegsFile)

HRCap1RegsFile 
*          1    00006ac0    00000020     UNINITIALIZED
                  00006ac0    00000020     F2806x_GlobalVariableDefs.obj (HRCap1RegsFile)

HRCap2RegsFile 
*          1    00006ae0    00000020     UNINITIALIZED
                  00006ae0    00000020     F2806x_GlobalVariableDefs.obj (HRCap2RegsFile)

EQep1RegsFile 
*          1    00006b00    00000022     UNINITIALIZED
                  00006b00    00000022     F2806x_GlobalVariableDefs.obj (EQep1RegsFile)

EQep2RegsFile 
*          1    00006b40    00000022     UNINITIALIZED
                  00006b40    00000022     F2806x_GlobalVariableDefs.obj (EQep2RegsFile)

HRCap3RegsFile 
*          1    00006c80    00000020     UNINITIALIZED
                  00006c80    00000020     F2806x_GlobalVariableDefs.obj (HRCap3RegsFile)

HRCap4RegsFile 
*          1    00006ca0    00000020     UNINITIALIZED
                  00006ca0    00000020     F2806x_GlobalVariableDefs.obj (HRCap4RegsFile)

GpioCtrlRegsFile 
*          1    00006f80    00000040     UNINITIALIZED
                  00006f80    00000040     F2806x_GlobalVariableDefs.obj (GpioCtrlRegsFile)

GpioDataRegsFile 
*          1    00006fc0    00000020     UNINITIALIZED
                  00006fc0    00000020     F2806x_GlobalVariableDefs.obj (GpioDataRegsFile)

GpioIntRegsFile 
*          1    00006fe0    00000020     UNINITIALIZED
                  00006fe0    00000020     F2806x_GlobalVariableDefs.obj (GpioIntRegsFile)

SysCtrlRegsFile 
*          1    00007010    00000030     UNINITIALIZED
                  00007010    00000030     F2806x_GlobalVariableDefs.obj (SysCtrlRegsFile)

SpiaRegsFile 
*          1    00007040    00000010     UNINITIALIZED
                  00007040    00000010     F2806x_GlobalVariableDefs.obj (SpiaRegsFile)

SciaRegsFile 
*          1    00007050    00000010     UNINITIALIZED
                  00007050    00000010     F2806x_GlobalVariableDefs.obj (SciaRegsFile)

NmiIntruptRegsFile 
*          1    00007060    00000010     UNINITIALIZED
                  00007060    00000010     F2806x_GlobalVariableDefs.obj (NmiIntruptRegsFile)

XIntruptRegsFile 
*          1    00007070    00000010     UNINITIALIZED
                  00007070    00000010     F2806x_GlobalVariableDefs.obj (XIntruptRegsFile)

AdcRegsFile 
*          1    00007100    00000050     UNINITIALIZED
                  00007100    00000050     F2806x_GlobalVariableDefs.obj (AdcRegsFile)

SpibRegsFile 
*          1    00007740    00000010     UNINITIALIZED
                  00007740    00000010     F2806x_GlobalVariableDefs.obj (SpibRegsFile)

ScibRegsFile 
*          1    00007750    00000010     UNINITIALIZED
                  00007750    00000010     F2806x_GlobalVariableDefs.obj (ScibRegsFile)

I2caRegsFile 
*          1    00007900    00000022     UNINITIALIZED
                  00007900    00000022     F2806x_GlobalVariableDefs.obj (I2caRegsFile)

PartIdRegsFile 
*          1    003d7e80    00000001     UNINITIALIZED
                  003d7e80    00000001     F2806x_GlobalVariableDefs.obj (PartIdRegsFile)

CsmPwlFile 
*          1    003f7ff8    00000008     UNINITIALIZED
                  003f7ff8    00000008     F2806x_GlobalVariableDefs.obj (CsmPwlFile)

.text      0    003d801f    000025d2     
                  003d801f    000004eb     Controller.obj (.text)
                  003d850a    000003f6     xil_interface_lib.obj (.text)
                  003d8900    000003a8     xil_interface.obj (.text)
                  003d8ca8    0000039b     F2806x_DefaultIsr.obj (.text:retain)
                  003d9043    0000034b     Controller_ca.lib : coder_assumptions_hwimpl.obj (.text)
                  003d938e    0000022c     coder_assumptions_app.obj (.text)
                  003d95ba    000001f3     xil_instrumentation.obj (.text)
                  003d97ad    000001a7     rtiostream_serial_c28x.obj (.text)
                  003d9954    0000018a     F2806x_SysCtrl.obj (.text)
                  003d9ade    00000145     MW_c28xGPIO.obj (.text)
                  003d9c23    000000cf     rts2800_fpu32.lib : e_fmodf.c.obj (.text)
                  003d9cf2    000000c6     xil_data_stream.obj (.text)
                  003d9db8    000000b6     rt_nonfinite.obj (.text)
                  003d9e6e    00000083     xilcomms_rtiostream.obj (.text)
                  003d9ef1    0000007b     codeinstr_data_stream.obj (.text)
                  003d9f6c    00000076     F2806x_CpuTimers.obj (.text)
                  003d9fe2    00000074     rtGetInf.obj (.text)
                  003da056    00000059     rtGetNaN.obj (.text)
                  003da0af    00000059     rts2800_fpu32.lib : s_floorf.c.obj (.text)
                  003da108    00000058                       : s_scalbnf.c.obj (.text)
                  003da160    00000056                       : boot28.asm.obj (.text)
                  003da1b6    00000054     coder_assumptions_data_stream.obj (.text)
                  003da20a    00000053     xil_services.obj (.text)
                  003da25d    00000052     rtiostream_utils.obj (.text)
                  003da2af    0000004f     rts2800_fpu32_fast_supplement.lib : atan2_f32.obj (.text)
                  003da2fe    0000004a                                       : atan_f32.obj (.text)
                  003da348    00000035     MW_c28xx_board.obj (.text)
                  003da37d    00000034     rts2800_fpu32_fast_supplement.lib : cos_f32.obj (.text)
                  003da3b1    00000034                                       : sin_f32.obj (.text)
                  003da3e5    00000032     pil_main.obj (.text)
                  003da417    00000029     rts2800_fpu32.lib : exit.c.obj (.text)
                  003da440    00000028     F2806x_PieCtrl.obj (.text)
                  003da468    00000026     F2806x_PieVect.obj (.text)
                  003da48e    00000024     rts2800_fpu32.lib : cpy_tbl.c.obj (.text)
                  003da4b2    00000022                       : i_div28.asm.obj (.text)
                  003da4d4    00000021     rts2800_fpu32_fast_supplement.lib : sqrt_f32.obj (.text)
                  003da4f5    0000001e     rts2800_fpu32.lib : ll_cmp28.asm.obj (.text)
                  003da513    0000001d                       : memcpy.c.obj (.text)
                  003da530    0000001c     codeinstr_rtiostream.obj (.text)
                  003da54c    0000001c     coder_assumptions_rtiostream.obj (.text)
                  003da568    0000001c     xil_rtiostream.obj (.text)
                  003da584    00000019     rts2800_fpu32_fast_supplement.lib : div_f32.obj (.text)
                  003da59d    00000015     Controller_ca.lib : Controller_ca.obj (.text)
                  003da5b2    00000012     rts2800_fpu32.lib : args_main.c.obj (.text)
                  003da5c4    00000011                       : s_copysignf.c.obj (.text)
                  003da5d5    00000009                       : _lock.c.obj (.text)
                  003da5de    00000008     F2806x_CodeStartBranch.obj (.text)
                  003da5e6    00000008     rts2800_fpu32.lib : strlen.c.obj (.text)
                  003da5ee    00000002                       : pre_init.c.obj (.text)
                  003da5f0    00000001                       : startup.c.obj (.text)

.switch    0    003da81c    00000070     
                  003da81c    00000054     xil_interface_lib.obj (.switch:_computeNextState)
                  003da870    0000001c     xil_interface_lib.obj (.switch:_xilProcessMsg)

.bss       1    0000e000    00000000     UNINITIALIZED

.ebss      1    0000e000    00000290     UNINITIALIZED
                  0000e000    000000a2     Controller.obj (.ebss)
                  0000e0a2    00000018     F2806x_CpuTimers.obj (.ebss)
                  0000e0ba    00000006     coder_assumptions_data_stream.obj (.ebss)
                  0000e0c0    00000043     xilcomms_rtiostream.obj (.ebss:_xilCommsBuffer)
                  0000e103    00000001     MW_c28xGPIO.obj (.ebss)
                  0000e104    0000003c     Controller_ca.lib : Controller_ca.obj (.ebss)
                  0000e140    00000024     codeinstr_rtiostream.obj (.ebss:_codeInstrWriteBuffer)
                  0000e164    00000018     xil_interface.obj (.ebss:_xil_fcnid0_init_y)
                  0000e17c    00000004     Controller_ca.lib : coder_assumptions_flt.obj (.ebss)
                  0000e180    00000024     xil_rtiostream.obj (.ebss:_xilWriteBuffer)
                  0000e1a4    00000010     xil_instrumentation.obj (.ebss)
                  0000e1b4    0000000c     xil_interface.obj (.ebss:_xil_fcnid0_task2_output_u)
                  0000e1c0    00000020     coder_assumptions_rtiostream.obj (.ebss:_coderAssumpWriteBuffer)
                  0000e1e0    00000020     rtiostream_serial_c28x.obj (.ebss:_dstSerial)
                  0000e200    00000020     rtiostream_serial_c28x.obj (.ebss:_srcSerial)
                  0000e220    0000000e     xil_interface_lib.obj (.ebss)
                  0000e22e    0000000c     xil_interface.obj (.ebss:_xil_fcnid0_task3_y)
                  0000e23a    00000006     rts2800_fpu32.lib : exit.c.obj (.ebss)
                  0000e240    0000000c     xil_interface.obj (.ebss:_xil_fcnid0_task4_y)
                  0000e24c    0000000c     rt_nonfinite.obj (.ebss)
                  0000e258    0000000a     codeinstr_data_stream.obj (.ebss)
                  0000e262    0000000a     xil_data_stream.obj (.ebss)
                  0000e26c    00000008     xil_interface.obj (.ebss:_xil_fcnid0_task1_y)
                  0000e274    00000008     xil_interface.obj (.ebss:_xil_fcnid0_task5_output_u)
                  0000e27c    00000004     Controller_ca.lib : coder_assumptions_hwimpl.obj (.ebss)
                  0000e280    00000006     xil_interface.obj (.ebss)
                  0000e286    00000002     rts2800_fpu32.lib : _lock.c.obj (.ebss:__lock)
                  0000e288    00000002                       : _lock.c.obj (.ebss:__unlock)
                  0000e28a    00000002     rtiostream_serial_c28x.obj (.ebss)
                  0000e28c    00000001     MW_c28xGlobalInterrupts.obj (.ebss)
                  0000e28d    00000001     coder_assumptions_app.obj (.ebss)
                  0000e28e    00000001     rts2800_fpu32.lib : errno.c.obj (.ebss)
                  0000e28f    00000001     xilcomms_rtiostream.obj (.ebss)

.cinit     0    003da766    000000b6     
                  003da766    00000027     xil_instrumentation.obj (.cinit)
                  003da78d    0000001b     xil_interface_lib.obj (.cinit)
                  003da7a8    00000019     Controller_ca.lib : Controller_ca.obj (.cinit)
                  003da7c1    00000018     xil_interface.obj (.cinit)
                  003da7d9    0000000e     rts2800_fpu32.lib : exit.c.obj (.cinit)
                  003da7e7    0000000a     Controller_ca.lib : coder_assumptions_flt.obj (.cinit)
                  003da7f1    00000009     xil_data_stream.obj (.cinit)
                  003da7fa    00000005     Controller_ca.lib : coder_assumptions_hwimpl.obj (.cinit)
                  003da7ff    00000005     rts2800_fpu32.lib : _lock.c.obj (.cinit:__lock)
                  003da804    00000005                       : _lock.c.obj (.cinit:__unlock)
                  003da809    00000005     rtiostream_serial_c28x.obj (.cinit)
                  003da80e    00000004     MW_c28xGPIO.obj (.cinit)
                  003da812    00000004     MW_c28xGlobalInterrupts.obj (.cinit)
                  003da816    00000004     rts2800_fpu32.lib : errno.c.obj (.cinit)
                  003da81a    00000002     --HOLE-- [fill = 0]

.pinit     0    003d8000    00000000     UNINITIALIZED

.econst    0    003da5f2    00000174     
                  003da5f2    00000100     F2806x_PieVect.obj (.econst:_PieVectTableInit)
                  003da6f2    00000030     Controller_data.obj (.econst:_Controller_ConstP)
                  003da722    0000001b     Controller_ca.lib : Controller_ca.obj (.econst:.string)
                  003da73d    00000001     Controller_data.obj (.econst:_Controller_ConstB)
                  003da73e    00000016     Controller_ca.lib : Controller_ca.obj (.econst:_CA_Controller_ExpHW)
                  003da754    00000006     rts2800_fpu32.lib : s_scalbnf.c.obj (.econst)
                  003da75a    00000004                       : e_fmodf.c.obj (.econst:_Zero)
                  003da75e    00000002     Controller.obj (.econst)
                  003da760    00000002     rtGetNaN.obj (.econst:_$P$T0$1)
                  003da762    00000002     rts2800_fpu32.lib : e_fmodf.c.obj (.econst)
                  003da764    00000002                       : s_floorf.c.obj (.econst)

.reset     0    003fffc0    00000002     DSECT
                  003fffc0    00000002     rts2800_fpu32.lib : boot28.asm.obj (.reset)

.data      1    0000e000    00000000     UNINITIALIZED

.stack     1    00000002    00000400     UNINITIALIZED
                  00000002    00000400     --HOLE--

codestart 
*          0    003f7ff6    00000002     
                  003f7ff6    00000002     F2806x_CodeStartBranch.obj (codestart)

ramfuncs   0    003d8000    0000001f     RUN ADDR = 00008000
                  003d8000    0000001b     F2806x_SysCtrl.obj (ramfuncs)
                  003d801b    00000004     F2806x_usDelay.obj (ramfuncs)

FPUmathTables 
*          0    003fd590    000006a0     NOLOAD SECTION
                  003fd590    000006a0     rts2800_fpu32_fast_supplement.lib : FPUmathTables.obj (FPUmathTables)

MODULE SUMMARY

       Module                              code   initialized data   uninitialized data
       ------                              ----   ----------------   ------------------
    ..\instrumented\
       Controller.obj                      1259   2                  162               
       rt_nonfinite.obj                    182    0                  12                
       rtGetInf.obj                        116    0                  0                 
       rtGetNaN.obj                        89     2                  0                 
       MW_c28xx_board.obj                  53     0                  0                 
       Controller_data.obj                 0      49                 0                 
    +--+-----------------------------------+------+------------------+--------------------+
       Total:                              1699   53                 174               
                                                                                       
    <current directory>
       F2806x_GlobalVariableDefs.obj       0      0                  3550              
       xil_interface_lib.obj               1014   139                14                
       xil_interface.obj                   936    24                 82                
       F2806x_DefaultIsr.obj               923    0                  0                 
       coder_assumptions_app.obj           556    0                  1                 
       xil_instrumentation.obj             499    39                 16                
       rtiostream_serial_c28x.obj          423    5                  66                
       F2806x_SysCtrl.obj                  448    0                  0                 
       MW_c28xGPIO.obj                     325    4                  1                 
       F2806x_PieVect.obj                  38     256                0                 
       xil_data_stream.obj                 198    9                  10                
       xilcomms_rtiostream.obj             131    0                  68                
       F2806x_CpuTimers.obj                118    0                  24                
       codeinstr_data_stream.obj           123    0                  10                
       coder_assumptions_data_stream.obj   84     0                  6                 
       xil_services.obj                    83     0                  0                 
       rtiostream_utils.obj                82     0                  0                 
       codeinstr_rtiostream.obj            28     0                  36                
       xil_rtiostream.obj                  28     0                  36                
       coder_assumptions_rtiostream.obj    28     0                  32                
       pil_main.obj                        50     0                  0                 
       F2806x_PieCtrl.obj                  40     0                  0                 
       F2806x_CodeStartBranch.obj          10     0                  0                 
       F2806x_usDelay.obj                  8      0                  0                 
       MW_c28xGlobalInterrupts.obj         0      4                  1                 
    +--+-----------------------------------+------+------------------+--------------------+
       Total:                              6173   480                3953              
                                                                                       
    C:/ProgramData/MATLAB/tic2000/3P.instrset/tic28xcodegentools.instrset/ti-cgt-c2000_22.6.0.LTS/lib/rts2800_fpu32.lib
       e_fmodf.c.obj                       207    6                  0                 
       s_scalbnf.c.obj                     88     6                  0                 
       s_floorf.c.obj                      89     2                  0                 
       boot28.asm.obj                      86     0                  0                 
       exit.c.obj                          41     14                 6                 
       cpy_tbl.c.obj                       36     0                  0                 
       i_div28.asm.obj                     34     0                  0                 
       ll_cmp28.asm.obj                    30     0                  0                 
       memcpy.c.obj                        29     0                  0                 
       _lock.c.obj                         9      10                 4                 
       args_main.c.obj                     18     0                  0                 
       s_copysignf.c.obj                   17     0                  0                 
       strlen.c.obj                        8      0                  0                 
       errno.c.obj                         0      4                  1                 
       pre_init.c.obj                      2      0                  0                 
       startup.c.obj                       1      0                  0                 
    +--+-----------------------------------+------+------------------+--------------------+
       Total:                              695    42                 11                
                                                                                       
    D:/TiC2000_Install/ControlSUITE/controlSUITE/libs/math/FPUfastRTS/V100/lib/rts2800_fpu32_fast_supplement.lib
       FPUmathTables.obj                   0      1696               0                 
       atan2_f32.obj                       79     0                  0                 
       atan_f32.obj                        74     0                  0                 
       cos_f32.obj                         52     0                  0                 
       sin_f32.obj                         52     0                  0                 
       sqrt_f32.obj                        33     0                  0                 
       div_f32.obj                         25     0                  0                 
    +--+-----------------------------------+------+------------------+--------------------+
       Total:                              315    1696               0                 
                                                                                       
    E:/GiaotrinhDH/DATN/exampleSIL_PIL_MIL_HIL/NhanMH/Controller_ert_rtw/coderassumptions/lib/Controller_ca.lib
       coder_assumptions_hwimpl.obj        843    5                  4                 
       Controller_ca.obj                   21     74                 60                
       coder_assumptions_flt.obj           0      10                 4                 
    +--+-----------------------------------+------+------------------+--------------------+
       Total:                              864    89                 68                
                                                                                       
       Stack:                              0      0                  1024              
    +--+-----------------------------------+------+------------------+--------------------+
       Grand Total:                        9746   2360               5230              


GLOBAL DATA SYMBOLS: SORTED BY DATA PAGE

address     data page           name
--------    ----------------    ----
00000002       0 (00000000)     __stack

00000880      22 (00000880)     _DevEmuRegs

00000985      26 (00000980)     _SysPwrCtrlRegs

00000a80      2a (00000a80)     _FlashRegs

00000ae0      2b (00000ac0)     _CsmRegs

00000b00      2c (00000b00)     _AdcResult

00000c00      30 (00000c00)     _CpuTimer0Regs
00000c08      30 (00000c00)     _CpuTimer1Regs
00000c10      30 (00000c00)     _CpuTimer2Regs

00000ce0      33 (00000cc0)     _PieCtrlRegs

00000d00      34 (00000d00)     _EmuKey
00000d00      34 (00000d00)     _PieVectTable
00000d01      34 (00000d00)     _EmuBMode
00000d02      34 (00000d00)     _Flash_CallbackPtr
00000d04      34 (00000d00)     _Flash_CPUScaleFactor

00001000      40 (00001000)     _DmaRegs

00001400      50 (00001400)     _Cla1Regs

00004000     100 (00004000)     _Usb0Regs

00005000     140 (00005000)     _McbspaRegs

00006000     180 (00006000)     _ECanaRegs

00006040     181 (00006040)     _ECanaLAMRegs

00006080     182 (00006080)     _ECanaMOTSRegs

000060c0     183 (000060c0)     _ECanaMOTORegs

00006100     184 (00006100)     _ECanaMboxes

00006400     190 (00006400)     _Comp1Regs
00006420     190 (00006400)     _Comp2Regs

00006440     191 (00006440)     _Comp3Regs

00006800     1a0 (00006800)     _EPwm1Regs

00006840     1a1 (00006840)     _EPwm2Regs

00006880     1a2 (00006880)     _EPwm3Regs

000068c0     1a3 (000068c0)     _EPwm4Regs

00006900     1a4 (00006900)     _EPwm5Regs

00006940     1a5 (00006940)     _EPwm6Regs

00006980     1a6 (00006980)     _EPwm7Regs

000069c0     1a7 (000069c0)     _EPwm8Regs

00006a00     1a8 (00006a00)     _ECap1Regs
00006a20     1a8 (00006a00)     _ECap2Regs

00006a40     1a9 (00006a40)     _ECap3Regs

00006ac0     1ab (00006ac0)     _HRCap1Regs
00006ae0     1ab (00006ac0)     _HRCap2Regs

00006b00     1ac (00006b00)     _EQep1Regs

00006b40     1ad (00006b40)     _EQep2Regs

00006c80     1b2 (00006c80)     _HRCap3Regs
00006ca0     1b2 (00006c80)     _HRCap4Regs

00006f80     1be (00006f80)     _GpioCtrlRegs

00006fc0     1bf (00006fc0)     _GpioDataRegs
00006fe0     1bf (00006fc0)     _GpioIntRegs

00007010     1c0 (00007000)     _SysCtrlRegs

00007040     1c1 (00007040)     _SpiaRegs
00007050     1c1 (00007040)     _SciaRegs
00007060     1c1 (00007040)     _NmiIntruptRegs
00007070     1c1 (00007040)     _XIntruptRegs

00007100     1c4 (00007100)     _AdcRegs

00007740     1dd (00007740)     _SpibRegs
00007750     1dd (00007740)     _ScibRegs

00007900     1e4 (00007900)     _I2caRegs

0000e000     380 (0000e000)     _Controller_U
0000e014     380 (0000e000)     _Controller_Y

0000e040     381 (0000e040)     _Controller_DW

0000e0a2     382 (0000e080)     _CpuTimer0
0000e0aa     382 (0000e080)     _CpuTimer1
0000e0b2     382 (0000e080)     _CpuTimer2

0000e103     384 (0000e100)     _GPIO_oneTimeInit
0000e104     384 (0000e100)     _CA_Controller_PWSRes
0000e106     384 (0000e100)     _CA_Controller_ActHW
0000e11c     384 (0000e100)     _CA_Controller_HWRes

0000e17c     385 (0000e140)     _realmin
0000e17e     385 (0000e140)     _denormalAsZero

0000e1e0     387 (0000e1c0)     _dstSerial

0000e200     388 (0000e200)     _srcSerial
0000e23a     388 (0000e200)     ___TI_enable_exit_profile_output
0000e23c     388 (0000e200)     ___TI_cleanup_ptr
0000e23e     388 (0000e200)     ___TI_dtors_ptr

0000e24c     389 (0000e240)     _rtInf
0000e24e     389 (0000e240)     _rtMinusInf
0000e250     389 (0000e240)     _rtNaN
0000e252     389 (0000e240)     _rtInfF
0000e254     389 (0000e240)     _rtMinusInfF
0000e256     389 (0000e240)     _rtNaNF
0000e27c     389 (0000e240)     _aGlobalInt

0000e286     38a (0000e280)     __lock
0000e288     38a (0000e280)     __unlock
0000e28a     38a (0000e280)     _MW_SCI_PTR
0000e28c     38a (0000e280)     _MW_InterruptDisableLock
0000e28e     38a (0000e280)     _errno

003d7e80    f5fa (003d7e80)     _PartIdRegs

003da5f2    f697 (003da5c0)     _PieVectTableInit

003da6f2    f69b (003da6c0)     _Controller_ConstP

003da73d    f69c (003da700)     _Controller_ConstB
003da73e    f69c (003da700)     _CA_Controller_ExpHW

003da75e    f69d (003da740)     _Controller_M

003f7ff8    fdff (003f7fc0)     _CsmPwl

003fd590    ff56 (003fd580)     _FPUsinTable

003fd690    ff5a (003fd680)     _FPUcosTable

003fd990    ff66 (003fd980)     _FPUsinTableEnd

003fda92    ff6a (003fda80)     _FPUatan2HalfPITable
003fda92    ff6a (003fda80)     _FPUcosTableEnd
003fda96    ff6a (003fda80)     _FPUatan2Table

003fdc1c    ff70 (003fdc00)     _FPUatan2TableEnd


GLOBAL SYMBOLS: SORTED ALPHABETICALLY BY Name 

page  address   name                                 
----  -------   ----                                 
1     0000e000  .bss                                 
1     0000e000  .data                                
0     003d801f  .text                                
0     003da417  C$$EXIT                              
0     003da584  FS$$DIV                              
0     003da4b2  I$$DIV                               
0     003da4c3  I$$MOD                               
0     003da4f5  LL$$CMP                              
0     003da507  ULL$$CMP                             
0     003d8d66  _ADCINT1_ISR                         
0     003d8d70  _ADCINT2_ISR                         
0     003d8f78  _ADCINT3_ISR                         
0     003d8f82  _ADCINT4_ISR                         
0     003d8f8c  _ADCINT5_ISR                         
0     003d8f96  _ADCINT6_ISR                         
0     003d8fa0  _ADCINT7_ISR                         
0     003d8faa  _ADCINT8_ISR                         
0     003d8d8e  _ADCINT9_ISR                         
1     00007100  _AdcRegs                             
1     00000b00  _AdcResult                           
1     0000e106  _CA_Controller_ActHW                 
0     003da73e  _CA_Controller_ExpHW                 
1     0000e11c  _CA_Controller_HWRes                 
1     0000e104  _CA_Controller_PWSRes                
0     003d8fb4  _CLA1_INT1_ISR                       
0     003d8fbe  _CLA1_INT2_ISR                       
0     003d8fc8  _CLA1_INT3_ISR                       
0     003d8fd2  _CLA1_INT4_ISR                       
0     003d8fdc  _CLA1_INT5_ISR                       
0     003d8fe6  _CLA1_INT6_ISR                       
0     003d8ff0  _CLA1_INT7_ISR                       
0     003d8ffa  _CLA1_INT8_ISR                       
1     00001400  _Cla1Regs                            
1     00006400  _Comp1Regs                           
1     00006420  _Comp2Regs                           
1     00006440  _Comp3Regs                           
0     003d9fa7  _ConfigCpuTimer                      
0     003d8085  _Controlle_SpeedControl_Init         
0     003da73d  _Controller_ConstB                   
0     003da6f2  _Controller_ConstP                   
1     0000e040  _Controller_DW                       
0     003da75e  _Controller_M                        
0     003d801f  _Controller_SetEventsForThisBaseStep 
0     003d808e  _Controller_SpeedControl             
1     0000e000  _Controller_U                        
1     0000e014  _Controller_Y                        
0     003da59d  _Controller_caRunTests               
0     003d84e1  _Controller_initialize               
0     003d812a  _Controller_step0                    
0     003d814d  _Controller_step1                    
0     003d8172  _Controller_step2                    
0     003d8487  _Controller_step3                    
0     003d84c8  _Controller_step4                    
0     003d8509  _Controller_terminate                
1     0000e0a2  _CpuTimer0                           
1     00000c00  _CpuTimer0Regs                       
1     0000e0aa  _CpuTimer1                           
1     00000c08  _CpuTimer1Regs                       
1     0000e0b2  _CpuTimer2                           
1     00000c10  _CpuTimer2Regs                       
1     003f7ff8  _CsmPwl                              
1     00000ae0  _CsmRegs                             
0     003d9a58  _CsmUnlock                           
0     003d8cbc  _DATALOG_ISR                         
0     003d8eec  _DINTCH1_ISR                         
0     003d8ef6  _DINTCH2_ISR                         
0     003d8f00  _DINTCH3_ISR                         
0     003d8f0a  _DINTCH4_ISR                         
0     003d8f14  _DINTCH5_ISR                         
0     003d8f1e  _DINTCH6_ISR                         
0     0000801b  _DSP28x_usDelay                      
1     00000880  _DevEmuRegs                          
0     003d9978  _DisableDog                          
1     00001000  _DmaRegs                             
0     003d8f64  _ECAN0INTA_ISR                       
0     003d8f6e  _ECAN1INTA_ISR                       
0     003d8e4c  _ECAP1_INT_ISR                       
0     003d8e56  _ECAP2_INT_ISR                       
0     003d8e60  _ECAP3_INT_ISR                       
1     00006040  _ECanaLAMRegs                        
1     000060c0  _ECanaMOTORegs                       
1     00006080  _ECanaMOTSRegs                       
1     00006100  _ECanaMboxes                         
1     00006000  _ECanaRegs                           
1     00006a00  _ECap1Regs                           
1     00006a20  _ECap2Regs                           
1     00006a40  _ECap3Regs                           
0     003d9022  _EMPTY_ISR                           
0     003d8cd0  _EMUINT_ISR                          
0     003d8dfc  _EPWM1_INT_ISR                       
0     003d8dac  _EPWM1_TZINT_ISR                     
0     003d8e06  _EPWM2_INT_ISR                       
0     003d8db6  _EPWM2_TZINT_ISR                     
0     003d8e10  _EPWM3_INT_ISR                       
0     003d8dc0  _EPWM3_TZINT_ISR                     
0     003d8e1a  _EPWM4_INT_ISR                       
0     003d8dca  _EPWM4_TZINT_ISR                     
0     003d8e24  _EPWM5_INT_ISR                       
0     003d8dd4  _EPWM5_TZINT_ISR                     
0     003d8e2e  _EPWM6_INT_ISR                       
0     003d8dde  _EPWM6_TZINT_ISR                     
0     003d8e38  _EPWM7_INT_ISR                       
0     003d8de8  _EPWM7_TZINT_ISR                     
0     003d8e42  _EPWM8_INT_ISR                       
0     003d8df2  _EPWM8_TZINT_ISR                     
1     00006800  _EPwm1Regs                           
1     00006840  _EPwm2Regs                           
1     00006880  _EPwm3Regs                           
1     000068c0  _EPwm4Regs                           
1     00006900  _EPwm5Regs                           
1     00006940  _EPwm6Regs                           
1     00006980  _EPwm7Regs                           
1     000069c0  _EPwm8Regs                           
0     003d8e7e  _EQEP1_INT_ISR                       
0     003d8e88  _EQEP2_INT_ISR                       
1     00006b00  _EQep1Regs                           
1     00006b40  _EQep2Regs                           
1     00000d01  _EmuBMode                            
1     00000d00  _EmuKey                              
0     003da45f  _EnableInterrupts                    
0     003d9ac8  _ExtOscSel                           
0     003fda92  _FPUatan2HalfPITable                 
0     003fda96  _FPUatan2Table                       
0     003fdc1c  _FPUatan2TableEnd                    
0     003fd690  _FPUcosTable                         
0     003fda92  _FPUcosTableEnd                      
0     003fd590  _FPUsinTable                         
0     003fd990  _FPUsinTableEnd                      
1     00000a80  _FlashRegs                           
1     00000d04  _Flash_CPUScaleFactor                
1     00000d02  _Flash_CallbackPtr                   
0     003d9bc9  _GPIO_ReadPin                        
0     003d9b16  _GPIO_SetupPinMux                    
0     003d9b54  _GPIO_SetupPinOptions                
0     003d9bfe  _GPIO_TogglePin                      
0     003d9be0  _GPIO_WritePin                       
1     0000e103  _GPIO_oneTimeInit                    
1     00006f80  _GpioCtrlRegs                        
1     00006fc0  _GpioDataRegs                        
1     00006fe0  _GpioIntRegs                         
0     003d8e6a  _HRCAP1_INT_ISR                      
0     003d8e74  _HRCAP2_INT_ISR                      
0     003d8e92  _HRCAP3_INT_ISR                      
0     003d8e9c  _HRCAP4_INT_ISR                      
1     00006ac0  _HRCap1Regs                          
1     00006ae0  _HRCap2Regs                          
1     00006c80  _HRCap3Regs                          
1     00006ca0  _HRCap4Regs                          
0     003d8f28  _I2CINT1A_ISR                        
0     003d8f32  _I2CINT2A_ISR                        
1     00007900  _I2caRegs                            
0     003d8ce4  _ILLEGAL_ISR                         
0     003d8ca8  _INT13_ISR                           
0     003d8cb2  _INT14_ISR                           
0     003d9f6c  _InitCpuTimers                       
0     00008000  _InitFlash                           
0     003d9ae9  _InitGpio                            
0     003d9a02  _InitPeripheralClocks                
0     003da440  _InitPieCtrl                         
0     003da468  _InitPieVectTable                    
0     003d9980  _InitPll                             
0     003d99d4  _InitPll2                            
0     003d9954  _InitSysCtrl                         
0     003d9a89  _IntOsc1Sel                          
0     003d9a99  _IntOsc2Sel                          
0     003d9018  _LUF_ISR                             
0     003d900e  _LVF_ISR                             
0     003d8ed8  _MRINTA_ISR                          
1     0000e28c  _MW_InterruptDisableLock             
1     0000e28a  _MW_SCI_PTR                          
0     003d8ee2  _MXINTA_ISR                          
1     00005000  _McbspaRegs                          
0     003d8cda  _NMI_ISR                             
1     00007060  _NmiIntruptRegs                      
0     003d9ade  _OneTimeGpioInit                     
0     003d902f  _PIE_RESERVED                        
1     003d7e80  _PartIdRegs                          
1     00000ce0  _PieCtrlRegs                         
1     00000d00  _PieVectTable                        
0     003da5f2  _PieVectTableInit                    
0     003d8cc6  _RTOSINT_ISR                         
0     003d801f  _RamfuncsLoadEnd                     
0     003d8000  _RamfuncsLoadStart                   
0     00008000  _RamfuncsRunStart                    
0     003d8f3c  _SCIRXINTA_ISR                       
0     003d8f50  _SCIRXINTB_ISR                       
0     003d8f46  _SCITXINTA_ISR                       
0     003d8f5a  _SCITXINTB_ISR                       
0     003d8eb0  _SPIRXINTA_ISR                       
0     003d8ec4  _SPIRXINTB_ISR                       
0     003d8eba  _SPITXINTA_ISR                       
0     003d8ece  _SPITXINTB_ISR                       
1     00007050  _SciaRegs                            
1     00007750  _ScibRegs                            
0     003d996e  _ServiceDog                          
0     003d9c15  _Set_GPIOPin                         
1     00007040  _SpiaRegs                            
1     00007740  _SpibRegs                            
1     00007010  _SysCtrlRegs                         
1     00000985  _SysPwrCtrlRegs                      
0     003d8d98  _TINT0_ISR                           
0     003d8ea6  _USB0_INT_ISR                        
0     003d8d48  _USER10_ISR                          
0     003d8d52  _USER11_ISR                          
0     003d8d5c  _USER12_ISR                          
0     003d8cee  _USER1_ISR                           
0     003d8cf8  _USER2_ISR                           
0     003d8d02  _USER3_ISR                           
0     003d8d0c  _USER4_ISR                           
0     003d8d16  _USER5_ISR                           
0     003d8d20  _USER6_ISR                           
0     003d8d2a  _USER7_ISR                           
0     003d8d34  _USER8_ISR                           
0     003d8d3e  _USER9_ISR                           
1     00004000  _Usb0Regs                            
0     003d8da2  _WAKEINT_ISR                         
0     003d8d7a  _XINT1_ISR                           
0     003d8d84  _XINT2_ISR                           
0     003d9004  _XINT3_ISR                           
1     00007070  _XIntruptRegs                        
0     003d9aad  _XtalOscSel                          
1     00000402  __STACK_END                          
abs   00000400  __STACK_SIZE                         
1     0000e23c  ___TI_cleanup_ptr                    
1     0000e23e  ___TI_dtors_ptr                      
1     0000e23a  ___TI_enable_exit_profile_output     
abs   ffffffff  ___TI_pprof_out_hndl                 
abs   ffffffff  ___TI_prof_data_size                 
abs   ffffffff  ___TI_prof_data_start                
abs   ffffffff  ___binit__                           
1     0000e000  ___bss__                             
abs   ffffffff  ___c_args__                          
0     003da766  ___cinit__                           
1     0000e000  ___data__                            
1     0000e000  ___edata__                           
1     0000e000  ___end__                             
0     003da5f1  ___etext__                           
abs   ffffffff  ___pinit__                           
0     003d801f  ___text__                            
0     003da5b2  __args_main                          
1     0000e286  __lock                               
0     003da5dd  __nop                                
0     003da5d9  __register_lock                      
0     003da5d5  __register_unlock                    
1     00000002  __stack                              
0     003da5f0  __system_post_cinit                  
0     003da5ee  __system_pre_init                    
1     0000e288  __unlock                             
1     0000e27c  _aGlobalInt                          
0     003da417  _abort                               
0     003da2fe  _atan                                
0     003da2af  _atan2                               
0     003d991d  _byteswap_L8cmp_PIL                  
0     003d98eb  _byteswap_L8exp_PIL                  
0     003da160  _c_int00                             
0     003d91e6  _caVerifyHWImpl                      
0     003d91ca  _caVerifyPortableWordSizes           
0     003d9f5f  _codeInstrDataFlush                  
0     003d9f0b  _codeInstrInit                       
0     003d9f14  _codeInstrTerminate                  
0     003da533  _codeInstrTgtAppSvcAllocBuffer       
0     003da530  _codeInstrTgtAppSvcCreate            
0     003da532  _codeInstrTgtAppSvcDestroy           
0     003da53d  _codeInstrTgtAppSvcGetBufferDataPtr  
0     003da543  _codeInstrTgtAppSvcSend              
0     003d9f2a  _codeInstrWriteData                  
0     003da54f  _coderAssumpTgtAppSvcAllocBuffer     
0     003da54c  _coderAssumpTgtAppSvcCreate          
0     003da54e  _coderAssumpTgtAppSvcDestroy         
0     003da559  _coderAssumpTgtAppSvcGetBufferDataPtr
0     003da55f  _coderAssumpTgtAppSvcSend            
0     003da1fe  _coderAssumptionsInit                
0     003d95b2  _coderAssumptionsRun                 
0     003da1ec  _coderAssumptionsSendWriteBuffer     
0     003da207  _coderAssumptionsTerminate           
0     003da1b6  _coderAssumptionsWriteData           
0     003d9e89  _commsEnqueueBuffer                  
0     003d9e6e  _commsInit                           
0     003d9e7e  _commsTerminate                      
0     003da48e  _copy_in                             
0     003da5c4  _copysign                            
0     003da5c4  _copysignf                           
0     003da37d  _cos                                 
1     0000e17e  _denormalAsZero                      
1     0000e1e0  _dstSerial                           
1     0000e28e  _errno                               
0     003da419  _exit                                
0     003da0af  _floor                               
0     003da0af  _floorf                              
0     003d9c23  _fmod                                
0     003d9c23  _fmodf                               
0     003d9838  _init_SCI_PIL                        
0     003da348  _init_board                          
0     003da108  _ldexp                               
0     003da108  _ldexpf                              
0     003da3e5  _main                                
0     003da513  _memcpy                              
0     003d9665  _overheadEndFreeze                   
0     003d9798  _overheadEndFreeze_estimate          
0     003d964b  _overheadEndFunction                 
0     003d977c  _overheadEndFunction_estimate        
0     003d974f  _overheadEndGeneric                  
0     003d97a6  _overheadEndGeneric_estimate         
0     003d9630  _overheadEndTask                     
0     003d978a  _overheadEndTask_estimate            
0     003d965d  _overheadStartFreeze                 
0     003d9791  _overheadStartFreeze_estimate        
0     003d9640  _overheadStartFunction               
0     003d9775  _overheadStartFunction_estimate      
0     003d9745  _overheadStartGeneric                
0     003d979f  _overheadStartGeneric_estimate       
0     003d9628  _overheadStartTask                   
0     003d9783  _overheadStartTask_estimate          
0     003d9616  _profileEnd                          
0     003d9762  _profileEnd_Controller               
0     003d9950  _profileReadTimer                    
0     003d960b  _profileStart                        
0     003d975b  _profileStart_Controller             
1     0000e17c  _realmin                             
0     003da1d8  _resetCoderAssumptionsWriteBuffer    
0     003d9cf2  _resetXILWriteBuffer                 
0     003d9039  _rsvd_ISR                            
0     003d9fe2  _rtGetInf                            
0     003da013  _rtGetInfF                           
0     003da01c  _rtGetMinusInf                       
0     003da04d  _rtGetMinusInfF                      
0     003da056  _rtGetNaN                            
0     003da089  _rtGetNaNF                           
0     003da286  _rtIOStreamBlockingRecv              
0     003da25d  _rtIOStreamBlockingSend              
0     003d97e0  _rtIOStreamClose                     
0     003d97ad  _rtIOStreamOpen                      
0     003d9806  _rtIOStreamRecv                      
0     003d97e6  _rtIOStreamSend                      
1     0000e24c  _rtInf                               
1     0000e252  _rtInfF                              
0     003d9de0  _rtIsInf                             
0     003d9df8  _rtIsInfF                            
0     003d9e10  _rtIsNaN                             
0     003d9e57  _rtIsNaNF                            
1     0000e24e  _rtMinusInf                          
1     0000e254  _rtMinusInfF                         
1     0000e250  _rtNaN                               
1     0000e256  _rtNaNF                              
0     003d9db8  _rt_InitInfAndNaN                    
0     003d9ebb  _rtiostreamReadMessage               
0     003da108  _scalbn                              
0     003da108  _scalbnf                             
0     003d988b  _sci_rcv                             
0     003d98cc  _sci_xmit                            
0     003d9d0e  _silpilInit                          
0     003d9db5  _silpilTerminate                     
0     003da3b1  _sin                                 
0     003da4d4  _sqrt                                
1     0000e200  _srcSerial                           
0     003da5e6  _strlen                              
0     003d95fb  _taskTimeEnd                         
0     003d976f  _taskTimeEnd_Controller              
0     003d95f3  _taskTimeStart                       
0     003d9769  _taskTimeStart_Controller            
0     003d88a7  _xilCommandDispatchAndResponse       
0     003d9d9d  _xilDataFlush                        
0     003d8c9f  _xilDisable                          
0     003d8c96  _xilEnable                           
0     003da232  _xilExceptionHandler                 
0     003d88f7  _xilGetCurrentProcessMsgContext      
0     003d8928  _xilGetDataTypeInfo                  
0     003d898e  _xilGetHostToTargetData              
0     003d8a9a  _xilGetTargetToHostData              
0     003d8a33  _xilGetTargetToHostPreData           
0     003da20a  _xilInit                             
0     003d8c94  _xilInitTargetData                   
0     003d8953  _xilInitialize                       
0     003d8a45  _xilOutput                           
0     003d8970  _xilPause                            
0     003d86dc  _xilProcessMsg                       
0     003d8900  _xilProcessParams                    
0     003d9671  _xilProfilingEstimateOverhead        
0     003d95e5  _xilProfilingTimerFreeze             
0     003d95c4  _xilProfilingTimerFreezeInternal     
0     003d95ec  _xilProfilingTimerUnFreeze           
0     003d95df  _xilProfilingTimerUnFreezeInternal   
0     003d9d5f  _xilReadData                         
0     003d8893  _xilRun                              
0     003d897a  _xilSystemInitialize                 
0     003d8984  _xilSystemReset                      
0     003d8c83  _xilTerminate                        
0     003da228  _xilTerminateComms                   
0     003da56b  _xilTgtAppSvcAllocBuffer             
0     003da568  _xilTgtAppSvcCreate                  
0     003da56a  _xilTgtAppSvcDestroy                 
0     003da575  _xilTgtAppSvcGetBufferDataPtr        
0     003da57b  _xilTgtAppSvcSend                    
0     003d8a91  _xilUpdate                           
0     003d8909  _xilUploadCodeInstrData              
0     003d95ba  _xilUploadProfilingData              
0     003d9d2a  _xilWriteData                        
abs   ffffffff  binit                                
0     003da766  cinit                                
0     003f7ff6  code_start                           
1     0000e000  edata                                
1     0000e000  end                                  
0     003da5f1  etext                                
abs   ffffffff  pinit                                


GLOBAL SYMBOLS: SORTED BY Symbol Address 

page  address   name                                 
----  -------   ----                                 
0     00008000  _InitFlash                           
0     00008000  _RamfuncsRunStart                    
0     0000801b  _DSP28x_usDelay                      
0     003d8000  _RamfuncsLoadStart                   
0     003d801f  .text                                
0     003d801f  _Controller_SetEventsForThisBaseStep 
0     003d801f  _RamfuncsLoadEnd                     
0     003d801f  ___text__                            
0     003d8085  _Controlle_SpeedControl_Init         
0     003d808e  _Controller_SpeedControl             
0     003d812a  _Controller_step0                    
0     003d814d  _Controller_step1                    
0     003d8172  _Controller_step2                    
0     003d8487  _Controller_step3                    
0     003d84c8  _Controller_step4                    
0     003d84e1  _Controller_initialize               
0     003d8509  _Controller_terminate                
0     003d86dc  _xilProcessMsg                       
0     003d8893  _xilRun                              
0     003d88a7  _xilCommandDispatchAndResponse       
0     003d88f7  _xilGetCurrentProcessMsgContext      
0     003d8900  _xilProcessParams                    
0     003d8909  _xilUploadCodeInstrData              
0     003d8928  _xilGetDataTypeInfo                  
0     003d8953  _xilInitialize                       
0     003d8970  _xilPause                            
0     003d897a  _xilSystemInitialize                 
0     003d8984  _xilSystemReset                      
0     003d898e  _xilGetHostToTargetData              
0     003d8a33  _xilGetTargetToHostPreData           
0     003d8a45  _xilOutput                           
0     003d8a91  _xilUpdate                           
0     003d8a9a  _xilGetTargetToHostData              
0     003d8c83  _xilTerminate                        
0     003d8c94  _xilInitTargetData                   
0     003d8c96  _xilEnable                           
0     003d8c9f  _xilDisable                          
0     003d8ca8  _INT13_ISR                           
0     003d8cb2  _INT14_ISR                           
0     003d8cbc  _DATALOG_ISR                         
0     003d8cc6  _RTOSINT_ISR                         
0     003d8cd0  _EMUINT_ISR                          
0     003d8cda  _NMI_ISR                             
0     003d8ce4  _ILLEGAL_ISR                         
0     003d8cee  _USER1_ISR                           
0     003d8cf8  _USER2_ISR                           
0     003d8d02  _USER3_ISR                           
0     003d8d0c  _USER4_ISR                           
0     003d8d16  _USER5_ISR                           
0     003d8d20  _USER6_ISR                           
0     003d8d2a  _USER7_ISR                           
0     003d8d34  _USER8_ISR                           
0     003d8d3e  _USER9_ISR                           
0     003d8d48  _USER10_ISR                          
0     003d8d52  _USER11_ISR                          
0     003d8d5c  _USER12_ISR                          
0     003d8d66  _ADCINT1_ISR                         
0     003d8d70  _ADCINT2_ISR                         
0     003d8d7a  _XINT1_ISR                           
0     003d8d84  _XINT2_ISR                           
0     003d8d8e  _ADCINT9_ISR                         
0     003d8d98  _TINT0_ISR                           
0     003d8da2  _WAKEINT_ISR                         
0     003d8dac  _EPWM1_TZINT_ISR                     
0     003d8db6  _EPWM2_TZINT_ISR                     
0     003d8dc0  _EPWM3_TZINT_ISR                     
0     003d8dca  _EPWM4_TZINT_ISR                     
0     003d8dd4  _EPWM5_TZINT_ISR                     
0     003d8dde  _EPWM6_TZINT_ISR                     
0     003d8de8  _EPWM7_TZINT_ISR                     
0     003d8df2  _EPWM8_TZINT_ISR                     
0     003d8dfc  _EPWM1_INT_ISR                       
0     003d8e06  _EPWM2_INT_ISR                       
0     003d8e10  _EPWM3_INT_ISR                       
0     003d8e1a  _EPWM4_INT_ISR                       
0     003d8e24  _EPWM5_INT_ISR                       
0     003d8e2e  _EPWM6_INT_ISR                       
0     003d8e38  _EPWM7_INT_ISR                       
0     003d8e42  _EPWM8_INT_ISR                       
0     003d8e4c  _ECAP1_INT_ISR                       
0     003d8e56  _ECAP2_INT_ISR                       
0     003d8e60  _ECAP3_INT_ISR                       
0     003d8e6a  _HRCAP1_INT_ISR                      
0     003d8e74  _HRCAP2_INT_ISR                      
0     003d8e7e  _EQEP1_INT_ISR                       
0     003d8e88  _EQEP2_INT_ISR                       
0     003d8e92  _HRCAP3_INT_ISR                      
0     003d8e9c  _HRCAP4_INT_ISR                      
0     003d8ea6  _USB0_INT_ISR                        
0     003d8eb0  _SPIRXINTA_ISR                       
0     003d8eba  _SPITXINTA_ISR                       
0     003d8ec4  _SPIRXINTB_ISR                       
0     003d8ece  _SPITXINTB_ISR                       
0     003d8ed8  _MRINTA_ISR                          
0     003d8ee2  _MXINTA_ISR                          
0     003d8eec  _DINTCH1_ISR                         
0     003d8ef6  _DINTCH2_ISR                         
0     003d8f00  _DINTCH3_ISR                         
0     003d8f0a  _DINTCH4_ISR                         
0     003d8f14  _DINTCH5_ISR                         
0     003d8f1e  _DINTCH6_ISR                         
0     003d8f28  _I2CINT1A_ISR                        
0     003d8f32  _I2CINT2A_ISR                        
0     003d8f3c  _SCIRXINTA_ISR                       
0     003d8f46  _SCITXINTA_ISR                       
0     003d8f50  _SCIRXINTB_ISR                       
0     003d8f5a  _SCITXINTB_ISR                       
0     003d8f64  _ECAN0INTA_ISR                       
0     003d8f6e  _ECAN1INTA_ISR                       
0     003d8f78  _ADCINT3_ISR                         
0     003d8f82  _ADCINT4_ISR                         
0     003d8f8c  _ADCINT5_ISR                         
0     003d8f96  _ADCINT6_ISR                         
0     003d8fa0  _ADCINT7_ISR                         
0     003d8faa  _ADCINT8_ISR                         
0     003d8fb4  _CLA1_INT1_ISR                       
0     003d8fbe  _CLA1_INT2_ISR                       
0     003d8fc8  _CLA1_INT3_ISR                       
0     003d8fd2  _CLA1_INT4_ISR                       
0     003d8fdc  _CLA1_INT5_ISR                       
0     003d8fe6  _CLA1_INT6_ISR                       
0     003d8ff0  _CLA1_INT7_ISR                       
0     003d8ffa  _CLA1_INT8_ISR                       
0     003d9004  _XINT3_ISR                           
0     003d900e  _LVF_ISR                             
0     003d9018  _LUF_ISR                             
0     003d9022  _EMPTY_ISR                           
0     003d902f  _PIE_RESERVED                        
0     003d9039  _rsvd_ISR                            
0     003d91ca  _caVerifyPortableWordSizes           
0     003d91e6  _caVerifyHWImpl                      
0     003d95b2  _coderAssumptionsRun                 
0     003d95ba  _xilUploadProfilingData              
0     003d95c4  _xilProfilingTimerFreezeInternal     
0     003d95df  _xilProfilingTimerUnFreezeInternal   
0     003d95e5  _xilProfilingTimerFreeze             
0     003d95ec  _xilProfilingTimerUnFreeze           
0     003d95f3  _taskTimeStart                       
0     003d95fb  _taskTimeEnd                         
0     003d960b  _profileStart                        
0     003d9616  _profileEnd                          
0     003d9628  _overheadStartTask                   
0     003d9630  _overheadEndTask                     
0     003d9640  _overheadStartFunction               
0     003d964b  _overheadEndFunction                 
0     003d965d  _overheadStartFreeze                 
0     003d9665  _overheadEndFreeze                   
0     003d9671  _xilProfilingEstimateOverhead        
0     003d9745  _overheadStartGeneric                
0     003d974f  _overheadEndGeneric                  
0     003d975b  _profileStart_Controller             
0     003d9762  _profileEnd_Controller               
0     003d9769  _taskTimeStart_Controller            
0     003d976f  _taskTimeEnd_Controller              
0     003d9775  _overheadStartFunction_estimate      
0     003d977c  _overheadEndFunction_estimate        
0     003d9783  _overheadStartTask_estimate          
0     003d978a  _overheadEndTask_estimate            
0     003d9791  _overheadStartFreeze_estimate        
0     003d9798  _overheadEndFreeze_estimate          
0     003d979f  _overheadStartGeneric_estimate       
0     003d97a6  _overheadEndGeneric_estimate         
0     003d97ad  _rtIOStreamOpen                      
0     003d97e0  _rtIOStreamClose                     
0     003d97e6  _rtIOStreamSend                      
0     003d9806  _rtIOStreamRecv                      
0     003d9838  _init_SCI_PIL                        
0     003d988b  _sci_rcv                             
0     003d98cc  _sci_xmit                            
0     003d98eb  _byteswap_L8exp_PIL                  
0     003d991d  _byteswap_L8cmp_PIL                  
0     003d9950  _profileReadTimer                    
0     003d9954  _InitSysCtrl                         
0     003d996e  _ServiceDog                          
0     003d9978  _DisableDog                          
0     003d9980  _InitPll                             
0     003d99d4  _InitPll2                            
0     003d9a02  _InitPeripheralClocks                
0     003d9a58  _CsmUnlock                           
0     003d9a89  _IntOsc1Sel                          
0     003d9a99  _IntOsc2Sel                          
0     003d9aad  _XtalOscSel                          
0     003d9ac8  _ExtOscSel                           
0     003d9ade  _OneTimeGpioInit                     
0     003d9ae9  _InitGpio                            
0     003d9b16  _GPIO_SetupPinMux                    
0     003d9b54  _GPIO_SetupPinOptions                
0     003d9bc9  _GPIO_ReadPin                        
0     003d9be0  _GPIO_WritePin                       
0     003d9bfe  _GPIO_TogglePin                      
0     003d9c15  _Set_GPIOPin                         
0     003d9c23  _fmod                                
0     003d9c23  _fmodf                               
0     003d9cf2  _resetXILWriteBuffer                 
0     003d9d0e  _silpilInit                          
0     003d9d2a  _xilWriteData                        
0     003d9d5f  _xilReadData                         
0     003d9d9d  _xilDataFlush                        
0     003d9db5  _silpilTerminate                     
0     003d9db8  _rt_InitInfAndNaN                    
0     003d9de0  _rtIsInf                             
0     003d9df8  _rtIsInfF                            
0     003d9e10  _rtIsNaN                             
0     003d9e57  _rtIsNaNF                            
0     003d9e6e  _commsInit                           
0     003d9e7e  _commsTerminate                      
0     003d9e89  _commsEnqueueBuffer                  
0     003d9ebb  _rtiostreamReadMessage               
0     003d9f0b  _codeInstrInit                       
0     003d9f14  _codeInstrTerminate                  
0     003d9f2a  _codeInstrWriteData                  
0     003d9f5f  _codeInstrDataFlush                  
0     003d9f6c  _InitCpuTimers                       
0     003d9fa7  _ConfigCpuTimer                      
0     003d9fe2  _rtGetInf                            
0     003da013  _rtGetInfF                           
0     003da01c  _rtGetMinusInf                       
0     003da04d  _rtGetMinusInfF                      
0     003da056  _rtGetNaN                            
0     003da089  _rtGetNaNF                           
0     003da0af  _floor                               
0     003da0af  _floorf                              
0     003da108  _ldexp                               
0     003da108  _ldexpf                              
0     003da108  _scalbn                              
0     003da108  _scalbnf                             
0     003da160  _c_int00                             
0     003da1b6  _coderAssumptionsWriteData           
0     003da1d8  _resetCoderAssumptionsWriteBuffer    
0     003da1ec  _coderAssumptionsSendWriteBuffer     
0     003da1fe  _coderAssumptionsInit                
0     003da207  _coderAssumptionsTerminate           
0     003da20a  _xilInit                             
0     003da228  _xilTerminateComms                   
0     003da232  _xilExceptionHandler                 
0     003da25d  _rtIOStreamBlockingSend              
0     003da286  _rtIOStreamBlockingRecv              
0     003da2af  _atan2                               
0     003da2fe  _atan                                
0     003da348  _init_board                          
0     003da37d  _cos                                 
0     003da3b1  _sin                                 
0     003da3e5  _main                                
0     003da417  C$$EXIT                              
0     003da417  _abort                               
0     003da419  _exit                                
0     003da440  _InitPieCtrl                         
0     003da45f  _EnableInterrupts                    
0     003da468  _InitPieVectTable                    
0     003da48e  _copy_in                             
0     003da4b2  I$$DIV                               
0     003da4c3  I$$MOD                               
0     003da4d4  _sqrt                                
0     003da4f5  LL$$CMP                              
0     003da507  ULL$$CMP                             
0     003da513  _memcpy                              
0     003da530  _codeInstrTgtAppSvcCreate            
0     003da532  _codeInstrTgtAppSvcDestroy           
0     003da533  _codeInstrTgtAppSvcAllocBuffer       
0     003da53d  _codeInstrTgtAppSvcGetBufferDataPtr  
0     003da543  _codeInstrTgtAppSvcSend              
0     003da54c  _coderAssumpTgtAppSvcCreate          
0     003da54e  _coderAssumpTgtAppSvcDestroy         
0     003da54f  _coderAssumpTgtAppSvcAllocBuffer     
0     003da559  _coderAssumpTgtAppSvcGetBufferDataPtr
0     003da55f  _coderAssumpTgtAppSvcSend            
0     003da568  _xilTgtAppSvcCreate                  
0     003da56a  _xilTgtAppSvcDestroy                 
0     003da56b  _xilTgtAppSvcAllocBuffer             
0     003da575  _xilTgtAppSvcGetBufferDataPtr        
0     003da57b  _xilTgtAppSvcSend                    
0     003da584  FS$$DIV                              
0     003da59d  _Controller_caRunTests               
0     003da5b2  __args_main                          
0     003da5c4  _copysign                            
0     003da5c4  _copysignf                           
0     003da5d5  __register_unlock                    
0     003da5d9  __register_lock                      
0     003da5dd  __nop                                
0     003da5e6  _strlen                              
0     003da5ee  __system_pre_init                    
0     003da5f0  __system_post_cinit                  
0     003da5f1  ___etext__                           
0     003da5f1  etext                                
0     003da5f2  _PieVectTableInit                    
0     003da6f2  _Controller_ConstP                   
0     003da73d  _Controller_ConstB                   
0     003da73e  _CA_Controller_ExpHW                 
0     003da75e  _Controller_M                        
0     003da766  ___cinit__                           
0     003da766  cinit                                
0     003f7ff6  code_start                           
0     003fd590  _FPUsinTable                         
0     003fd690  _FPUcosTable                         
0     003fd990  _FPUsinTableEnd                      
0     003fda92  _FPUatan2HalfPITable                 
0     003fda92  _FPUcosTableEnd                      
0     003fda96  _FPUatan2Table                       
0     003fdc1c  _FPUatan2TableEnd                    
1     00000002  __stack                              
1     00000402  __STACK_END                          
1     00000880  _DevEmuRegs                          
1     00000985  _SysPwrCtrlRegs                      
1     00000a80  _FlashRegs                           
1     00000ae0  _CsmRegs                             
1     00000b00  _AdcResult                           
1     00000c00  _CpuTimer0Regs                       
1     00000c08  _CpuTimer1Regs                       
1     00000c10  _CpuTimer2Regs                       
1     00000ce0  _PieCtrlRegs                         
1     00000d00  _EmuKey                              
1     00000d00  _PieVectTable                        
1     00000d01  _EmuBMode                            
1     00000d02  _Flash_CallbackPtr                   
1     00000d04  _Flash_CPUScaleFactor                
1     00001000  _DmaRegs                             
1     00001400  _Cla1Regs                            
1     00004000  _Usb0Regs                            
1     00005000  _McbspaRegs                          
1     00006000  _ECanaRegs                           
1     00006040  _ECanaLAMRegs                        
1     00006080  _ECanaMOTSRegs                       
1     000060c0  _ECanaMOTORegs                       
1     00006100  _ECanaMboxes                         
1     00006400  _Comp1Regs                           
1     00006420  _Comp2Regs                           
1     00006440  _Comp3Regs                           
1     00006800  _EPwm1Regs                           
1     00006840  _EPwm2Regs                           
1     00006880  _EPwm3Regs                           
1     000068c0  _EPwm4Regs                           
1     00006900  _EPwm5Regs                           
1     00006940  _EPwm6Regs                           
1     00006980  _EPwm7Regs                           
1     000069c0  _EPwm8Regs                           
1     00006a00  _ECap1Regs                           
1     00006a20  _ECap2Regs                           
1     00006a40  _ECap3Regs                           
1     00006ac0  _HRCap1Regs                          
1     00006ae0  _HRCap2Regs                          
1     00006b00  _EQep1Regs                           
1     00006b40  _EQep2Regs                           
1     00006c80  _HRCap3Regs                          
1     00006ca0  _HRCap4Regs                          
1     00006f80  _GpioCtrlRegs                        
1     00006fc0  _GpioDataRegs                        
1     00006fe0  _GpioIntRegs                         
1     00007010  _SysCtrlRegs                         
1     00007040  _SpiaRegs                            
1     00007050  _SciaRegs                            
1     00007060  _NmiIntruptRegs                      
1     00007070  _XIntruptRegs                        
1     00007100  _AdcRegs                             
1     00007740  _SpibRegs                            
1     00007750  _ScibRegs                            
1     00007900  _I2caRegs                            
1     0000e000  .bss                                 
1     0000e000  .data                                
1     0000e000  _Controller_U                        
1     0000e000  ___bss__                             
1     0000e000  ___data__                            
1     0000e000  ___edata__                           
1     0000e000  ___end__                             
1     0000e000  edata                                
1     0000e000  end                                  
1     0000e014  _Controller_Y                        
1     0000e040  _Controller_DW                       
1     0000e0a2  _CpuTimer0                           
1     0000e0aa  _CpuTimer1                           
1     0000e0b2  _CpuTimer2                           
1     0000e103  _GPIO_oneTimeInit                    
1     0000e104  _CA_Controller_PWSRes                
1     0000e106  _CA_Controller_ActHW                 
1     0000e11c  _CA_Controller_HWRes                 
1     0000e17c  _realmin                             
1     0000e17e  _denormalAsZero                      
1     0000e1e0  _dstSerial                           
1     0000e200  _srcSerial                           
1     0000e23a  ___TI_enable_exit_profile_output     
1     0000e23c  ___TI_cleanup_ptr                    
1     0000e23e  ___TI_dtors_ptr                      
1     0000e24c  _rtInf                               
1     0000e24e  _rtMinusInf                          
1     0000e250  _rtNaN                               
1     0000e252  _rtInfF                              
1     0000e254  _rtMinusInfF                         
1     0000e256  _rtNaNF                              
1     0000e27c  _aGlobalInt                          
1     0000e286  __lock                               
1     0000e288  __unlock                             
1     0000e28a  _MW_SCI_PTR                          
1     0000e28c  _MW_InterruptDisableLock             
1     0000e28e  _errno                               
1     003d7e80  _PartIdRegs                          
1     003f7ff8  _CsmPwl                              
abs   00000400  __STACK_SIZE                         
abs   ffffffff  ___TI_pprof_out_hndl                 
abs   ffffffff  ___TI_prof_data_size                 
abs   ffffffff  ___TI_prof_data_start                
abs   ffffffff  ___binit__                           
abs   ffffffff  ___c_args__                          
abs   ffffffff  ___pinit__                           
abs   ffffffff  binit                                
abs   ffffffff  pinit                                

[404 symbols]
