******************************************************************************
             TMS320C2000 Linker PC v22.6.0                     
******************************************************************************
>> Linked Thu Mar 20 13:58:04 2025

OUTPUT FILE NAME:   <./Speed.out>
ENTRY POINT SYMBOL: "_c_int00"  address: 003d9824


MEMORY CONFIGURATION

         name            origin    length      used     unused   attr    fill
----------------------  --------  ---------  --------  --------  ----  --------
PAGE 0:
  BEGINRAM              00000000   00000002  00000000  00000002  RWIX
  PRAM                  00008000   00006000  0000001f  00005fe1  RWIX
  OTP                   003d7800   000003fa  00000000  000003fa  RWIX
  FLASH                 003d8000   0001fff0  00001f0c  0001e0e4  RWIX
  BEGINFLASH            003f7ff6   00000002  00000002  00000000  RWIX
  CSM_PWL               003f7ff8   00000008  00000000  00000008  RWIX
  FPUTABLES             003fd590   000006a0  000006a0  00000000  RWIX
  IQTABLES              003fdc30   00000b50  00000000  00000b50  RWIX
  IQTABLES2             003fe780   0000008c  00000000  0000008c  RWIX
  IQTABLES3             003fe80c   000000aa  00000000  000000aa  RWIX
  BOOTROM               003ff3b0   00000c10  00000000  00000c10  RWIX
  RESET                 003fffc0   00000002  00000000  00000002  RWIX
  VECTORS               003fffc2   0000003e  00000000  0000003e  RWIX

PAGE 1:
  RAMM0M1               00000002   000007fe  00000400  000003fe  RWIX
  DEV_EMU               00000880   00000105  00000004  00000101  RWIX
  SYS_PWR_CTL           00000985   00000003  00000003  00000000  RWIX
  FLASH_REGS            00000a80   00000060  00000008  00000058  RWIX
  CSM                   00000ae0   00000020  00000010  00000010  RWIX
  ADC_RESULT            00000b00   00000020  00000010  00000010  RWIX
  CPU_TIMER0            00000c00   00000008  00000008  00000000  RWIX
  CPU_TIMER1            00000c08   00000008  00000008  00000000  RWIX
  CPU_TIMER2            00000c10   00000008  00000008  00000000  RWIX
  PIE_CTRL              00000ce0   00000020  0000001a  00000006  RWIX
  PIE_VECT              00000d00   00000100  00000100  00000000  RWIX
  DMA                   00001000   00000200  000000e0  00000120  RWIX
  CLA1                  00001400   00000080  00000040  00000040  RWIX
  USB0                  00004000   00001000  00000454  00000bac  RWIX
  McBSPA                00005000   00000040  00000024  0000001c  RWIX
  ECANA                 00006000   00000040  00000034  0000000c  RWIX
  ECANA_LAM             00006040   00000040  00000040  00000000  RWIX
  ECANA_MOTS            00006080   00000040  00000040  00000000  RWIX
  ECANA_MOTO            000060c0   00000040  00000040  00000000  RWIX
  ECANA_MBOX            00006100   00000100  00000100  00000000  RWIX
  COMP1                 00006400   00000020  00000014  0000000c  RWIX
  COMP2                 00006420   00000020  00000014  0000000c  RWIX
  COMP3                 00006440   00000020  00000014  0000000c  RWIX
  EPWM1                 00006800   00000040  00000040  00000000  RWIX
  EPWM2                 00006840   00000040  00000040  00000000  RWIX
  EPWM3                 00006880   00000040  00000040  00000000  RWIX
  EPWM4                 000068c0   00000040  00000040  00000000  RWIX
  EPWM5                 00006900   00000040  00000040  00000000  RWIX
  EPWM6                 00006940   00000040  00000040  00000000  RWIX
  EPWM7                 00006980   00000040  00000040  00000000  RWIX
  EPWM8                 000069c0   00000040  00000040  00000000  RWIX
  ECAP1                 00006a00   00000020  00000020  00000000  RWIX
  ECAP2                 00006a20   00000020  00000020  00000000  RWIX
  ECAP3                 00006a40   00000020  00000020  00000000  RWIX
  HRCAP1                00006ac0   00000020  00000020  00000000  RWIX
  HRCAP2                00006ae0   00000020  00000020  00000000  RWIX
  EQEP1                 00006b00   00000040  00000022  0000001e  RWIX
  EQEP2                 00006b40   00000040  00000022  0000001e  RWIX
  HRCAP3                00006c80   00000020  00000020  00000000  RWIX
  HRCAP4                00006ca0   00000020  00000020  00000000  RWIX
  GPIOCTRL              00006f80   00000040  00000040  00000000  RWIX
  GPIODAT               00006fc0   00000020  00000020  00000000  RWIX
  GPIOINT               00006fe0   00000020  00000020  00000000  RWIX
  SYSTEM                00007010   00000030  00000030  00000000  RWIX
  SPIA                  00007040   00000010  00000010  00000000  RWIX
  SCIA                  00007050   00000010  00000010  00000000  RWIX
  NMIINTRUPT            00007060   00000010  00000010  00000000  RWIX
  XINTRUPT              00007070   00000010  00000010  00000000  RWIX
  ADC                   00007100   00000080  00000050  00000030  RWIX
  SPIB                  00007740   00000010  00000010  00000000  RWIX
  SCIB                  00007750   00000010  00000010  00000000  RWIX
  I2CA                  00007900   00000040  00000022  0000001e  RWIX
  DRAM                  0000e000   00006000  000001fa  00005e06  RWIX
  PARTID                003d7e80   00000001  00000001  00000000  RWIX
  CSM_PWL               003f7ff8   00000008  00000008  00000000  RWIX


SECTION ALLOCATION MAP

 output                                  attributes/
section   page    origin      length       input sections
--------  ----  ----------  ----------   ----------------
DevEmuRegsFile 
*          1    00000880    00000004     UNINITIALIZED
                  00000880    00000004     F2806x_GlobalVariableDefs.obj (DevEmuRegsFile)

SysPwrCtrlRegsFile 
*          1    00000985    00000003     UNINITIALIZED
                  00000985    00000003     F2806x_GlobalVariableDefs.obj (SysPwrCtrlRegsFile)

FlashRegsFile 
*          1    00000a80    00000008     UNINITIALIZED
                  00000a80    00000008     F2806x_GlobalVariableDefs.obj (FlashRegsFile)

CsmRegsFile 
*          1    00000ae0    00000010     UNINITIALIZED
                  00000ae0    00000010     F2806x_GlobalVariableDefs.obj (CsmRegsFile)

AdcResultFile 
*          1    00000b00    00000010     UNINITIALIZED
                  00000b00    00000010     F2806x_GlobalVariableDefs.obj (AdcResultFile)

CpuTimer0RegsFile 
*          1    00000c00    00000008     UNINITIALIZED
                  00000c00    00000008     F2806x_GlobalVariableDefs.obj (CpuTimer0RegsFile)

CpuTimer1RegsFile 
*          1    00000c08    00000008     UNINITIALIZED
                  00000c08    00000008     F2806x_GlobalVariableDefs.obj (CpuTimer1RegsFile)

CpuTimer2RegsFile 
*          1    00000c10    00000008     UNINITIALIZED
                  00000c10    00000008     F2806x_GlobalVariableDefs.obj (CpuTimer2RegsFile)

PieCtrlRegsFile 
*          1    00000ce0    0000001a     UNINITIALIZED
                  00000ce0    0000001a     F2806x_GlobalVariableDefs.obj (PieCtrlRegsFile)

PieVectTableFile 
*          1    00000d00    00000100     UNINITIALIZED
                  00000d00    00000100     F2806x_GlobalVariableDefs.obj (PieVectTableFile)

EmuKeyVar 
*          1    00000d00    00000001     UNINITIALIZED
                  00000d00    00000001     F2806x_GlobalVariableDefs.obj (EmuKeyVar)

EmuBModeVar 
*          1    00000d01    00000001     UNINITIALIZED
                  00000d01    00000001     F2806x_GlobalVariableDefs.obj (EmuBModeVar)

FlashCallbackVar 
*          1    00000d02    00000002     UNINITIALIZED
                  00000d02    00000002     F2806x_GlobalVariableDefs.obj (FlashCallbackVar)

FlashScalingVar 
*          1    00000d04    00000002     UNINITIALIZED
                  00000d04    00000002     F2806x_GlobalVariableDefs.obj (FlashScalingVar)

DmaRegsFile 
*          1    00001000    000000e0     UNINITIALIZED
                  00001000    000000e0     F2806x_GlobalVariableDefs.obj (DmaRegsFile)

Cla1RegsFile 
*          1    00001400    00000040     UNINITIALIZED
                  00001400    00000040     F2806x_GlobalVariableDefs.obj (Cla1RegsFile)

Usb0RegsFile 
*          1    00004000    00000454     UNINITIALIZED
                  00004000    00000454     F2806x_GlobalVariableDefs.obj (Usb0RegsFile)

McbspaRegsFile 
*          1    00005000    00000024     UNINITIALIZED
                  00005000    00000024     F2806x_GlobalVariableDefs.obj (McbspaRegsFile)

ECanaRegsFile 
*          1    00006000    00000034     UNINITIALIZED
                  00006000    00000034     F2806x_GlobalVariableDefs.obj (ECanaRegsFile)

ECanaLAMRegsFile 
*          1    00006040    00000040     UNINITIALIZED
                  00006040    00000040     F2806x_GlobalVariableDefs.obj (ECanaLAMRegsFile)

ECanaMOTSRegsFile 
*          1    00006080    00000040     UNINITIALIZED
                  00006080    00000040     F2806x_GlobalVariableDefs.obj (ECanaMOTSRegsFile)

ECanaMOTORegsFile 
*          1    000060c0    00000040     UNINITIALIZED
                  000060c0    00000040     F2806x_GlobalVariableDefs.obj (ECanaMOTORegsFile)

ECanaMboxesFile 
*          1    00006100    00000100     UNINITIALIZED
                  00006100    00000100     F2806x_GlobalVariableDefs.obj (ECanaMboxesFile)

Comp1RegsFile 
*          1    00006400    00000014     UNINITIALIZED
                  00006400    00000014     F2806x_GlobalVariableDefs.obj (Comp1RegsFile)

Comp2RegsFile 
*          1    00006420    00000014     UNINITIALIZED
                  00006420    00000014     F2806x_GlobalVariableDefs.obj (Comp2RegsFile)

Comp3RegsFile 
*          1    00006440    00000014     UNINITIALIZED
                  00006440    00000014     F2806x_GlobalVariableDefs.obj (Comp3RegsFile)

EPwm1RegsFile 
*          1    00006800    00000040     UNINITIALIZED
                  00006800    00000040     F2806x_GlobalVariableDefs.obj (EPwm1RegsFile)

EPwm2RegsFile 
*          1    00006840    00000040     UNINITIALIZED
                  00006840    00000040     F2806x_GlobalVariableDefs.obj (EPwm2RegsFile)

EPwm3RegsFile 
*          1    00006880    00000040     UNINITIALIZED
                  00006880    00000040     F2806x_GlobalVariableDefs.obj (EPwm3RegsFile)

EPwm4RegsFile 
*          1    000068c0    00000040     UNINITIALIZED
                  000068c0    00000040     F2806x_GlobalVariableDefs.obj (EPwm4RegsFile)

EPwm5RegsFile 
*          1    00006900    00000040     UNINITIALIZED
                  00006900    00000040     F2806x_GlobalVariableDefs.obj (EPwm5RegsFile)

EPwm6RegsFile 
*          1    00006940    00000040     UNINITIALIZED
                  00006940    00000040     F2806x_GlobalVariableDefs.obj (EPwm6RegsFile)

EPwm7RegsFile 
*          1    00006980    00000040     UNINITIALIZED
                  00006980    00000040     F2806x_GlobalVariableDefs.obj (EPwm7RegsFile)

EPwm8RegsFile 
*          1    000069c0    00000040     UNINITIALIZED
                  000069c0    00000040     F2806x_GlobalVariableDefs.obj (EPwm8RegsFile)

ECap1RegsFile 
*          1    00006a00    00000020     UNINITIALIZED
                  00006a00    00000020     F2806x_GlobalVariableDefs.obj (ECap1RegsFile)

ECap2RegsFile 
*          1    00006a20    00000020     UNINITIALIZED
                  00006a20    00000020     F2806x_GlobalVariableDefs.obj (ECap2RegsFile)

ECap3RegsFile 
*          1    00006a40    00000020     UNINITIALIZED
                  00006a40    00000020     F2806x_GlobalVariableDefs.obj (ECap3RegsFile)

HRCap1RegsFile 
*          1    00006ac0    00000020     UNINITIALIZED
                  00006ac0    00000020     F2806x_GlobalVariableDefs.obj (HRCap1RegsFile)

HRCap2RegsFile 
*          1    00006ae0    00000020     UNINITIALIZED
                  00006ae0    00000020     F2806x_GlobalVariableDefs.obj (HRCap2RegsFile)

EQep1RegsFile 
*          1    00006b00    00000022     UNINITIALIZED
                  00006b00    00000022     F2806x_GlobalVariableDefs.obj (EQep1RegsFile)

EQep2RegsFile 
*          1    00006b40    00000022     UNINITIALIZED
                  00006b40    00000022     F2806x_GlobalVariableDefs.obj (EQep2RegsFile)

HRCap3RegsFile 
*          1    00006c80    00000020     UNINITIALIZED
                  00006c80    00000020     F2806x_GlobalVariableDefs.obj (HRCap3RegsFile)

HRCap4RegsFile 
*          1    00006ca0    00000020     UNINITIALIZED
                  00006ca0    00000020     F2806x_GlobalVariableDefs.obj (HRCap4RegsFile)

GpioCtrlRegsFile 
*          1    00006f80    00000040     UNINITIALIZED
                  00006f80    00000040     F2806x_GlobalVariableDefs.obj (GpioCtrlRegsFile)

GpioDataRegsFile 
*          1    00006fc0    00000020     UNINITIALIZED
                  00006fc0    00000020     F2806x_GlobalVariableDefs.obj (GpioDataRegsFile)

GpioIntRegsFile 
*          1    00006fe0    00000020     UNINITIALIZED
                  00006fe0    00000020     F2806x_GlobalVariableDefs.obj (GpioIntRegsFile)

SysCtrlRegsFile 
*          1    00007010    00000030     UNINITIALIZED
                  00007010    00000030     F2806x_GlobalVariableDefs.obj (SysCtrlRegsFile)

SpiaRegsFile 
*          1    00007040    00000010     UNINITIALIZED
                  00007040    00000010     F2806x_GlobalVariableDefs.obj (SpiaRegsFile)

SciaRegsFile 
*          1    00007050    00000010     UNINITIALIZED
                  00007050    00000010     F2806x_GlobalVariableDefs.obj (SciaRegsFile)

NmiIntruptRegsFile 
*          1    00007060    00000010     UNINITIALIZED
                  00007060    00000010     F2806x_GlobalVariableDefs.obj (NmiIntruptRegsFile)

XIntruptRegsFile 
*          1    00007070    00000010     UNINITIALIZED
                  00007070    00000010     F2806x_GlobalVariableDefs.obj (XIntruptRegsFile)

AdcRegsFile 
*          1    00007100    00000050     UNINITIALIZED
                  00007100    00000050     F2806x_GlobalVariableDefs.obj (AdcRegsFile)

SpibRegsFile 
*          1    00007740    00000010     UNINITIALIZED
                  00007740    00000010     F2806x_GlobalVariableDefs.obj (SpibRegsFile)

ScibRegsFile 
*          1    00007750    00000010     UNINITIALIZED
                  00007750    00000010     F2806x_GlobalVariableDefs.obj (ScibRegsFile)

I2caRegsFile 
*          1    00007900    00000022     UNINITIALIZED
                  00007900    00000022     F2806x_GlobalVariableDefs.obj (I2caRegsFile)

PartIdRegsFile 
*          1    003d7e80    00000001     UNINITIALIZED
                  003d7e80    00000001     F2806x_GlobalVariableDefs.obj (PartIdRegsFile)

CsmPwlFile 
*          1    003f7ff8    00000008     UNINITIALIZED
                  003f7ff8    00000008     F2806x_GlobalVariableDefs.obj (CsmPwlFile)

.text      0    003d801f    00001c85     
                  003d801f    000003f6     xil_interface_lib.obj (.text)
                  003d8415    0000039b     F2806x_DefaultIsr.obj (.text:retain)
                  003d87b0    0000034b     Speed_ca.lib : coder_assumptions_hwimpl.obj (.text)
                  003d8afb    0000022c     coder_assumptions_app.obj (.text)
                  003d8d27    000001fc     xil_interface.obj (.text)
                  003d8f23    000001a7     rtiostream_serial_c28x.obj (.text)
                  003d90ca    0000018a     F2806x_SysCtrl.obj (.text)
                  003d9254    00000145     MW_c28xGPIO.obj (.text)
                  003d9399    00000135     Speed.obj (.text)
                  003d94ce    0000011c     xil_instrumentation.obj (.text)
                  003d95ea    000000c6     xil_data_stream.obj (.text)
                  003d96b0    00000083     xilcomms_rtiostream.obj (.text)
                  003d9733    0000007b     codeinstr_data_stream.obj (.text)
                  003d97ae    00000076     F2806x_CpuTimers.obj (.text)
                  003d9824    00000056     rts2800_fpu32.lib : boot28.asm.obj (.text)
                  003d987a    00000054     coder_assumptions_data_stream.obj (.text)
                  003d98ce    00000053     xil_services.obj (.text)
                  003d9921    00000052     rtiostream_utils.obj (.text)
                  003d9973    0000004f     rts2800_fpu32_fast_supplement.lib : atan2_f32.obj (.text)
                  003d99c2    0000004a                                       : atan_f32.obj (.text)
                  003d9a0c    00000035     MW_c28xx_board.obj (.text)
                  003d9a41    00000034     rts2800_fpu32_fast_supplement.lib : cos_f32.obj (.text)
                  003d9a75    00000034                                       : sin_f32.obj (.text)
                  003d9aa9    00000032     pil_main.obj (.text)
                  003d9adb    00000029     rts2800_fpu32.lib : exit.c.obj (.text)
                  003d9b04    00000028     F2806x_PieCtrl.obj (.text)
                  003d9b2c    00000026     F2806x_PieVect.obj (.text)
                  003d9b52    00000024     rts2800_fpu32.lib : cpy_tbl.c.obj (.text)
                  003d9b76    00000022                       : i_div28.asm.obj (.text)
                  003d9b98    00000021     rts2800_fpu32_fast_supplement.lib : sqrt_f32.obj (.text)
                  003d9bb9    0000001e     rts2800_fpu32.lib : ll_cmp28.asm.obj (.text)
                  003d9bd7    0000001d                       : memcpy.c.obj (.text)
                  003d9bf4    0000001c     codeinstr_rtiostream.obj (.text)
                  003d9c10    0000001c     coder_assumptions_rtiostream.obj (.text)
                  003d9c2c    0000001c     xil_rtiostream.obj (.text)
                  003d9c48    00000019     rts2800_fpu32_fast_supplement.lib : div_f32.obj (.text)
                  003d9c61    00000015     Speed_ca.lib : Speed_ca.obj (.text)
                  003d9c76    00000012     rts2800_fpu32.lib : args_main.c.obj (.text)
                  003d9c88    00000009                       : _lock.c.obj (.text)
                  003d9c91    00000008     F2806x_CodeStartBranch.obj (.text)
                  003d9c99    00000008     rts2800_fpu32.lib : strlen.c.obj (.text)
                  003d9ca1    00000002                       : pre_init.c.obj (.text)
                  003d9ca3    00000001                       : startup.c.obj (.text)

.switch    0    003d9e9c    00000070     
                  003d9e9c    00000054     xil_interface_lib.obj (.switch:_computeNextState)
                  003d9ef0    0000001c     xil_interface_lib.obj (.switch:_xilProcessMsg)

.bss       1    0000e000    00000000     UNINITIALIZED

.ebss      1    0000e000    000001fa     UNINITIALIZED
                  0000e000    00000043     xilcomms_rtiostream.obj (.ebss:_xilCommsBuffer)
                  0000e043    00000001     MW_c28xGPIO.obj (.ebss)
                  0000e044    0000003c     Speed_ca.lib : Speed_ca.obj (.ebss)
                  0000e080    00000024     codeinstr_rtiostream.obj (.ebss:_codeInstrWriteBuffer)
                  0000e0a4    00000018     F2806x_CpuTimers.obj (.ebss)
                  0000e0bc    00000004     Speed_ca.lib : coder_assumptions_flt.obj (.ebss)
                  0000e0c0    00000024     xil_rtiostream.obj (.ebss:_xilWriteBuffer)
                  0000e0e4    0000000e     Speed.obj (.ebss)
                  0000e0f2    0000000e     xil_interface_lib.obj (.ebss)
                  0000e100    00000020     Speed_data.obj (.ebss)
                  0000e120    00000020     coder_assumptions_rtiostream.obj (.ebss:_coderAssumpWriteBuffer)
                  0000e140    00000020     rtiostream_serial_c28x.obj (.ebss:_dstSerial)
                  0000e160    00000020     rtiostream_serial_c28x.obj (.ebss:_srcSerial)
                  0000e180    0000000c     xil_interface.obj (.ebss:_xil_fcnid0_task1_output_u)
                  0000e18c    0000000a     xil_instrumentation.obj (.ebss:_xsd_xil_capture_mode_avg)
                  0000e196    0000000a     xil_instrumentation.obj (.ebss:_xsd_xil_capture_mode_calls)
                  0000e1a0    0000000a     xil_instrumentation.obj (.ebss:_xsd_xil_capture_mode_max)
                  0000e1aa    0000000a     xil_instrumentation.obj (.ebss:_xsd_xil_last_start_time)
                  0000e1b4    0000000a     codeinstr_data_stream.obj (.ebss)
                  0000e1be    00000002     rts2800_fpu32.lib : _lock.c.obj (.ebss:__lock)
                  0000e1c0    0000000a     xil_data_stream.obj (.ebss)
                  0000e1ca    00000008     xil_interface.obj (.ebss:_xil_fcnid0_init_y)
                  0000e1d2    00000008     xil_interface.obj (.ebss:_xil_fcnid0_task1_y)
                  0000e1da    00000006     coder_assumptions_data_stream.obj (.ebss)
                  0000e1e0    00000006     rts2800_fpu32.lib : exit.c.obj (.ebss)
                  0000e1e6    00000006     xil_instrumentation.obj (.ebss)
                  0000e1ec    00000004     Speed_ca.lib : coder_assumptions_hwimpl.obj (.ebss)
                  0000e1f0    00000003     xil_interface.obj (.ebss)
                  0000e1f3    00000001     MW_c28xGlobalInterrupts.obj (.ebss)
                  0000e1f4    00000002     rts2800_fpu32.lib : _lock.c.obj (.ebss:__unlock)
                  0000e1f6    00000002     rtiostream_serial_c28x.obj (.ebss)
                  0000e1f8    00000001     coder_assumptions_app.obj (.ebss)
                  0000e1f9    00000001     xilcomms_rtiostream.obj (.ebss)

.cinit     0    003d9dd8    000000c4     
                  003d9dd8    00000023     Speed_data.obj (.cinit)
                  003d9dfb    0000001b     xil_interface_lib.obj (.cinit)
                  003d9e16    00000019     Speed_ca.lib : Speed_ca.obj (.cinit)
                  003d9e2f    0000000e     rts2800_fpu32.lib : exit.c.obj (.cinit)
                  003d9e3d    0000000e     xil_instrumentation.obj (.cinit)
                  003d9e4b    0000000c     xil_interface.obj (.cinit)
                  003d9e57    0000000a     Speed_ca.lib : coder_assumptions_flt.obj (.cinit)
                  003d9e61    00000009     xil_data_stream.obj (.cinit)
                  003d9e6a    00000005     Speed_ca.lib : coder_assumptions_hwimpl.obj (.cinit)
                  003d9e6f    00000005     rts2800_fpu32.lib : _lock.c.obj (.cinit:__lock)
                  003d9e74    00000005                       : _lock.c.obj (.cinit:__unlock)
                  003d9e79    00000005     xil_instrumentation.obj (.cinit:_xsd_xil_capture_mode_avg)
                  003d9e7e    00000005     xil_instrumentation.obj (.cinit:_xsd_xil_capture_mode_calls)
                  003d9e83    00000005     xil_instrumentation.obj (.cinit:_xsd_xil_capture_mode_max)
                  003d9e88    00000005     xil_instrumentation.obj (.cinit:_xsd_xil_last_start_time)
                  003d9e8d    00000005     rtiostream_serial_c28x.obj (.cinit)
                  003d9e92    00000004     MW_c28xGPIO.obj (.cinit)
                  003d9e96    00000004     MW_c28xGlobalInterrupts.obj (.cinit)
                  003d9e9a    00000002     --HOLE-- [fill = 0]

.pinit     0    003d8000    00000000     UNINITIALIZED

.econst    0    003d9ca4    00000134     
                  003d9ca4    00000100     F2806x_PieVect.obj (.econst:_PieVectTableInit)
                  003d9da4    0000001b     Speed_ca.lib : Speed_ca.obj (.econst:.string)
                  003d9dbf    00000001     --HOLE-- [fill = 0]
                  003d9dc0    00000016                  : Speed_ca.obj (.econst:_CA_Speed_ExpHW)
                  003d9dd6    00000002     Speed.obj (.econst)

.reset     0    003fffc0    00000002     DSECT
                  003fffc0    00000002     rts2800_fpu32.lib : boot28.asm.obj (.reset)

.data      1    0000e000    00000000     UNINITIALIZED

.stack     1    00000002    00000400     UNINITIALIZED
                  00000002    00000400     --HOLE--

codestart 
*          0    003f7ff6    00000002     
                  003f7ff6    00000002     F2806x_CodeStartBranch.obj (codestart)

ramfuncs   0    003d8000    0000001f     RUN ADDR = 00008000
                  003d8000    0000001b     F2806x_SysCtrl.obj (ramfuncs)
                  003d801b    00000004     F2806x_usDelay.obj (ramfuncs)

FPUmathTables 
*          0    003fd590    000006a0     NOLOAD SECTION
                  003fd590    000006a0     rts2800_fpu32_fast_supplement.lib : FPUmathTables.obj (FPUmathTables)

MODULE SUMMARY

       Module                              code   initialized data   uninitialized data
       ------                              ----   ----------------   ------------------
    ..\instrumented\
       Speed.obj                           309    2                  14                
       Speed_data.obj                      0      35                 32                
       MW_c28xx_board.obj                  53     0                  0                 
    +--+-----------------------------------+------+------------------+--------------------+
       Total:                              362    37                 46                
                                                                                       
    <current directory>
       F2806x_GlobalVariableDefs.obj       0      0                  3550              
       xil_interface_lib.obj               1014   139                14                
       F2806x_DefaultIsr.obj               923    0                  0                 
       coder_assumptions_app.obj           556    0                  1                 
       xil_interface.obj                   508    12                 31                
       rtiostream_serial_c28x.obj          423    5                  66                
       F2806x_SysCtrl.obj                  448    0                  0                 
       xil_instrumentation.obj             284    34                 46                
       MW_c28xGPIO.obj                     325    4                  1                 
       F2806x_PieVect.obj                  38     256                0                 
       xil_data_stream.obj                 198    9                  10                
       xilcomms_rtiostream.obj             131    0                  68                
       F2806x_CpuTimers.obj                118    0                  24                
       codeinstr_data_stream.obj           123    0                  10                
       coder_assumptions_data_stream.obj   84     0                  6                 
       xil_services.obj                    83     0                  0                 
       rtiostream_utils.obj                82     0                  0                 
       codeinstr_rtiostream.obj            28     0                  36                
       xil_rtiostream.obj                  28     0                  36                
       coder_assumptions_rtiostream.obj    28     0                  32                
       pil_main.obj                        50     0                  0                 
       F2806x_PieCtrl.obj                  40     0                  0                 
       F2806x_CodeStartBranch.obj          10     0                  0                 
       F2806x_usDelay.obj                  8      0                  0                 
       MW_c28xGlobalInterrupts.obj         0      4                  1                 
    +--+-----------------------------------+------+------------------+--------------------+
       Total:                              5530   463                3932              
                                                                                       
    C:/ProgramData/MATLAB/tic2000/3P.instrset/tic28xcodegentools.instrset/ti-cgt-c2000_22.6.0.LTS/lib/rts2800_fpu32.lib
       boot28.asm.obj                      86     0                  0                 
       exit.c.obj                          41     14                 6                 
       cpy_tbl.c.obj                       36     0                  0                 
       i_div28.asm.obj                     34     0                  0                 
       ll_cmp28.asm.obj                    30     0                  0                 
       memcpy.c.obj                        29     0                  0                 
       _lock.c.obj                         9      10                 4                 
       args_main.c.obj                     18     0                  0                 
       strlen.c.obj                        8      0                  0                 
       pre_init.c.obj                      2      0                  0                 
       startup.c.obj                       1      0                  0                 
    +--+-----------------------------------+------+------------------+--------------------+
       Total:                              294    24                 10                
                                                                                       
    D:/TiC2000_Install/ControlSUITE/controlSUITE/libs/math/FPUfastRTS/V100/lib/rts2800_fpu32_fast_supplement.lib
       FPUmathTables.obj                   0      1696               0                 
       atan2_f32.obj                       79     0                  0                 
       atan_f32.obj                        74     0                  0                 
       cos_f32.obj                         52     0                  0                 
       sin_f32.obj                         52     0                  0                 
       sqrt_f32.obj                        33     0                  0                 
       div_f32.obj                         25     0                  0                 
    +--+-----------------------------------+------+------------------+--------------------+
       Total:                              315    1696               0                 
                                                                                       
    E:/GiaotrinhDH/DATN/exampleSIL_PIL_MIL_HIL/SixStep_QEP/Speed_ert_rtw/coderassumptions/lib/Speed_ca.lib
       coder_assumptions_hwimpl.obj        843    5                  4                 
       Speed_ca.obj                        21     74                 60                
       coder_assumptions_flt.obj           0      10                 4                 
    +--+-----------------------------------+------+------------------+--------------------+
       Total:                              864    89                 68                
                                                                                       
       Stack:                              0      0                  1024              
    +--+-----------------------------------+------+------------------+--------------------+
       Grand Total:                        7365   2309               5080              


GLOBAL DATA SYMBOLS: SORTED BY DATA PAGE

address     data page           name
--------    ----------------    ----
00000002       0 (00000000)     __stack

00000880      22 (00000880)     _DevEmuRegs

00000985      26 (00000980)     _SysPwrCtrlRegs

00000a80      2a (00000a80)     _FlashRegs

00000ae0      2b (00000ac0)     _CsmRegs

00000b00      2c (00000b00)     _AdcResult

00000c00      30 (00000c00)     _CpuTimer0Regs
00000c08      30 (00000c00)     _CpuTimer1Regs
00000c10      30 (00000c00)     _CpuTimer2Regs

00000ce0      33 (00000cc0)     _PieCtrlRegs

00000d00      34 (00000d00)     _EmuKey
00000d00      34 (00000d00)     _PieVectTable
00000d01      34 (00000d00)     _EmuBMode
00000d02      34 (00000d00)     _Flash_CallbackPtr
00000d04      34 (00000d00)     _Flash_CPUScaleFactor

00001000      40 (00001000)     _DmaRegs

00001400      50 (00001400)     _Cla1Regs

00004000     100 (00004000)     _Usb0Regs

00005000     140 (00005000)     _McbspaRegs

00006000     180 (00006000)     _ECanaRegs

00006040     181 (00006040)     _ECanaLAMRegs

00006080     182 (00006080)     _ECanaMOTSRegs

000060c0     183 (000060c0)     _ECanaMOTORegs

00006100     184 (00006100)     _ECanaMboxes

00006400     190 (00006400)     _Comp1Regs
00006420     190 (00006400)     _Comp2Regs

00006440     191 (00006440)     _Comp3Regs

00006800     1a0 (00006800)     _EPwm1Regs

00006840     1a1 (00006840)     _EPwm2Regs

00006880     1a2 (00006880)     _EPwm3Regs

000068c0     1a3 (000068c0)     _EPwm4Regs

00006900     1a4 (00006900)     _EPwm5Regs

00006940     1a5 (00006940)     _EPwm6Regs

00006980     1a6 (00006980)     _EPwm7Regs

000069c0     1a7 (000069c0)     _EPwm8Regs

00006a00     1a8 (00006a00)     _ECap1Regs
00006a20     1a8 (00006a00)     _ECap2Regs

00006a40     1a9 (00006a40)     _ECap3Regs

00006ac0     1ab (00006ac0)     _HRCap1Regs
00006ae0     1ab (00006ac0)     _HRCap2Regs

00006b00     1ac (00006b00)     _EQep1Regs

00006b40     1ad (00006b40)     _EQep2Regs

00006c80     1b2 (00006c80)     _HRCap3Regs
00006ca0     1b2 (00006c80)     _HRCap4Regs

00006f80     1be (00006f80)     _GpioCtrlRegs

00006fc0     1bf (00006fc0)     _GpioDataRegs
00006fe0     1bf (00006fc0)     _GpioIntRegs

00007010     1c0 (00007000)     _SysCtrlRegs

00007040     1c1 (00007040)     _SpiaRegs
00007050     1c1 (00007040)     _SciaRegs
00007060     1c1 (00007040)     _NmiIntruptRegs
00007070     1c1 (00007040)     _XIntruptRegs

00007100     1c4 (00007100)     _AdcRegs

00007740     1dd (00007740)     _SpibRegs
00007750     1dd (00007740)     _ScibRegs

00007900     1e4 (00007900)     _I2caRegs

0000e043     381 (0000e040)     _GPIO_oneTimeInit
0000e044     381 (0000e040)     _CA_Speed_PWSRes
0000e046     381 (0000e040)     _CA_Speed_ActHW
0000e05c     381 (0000e040)     _CA_Speed_HWRes

0000e0a4     382 (0000e080)     _CpuTimer0
0000e0ac     382 (0000e080)     _CpuTimer1
0000e0b4     382 (0000e080)     _CpuTimer2
0000e0bc     382 (0000e080)     _realmin
0000e0be     382 (0000e080)     _denormalAsZero

0000e0e4     383 (0000e0c0)     _Speed_Y
0000e0e8     383 (0000e0c0)     _Speed_U
0000e0ec     383 (0000e0c0)     _Speed_DW

0000e100     384 (0000e100)     _Speed_P

0000e140     385 (0000e140)     _dstSerial
0000e160     385 (0000e140)     _srcSerial

0000e1be     386 (0000e180)     __lock

0000e1e0     387 (0000e1c0)     ___TI_enable_exit_profile_output
0000e1e2     387 (0000e1c0)     ___TI_cleanup_ptr
0000e1e4     387 (0000e1c0)     ___TI_dtors_ptr
0000e1ec     387 (0000e1c0)     _aGlobalInt
0000e1f3     387 (0000e1c0)     _MW_InterruptDisableLock
0000e1f4     387 (0000e1c0)     __unlock
0000e1f6     387 (0000e1c0)     _MW_SCI_PTR

003d7e80    f5fa (003d7e80)     _PartIdRegs

003d9ca4    f672 (003d9c80)     _PieVectTableInit

003d9dc0    f677 (003d9dc0)     _CA_Speed_ExpHW
003d9dd6    f677 (003d9dc0)     _Speed_M

003f7ff8    fdff (003f7fc0)     _CsmPwl

003fd590    ff56 (003fd580)     _FPUsinTable

003fd690    ff5a (003fd680)     _FPUcosTable

003fd990    ff66 (003fd980)     _FPUsinTableEnd

003fda92    ff6a (003fda80)     _FPUatan2HalfPITable
003fda92    ff6a (003fda80)     _FPUcosTableEnd
003fda96    ff6a (003fda80)     _FPUatan2Table

003fdc1c    ff70 (003fdc00)     _FPUatan2TableEnd


GLOBAL SYMBOLS: SORTED ALPHABETICALLY BY Name 

page  address   name                                 
----  -------   ----                                 
1     0000e000  .bss                                 
1     0000e000  .data                                
0     003d801f  .text                                
0     003d9adb  C$$EXIT                              
0     003d9c48  FS$$DIV                              
0     003d9b76  I$$DIV                               
0     003d9b87  I$$MOD                               
0     003d9bb9  LL$$CMP                              
0     003d9bcb  ULL$$CMP                             
0     003d84d3  _ADCINT1_ISR                         
0     003d84dd  _ADCINT2_ISR                         
0     003d86e5  _ADCINT3_ISR                         
0     003d86ef  _ADCINT4_ISR                         
0     003d86f9  _ADCINT5_ISR                         
0     003d8703  _ADCINT6_ISR                         
0     003d870d  _ADCINT7_ISR                         
0     003d8717  _ADCINT8_ISR                         
0     003d84fb  _ADCINT9_ISR                         
1     00007100  _AdcRegs                             
1     00000b00  _AdcResult                           
1     0000e046  _CA_Speed_ActHW                      
0     003d9dc0  _CA_Speed_ExpHW                      
1     0000e05c  _CA_Speed_HWRes                      
1     0000e044  _CA_Speed_PWSRes                     
0     003d8721  _CLA1_INT1_ISR                       
0     003d872b  _CLA1_INT2_ISR                       
0     003d8735  _CLA1_INT3_ISR                       
0     003d873f  _CLA1_INT4_ISR                       
0     003d8749  _CLA1_INT5_ISR                       
0     003d8753  _CLA1_INT6_ISR                       
0     003d875d  _CLA1_INT7_ISR                       
0     003d8767  _CLA1_INT8_ISR                       
1     00001400  _Cla1Regs                            
1     00006400  _Comp1Regs                           
1     00006420  _Comp2Regs                           
1     00006440  _Comp3Regs                           
0     003d97e9  _ConfigCpuTimer                      
1     0000e0a4  _CpuTimer0                           
1     00000c00  _CpuTimer0Regs                       
1     0000e0ac  _CpuTimer1                           
1     00000c08  _CpuTimer1Regs                       
1     0000e0b4  _CpuTimer2                           
1     00000c10  _CpuTimer2Regs                       
1     003f7ff8  _CsmPwl                              
1     00000ae0  _CsmRegs                             
0     003d91ce  _CsmUnlock                           
0     003d8429  _DATALOG_ISR                         
0     003d8659  _DINTCH1_ISR                         
0     003d8663  _DINTCH2_ISR                         
0     003d866d  _DINTCH3_ISR                         
0     003d8677  _DINTCH4_ISR                         
0     003d8681  _DINTCH5_ISR                         
0     003d868b  _DINTCH6_ISR                         
0     0000801b  _DSP28x_usDelay                      
1     00000880  _DevEmuRegs                          
0     003d90ee  _DisableDog                          
1     00001000  _DmaRegs                             
0     003d86d1  _ECAN0INTA_ISR                       
0     003d86db  _ECAN1INTA_ISR                       
0     003d85b9  _ECAP1_INT_ISR                       
0     003d85c3  _ECAP2_INT_ISR                       
0     003d85cd  _ECAP3_INT_ISR                       
1     00006040  _ECanaLAMRegs                        
1     000060c0  _ECanaMOTORegs                       
1     00006080  _ECanaMOTSRegs                       
1     00006100  _ECanaMboxes                         
1     00006000  _ECanaRegs                           
1     00006a00  _ECap1Regs                           
1     00006a20  _ECap2Regs                           
1     00006a40  _ECap3Regs                           
0     003d878f  _EMPTY_ISR                           
0     003d843d  _EMUINT_ISR                          
0     003d8569  _EPWM1_INT_ISR                       
0     003d8519  _EPWM1_TZINT_ISR                     
0     003d8573  _EPWM2_INT_ISR                       
0     003d8523  _EPWM2_TZINT_ISR                     
0     003d857d  _EPWM3_INT_ISR                       
0     003d852d  _EPWM3_TZINT_ISR                     
0     003d8587  _EPWM4_INT_ISR                       
0     003d8537  _EPWM4_TZINT_ISR                     
0     003d8591  _EPWM5_INT_ISR                       
0     003d8541  _EPWM5_TZINT_ISR                     
0     003d859b  _EPWM6_INT_ISR                       
0     003d854b  _EPWM6_TZINT_ISR                     
0     003d85a5  _EPWM7_INT_ISR                       
0     003d8555  _EPWM7_TZINT_ISR                     
0     003d85af  _EPWM8_INT_ISR                       
0     003d855f  _EPWM8_TZINT_ISR                     
1     00006800  _EPwm1Regs                           
1     00006840  _EPwm2Regs                           
1     00006880  _EPwm3Regs                           
1     000068c0  _EPwm4Regs                           
1     00006900  _EPwm5Regs                           
1     00006940  _EPwm6Regs                           
1     00006980  _EPwm7Regs                           
1     000069c0  _EPwm8Regs                           
0     003d85eb  _EQEP1_INT_ISR                       
0     003d85f5  _EQEP2_INT_ISR                       
1     00006b00  _EQep1Regs                           
1     00006b40  _EQep2Regs                           
1     00000d01  _EmuBMode                            
1     00000d00  _EmuKey                              
0     003d9b23  _EnableInterrupts                    
0     003d923e  _ExtOscSel                           
0     003fda92  _FPUatan2HalfPITable                 
0     003fda96  _FPUatan2Table                       
0     003fdc1c  _FPUatan2TableEnd                    
0     003fd690  _FPUcosTable                         
0     003fda92  _FPUcosTableEnd                      
0     003fd590  _FPUsinTable                         
0     003fd990  _FPUsinTableEnd                      
1     00000a80  _FlashRegs                           
1     00000d04  _Flash_CPUScaleFactor                
1     00000d02  _Flash_CallbackPtr                   
0     003d933f  _GPIO_ReadPin                        
0     003d928c  _GPIO_SetupPinMux                    
0     003d92ca  _GPIO_SetupPinOptions                
0     003d9374  _GPIO_TogglePin                      
0     003d9356  _GPIO_WritePin                       
1     0000e043  _GPIO_oneTimeInit                    
1     00006f80  _GpioCtrlRegs                        
1     00006fc0  _GpioDataRegs                        
1     00006fe0  _GpioIntRegs                         
0     003d85d7  _HRCAP1_INT_ISR                      
0     003d85e1  _HRCAP2_INT_ISR                      
0     003d85ff  _HRCAP3_INT_ISR                      
0     003d8609  _HRCAP4_INT_ISR                      
1     00006ac0  _HRCap1Regs                          
1     00006ae0  _HRCap2Regs                          
1     00006c80  _HRCap3Regs                          
1     00006ca0  _HRCap4Regs                          
0     003d8695  _I2CINT1A_ISR                        
0     003d869f  _I2CINT2A_ISR                        
1     00007900  _I2caRegs                            
0     003d8451  _ILLEGAL_ISR                         
0     003d8415  _INT13_ISR                           
0     003d841f  _INT14_ISR                           
0     003d97ae  _InitCpuTimers                       
0     003d95e1  _InitEvent                           
0     00008000  _InitFlash                           
0     003d925f  _InitGpio                            
0     003d9178  _InitPeripheralClocks                
0     003d9b04  _InitPieCtrl                         
0     003d9b2c  _InitPieVectTable                    
0     003d90f6  _InitPll                             
0     003d914a  _InitPll2                            
0     003d90ca  _InitSysCtrl                         
0     003d91ff  _IntOsc1Sel                          
0     003d920f  _IntOsc2Sel                          
0     003d8785  _LUF_ISR                             
0     003d877b  _LVF_ISR                             
0     003d8645  _MRINTA_ISR                          
1     0000e1f3  _MW_InterruptDisableLock             
1     0000e1f6  _MW_SCI_PTR                          
0     003d864f  _MXINTA_ISR                          
1     00005000  _McbspaRegs                          
0     003d8447  _NMI_ISR                             
1     00007060  _NmiIntruptRegs                      
0     003d9254  _OneTimeGpioInit                     
0     003d879c  _PIE_RESERVED                        
1     003d7e80  _PartIdRegs                          
0     003d95e4  _PauseEvent                          
1     00000ce0  _PieCtrlRegs                         
1     00000d00  _PieVectTable                        
0     003d9ca4  _PieVectTableInit                    
0     003d8433  _RTOSINT_ISR                         
0     003d801f  _RamfuncsLoadEnd                     
0     003d8000  _RamfuncsLoadStart                   
0     00008000  _RamfuncsRunStart                    
0     003d86a9  _SCIRXINTA_ISR                       
0     003d86bd  _SCIRXINTB_ISR                       
0     003d86b3  _SCITXINTA_ISR                       
0     003d86c7  _SCITXINTB_ISR                       
0     003d861d  _SPIRXINTA_ISR                       
0     003d8631  _SPIRXINTB_ISR                       
0     003d8627  _SPITXINTA_ISR                       
0     003d863b  _SPITXINTB_ISR                       
1     00007050  _SciaRegs                            
1     00007750  _ScibRegs                            
0     003d90e4  _ServiceDog                          
0     003d938b  _Set_GPIOPin                         
1     0000e0ec  _Speed_DW                            
0     003d9dd6  _Speed_M                             
1     0000e100  _Speed_P                             
0     003d93ac  _Speed_SpeedControl                  
0     003d9399  _Speed_SpeedControl_Init             
1     0000e0e8  _Speed_U                             
1     0000e0e4  _Speed_Y                             
0     003d9c61  _Speed_caRunTests                    
0     003d94ae  _Speed_initialize                    
0     003d9499  _Speed_step                          
0     003d94cd  _Speed_terminate                     
1     00007040  _SpiaRegs                            
1     00007740  _SpibRegs                            
0     003d95e9  _StepCompletedEvent                  
1     00007010  _SysCtrlRegs                         
1     00000985  _SysPwrCtrlRegs                      
0     003d8505  _TINT0_ISR                           
0     003d95e5  _TerminateEvent                      
0     003d8613  _USB0_INT_ISR                        
0     003d84b5  _USER10_ISR                          
0     003d84bf  _USER11_ISR                          
0     003d84c9  _USER12_ISR                          
0     003d845b  _USER1_ISR                           
0     003d8465  _USER2_ISR                           
0     003d846f  _USER3_ISR                           
0     003d8479  _USER4_ISR                           
0     003d8483  _USER5_ISR                           
0     003d848d  _USER6_ISR                           
0     003d8497  _USER7_ISR                           
0     003d84a1  _USER8_ISR                           
0     003d84ab  _USER9_ISR                           
1     00004000  _Usb0Regs                            
0     003d850f  _WAKEINT_ISR                         
0     003d84e7  _XINT1_ISR                           
0     003d84f1  _XINT2_ISR                           
0     003d8771  _XINT3_ISR                           
1     00007070  _XIntruptRegs                        
0     003d9223  _XtalOscSel                          
1     00000402  __STACK_END                          
abs   00000400  __STACK_SIZE                         
1     0000e1e2  ___TI_cleanup_ptr                    
1     0000e1e4  ___TI_dtors_ptr                      
1     0000e1e0  ___TI_enable_exit_profile_output     
abs   ffffffff  ___TI_pprof_out_hndl                 
abs   ffffffff  ___TI_prof_data_size                 
abs   ffffffff  ___TI_prof_data_start                
abs   ffffffff  ___binit__                           
1     0000e000  ___bss__                             
abs   ffffffff  ___c_args__                          
0     003d9dd8  ___cinit__                           
1     0000e000  ___data__                            
1     0000e000  ___edata__                           
1     0000e000  ___end__                             
0     003d9ca4  ___etext__                           
abs   ffffffff  ___pinit__                           
0     003d801f  ___text__                            
0     003d9c76  __args_main                          
1     0000e1be  __lock                               
0     003d9c90  __nop                                
0     003d9c8c  __register_lock                      
0     003d9c88  __register_unlock                    
1     00000002  __stack                              
0     003d9ca3  __system_post_cinit                  
0     003d9ca1  __system_pre_init                    
1     0000e1f4  __unlock                             
1     0000e1ec  _aGlobalInt                          
0     003d9adb  _abort                               
0     003d99c2  _atan                                
0     003d9973  _atan2                               
0     003d9093  _byteswap_L8cmp_PIL                  
0     003d9061  _byteswap_L8exp_PIL                  
0     003d9824  _c_int00                             
0     003d8953  _caVerifyHWImpl                      
0     003d8937  _caVerifyPortableWordSizes           
0     003d9507  _captureMode                         
0     003d954e  _captureModeEnd                      
0     003d951f  _captureModeInitLocalData            
0     003d9530  _captureModeStart                    
0     003d95da  _captureMode_Speed                   
0     003d97a1  _codeInstrDataFlush                  
0     003d974d  _codeInstrInit                       
0     003d9756  _codeInstrTerminate                  
0     003d9bf7  _codeInstrTgtAppSvcAllocBuffer       
0     003d9bf4  _codeInstrTgtAppSvcCreate            
0     003d9bf6  _codeInstrTgtAppSvcDestroy           
0     003d9c01  _codeInstrTgtAppSvcGetBufferDataPtr  
0     003d9c07  _codeInstrTgtAppSvcSend              
0     003d976c  _codeInstrWriteData                  
0     003d9c13  _coderAssumpTgtAppSvcAllocBuffer     
0     003d9c10  _coderAssumpTgtAppSvcCreate          
0     003d9c12  _coderAssumpTgtAppSvcDestroy         
0     003d9c1d  _coderAssumpTgtAppSvcGetBufferDataPtr
0     003d9c23  _coderAssumpTgtAppSvcSend            
0     003d98c2  _coderAssumptionsInit                
0     003d8d1f  _coderAssumptionsRun                 
0     003d98b0  _coderAssumptionsSendWriteBuffer     
0     003d98cb  _coderAssumptionsTerminate           
0     003d987a  _coderAssumptionsWriteData           
0     003d96cb  _commsEnqueueBuffer                  
0     003d96b0  _commsInit                           
0     003d96c0  _commsTerminate                      
0     003d9b52  _copy_in                             
0     003d9a41  _cos                                 
1     0000e0be  _denormalAsZero                      
1     0000e140  _dstSerial                           
0     003d9add  _exit                                
0     003d8fae  _init_SCI_PIL                        
0     003d9a0c  _init_board                          
0     003d9aa9  _main                                
0     003d9bd7  _memcpy                              
0     003d95b5  _profileEnd                          
0     003d95c7  _profileEnd_Speed_Control            
0     003d90c6  _profileReadTimer                    
0     003d95aa  _profileStart                        
0     003d95c0  _profileStart_Speed_Control          
1     0000e0bc  _realmin                             
0     003d989c  _resetCoderAssumptionsWriteBuffer    
0     003d95ea  _resetXILWriteBuffer                 
0     003d87a6  _rsvd_ISR                            
0     003d994a  _rtIOStreamBlockingRecv              
0     003d9921  _rtIOStreamBlockingSend              
0     003d8f56  _rtIOStreamClose                     
0     003d8f23  _rtIOStreamOpen                      
0     003d8f7c  _rtIOStreamRecv                      
0     003d8f5c  _rtIOStreamSend                      
0     003d96fd  _rtiostreamReadMessage               
0     003d9001  _sci_rcv                             
0     003d9042  _sci_xmit                            
0     003d9606  _silpilInit                          
0     003d96ad  _silpilTerminate                     
0     003d9a75  _sin                                 
0     003d9b98  _sqrt                                
1     0000e160  _srcSerial                           
0     003d9c99  _strlen                              
0     003d94fe  _taskTimeEnd                         
0     003d95d4  _taskTimeEnd_Speed                   
0     003d94f6  _taskTimeStart                       
0     003d95ce  _taskTimeStart_Speed                 
0     003d83bc  _xilCommandDispatchAndResponse       
0     003d9695  _xilDataFlush                        
0     003d8f1a  _xilDisable                          
0     003d8f11  _xilEnable                           
0     003d98f6  _xilExceptionHandler                 
0     003d840c  _xilGetCurrentProcessMsgContext      
0     003d8d4f  _xilGetDataTypeInfo                  
0     003d8db0  _xilGetHostToTargetData              
0     003d8e48  _xilGetTargetToHostData              
0     003d8e12  _xilGetTargetToHostPreData           
0     003d98ce  _xilInit                             
0     003d8f0f  _xilInitTargetData                   
0     003d8d7a  _xilInitialize                       
0     003d8e24  _xilOutput                           
0     003d8d8f  _xilPause                            
0     003d81f1  _xilProcessMsg                       
0     003d8d27  _xilProcessParams                    
0     003d94e8  _xilProfilingTimerFreeze             
0     003d94d8  _xilProfilingTimerFreezeInternal     
0     003d94ef  _xilProfilingTimerUnFreeze           
0     003d94e2  _xilProfilingTimerUnFreezeInternal   
0     003d9657  _xilReadData                         
0     003d83a8  _xilRun                              
0     003d8d9c  _xilSystemInitialize                 
0     003d8da6  _xilSystemReset                      
0     003d8efc  _xilTerminate                        
0     003d98ec  _xilTerminateComms                   
0     003d9c2f  _xilTgtAppSvcAllocBuffer             
0     003d9c2c  _xilTgtAppSvcCreate                  
0     003d9c2e  _xilTgtAppSvcDestroy                 
0     003d9c39  _xilTgtAppSvcGetBufferDataPtr        
0     003d9c3f  _xilTgtAppSvcSend                    
0     003d8e3f  _xilUpdate                           
0     003d8d30  _xilUploadCodeInstrData              
0     003d94ce  _xilUploadProfilingData              
0     003d9622  _xilWriteData                        
abs   ffffffff  binit                                
0     003d9dd8  cinit                                
0     003f7ff6  code_start                           
1     0000e000  edata                                
1     0000e000  end                                  
0     003d9ca4  etext                                
abs   ffffffff  pinit                                


GLOBAL SYMBOLS: SORTED BY Symbol Address 

page  address   name                                 
----  -------   ----                                 
0     00008000  _InitFlash                           
0     00008000  _RamfuncsRunStart                    
0     0000801b  _DSP28x_usDelay                      
0     003d8000  _RamfuncsLoadStart                   
0     003d801f  .text                                
0     003d801f  _RamfuncsLoadEnd                     
0     003d801f  ___text__                            
0     003d81f1  _xilProcessMsg                       
0     003d83a8  _xilRun                              
0     003d83bc  _xilCommandDispatchAndResponse       
0     003d840c  _xilGetCurrentProcessMsgContext      
0     003d8415  _INT13_ISR                           
0     003d841f  _INT14_ISR                           
0     003d8429  _DATALOG_ISR                         
0     003d8433  _RTOSINT_ISR                         
0     003d843d  _EMUINT_ISR                          
0     003d8447  _NMI_ISR                             
0     003d8451  _ILLEGAL_ISR                         
0     003d845b  _USER1_ISR                           
0     003d8465  _USER2_ISR                           
0     003d846f  _USER3_ISR                           
0     003d8479  _USER4_ISR                           
0     003d8483  _USER5_ISR                           
0     003d848d  _USER6_ISR                           
0     003d8497  _USER7_ISR                           
0     003d84a1  _USER8_ISR                           
0     003d84ab  _USER9_ISR                           
0     003d84b5  _USER10_ISR                          
0     003d84bf  _USER11_ISR                          
0     003d84c9  _USER12_ISR                          
0     003d84d3  _ADCINT1_ISR                         
0     003d84dd  _ADCINT2_ISR                         
0     003d84e7  _XINT1_ISR                           
0     003d84f1  _XINT2_ISR                           
0     003d84fb  _ADCINT9_ISR                         
0     003d8505  _TINT0_ISR                           
0     003d850f  _WAKEINT_ISR                         
0     003d8519  _EPWM1_TZINT_ISR                     
0     003d8523  _EPWM2_TZINT_ISR                     
0     003d852d  _EPWM3_TZINT_ISR                     
0     003d8537  _EPWM4_TZINT_ISR                     
0     003d8541  _EPWM5_TZINT_ISR                     
0     003d854b  _EPWM6_TZINT_ISR                     
0     003d8555  _EPWM7_TZINT_ISR                     
0     003d855f  _EPWM8_TZINT_ISR                     
0     003d8569  _EPWM1_INT_ISR                       
0     003d8573  _EPWM2_INT_ISR                       
0     003d857d  _EPWM3_INT_ISR                       
0     003d8587  _EPWM4_INT_ISR                       
0     003d8591  _EPWM5_INT_ISR                       
0     003d859b  _EPWM6_INT_ISR                       
0     003d85a5  _EPWM7_INT_ISR                       
0     003d85af  _EPWM8_INT_ISR                       
0     003d85b9  _ECAP1_INT_ISR                       
0     003d85c3  _ECAP2_INT_ISR                       
0     003d85cd  _ECAP3_INT_ISR                       
0     003d85d7  _HRCAP1_INT_ISR                      
0     003d85e1  _HRCAP2_INT_ISR                      
0     003d85eb  _EQEP1_INT_ISR                       
0     003d85f5  _EQEP2_INT_ISR                       
0     003d85ff  _HRCAP3_INT_ISR                      
0     003d8609  _HRCAP4_INT_ISR                      
0     003d8613  _USB0_INT_ISR                        
0     003d861d  _SPIRXINTA_ISR                       
0     003d8627  _SPITXINTA_ISR                       
0     003d8631  _SPIRXINTB_ISR                       
0     003d863b  _SPITXINTB_ISR                       
0     003d8645  _MRINTA_ISR                          
0     003d864f  _MXINTA_ISR                          
0     003d8659  _DINTCH1_ISR                         
0     003d8663  _DINTCH2_ISR                         
0     003d866d  _DINTCH3_ISR                         
0     003d8677  _DINTCH4_ISR                         
0     003d8681  _DINTCH5_ISR                         
0     003d868b  _DINTCH6_ISR                         
0     003d8695  _I2CINT1A_ISR                        
0     003d869f  _I2CINT2A_ISR                        
0     003d86a9  _SCIRXINTA_ISR                       
0     003d86b3  _SCITXINTA_ISR                       
0     003d86bd  _SCIRXINTB_ISR                       
0     003d86c7  _SCITXINTB_ISR                       
0     003d86d1  _ECAN0INTA_ISR                       
0     003d86db  _ECAN1INTA_ISR                       
0     003d86e5  _ADCINT3_ISR                         
0     003d86ef  _ADCINT4_ISR                         
0     003d86f9  _ADCINT5_ISR                         
0     003d8703  _ADCINT6_ISR                         
0     003d870d  _ADCINT7_ISR                         
0     003d8717  _ADCINT8_ISR                         
0     003d8721  _CLA1_INT1_ISR                       
0     003d872b  _CLA1_INT2_ISR                       
0     003d8735  _CLA1_INT3_ISR                       
0     003d873f  _CLA1_INT4_ISR                       
0     003d8749  _CLA1_INT5_ISR                       
0     003d8753  _CLA1_INT6_ISR                       
0     003d875d  _CLA1_INT7_ISR                       
0     003d8767  _CLA1_INT8_ISR                       
0     003d8771  _XINT3_ISR                           
0     003d877b  _LVF_ISR                             
0     003d8785  _LUF_ISR                             
0     003d878f  _EMPTY_ISR                           
0     003d879c  _PIE_RESERVED                        
0     003d87a6  _rsvd_ISR                            
0     003d8937  _caVerifyPortableWordSizes           
0     003d8953  _caVerifyHWImpl                      
0     003d8d1f  _coderAssumptionsRun                 
0     003d8d27  _xilProcessParams                    
0     003d8d30  _xilUploadCodeInstrData              
0     003d8d4f  _xilGetDataTypeInfo                  
0     003d8d7a  _xilInitialize                       
0     003d8d8f  _xilPause                            
0     003d8d9c  _xilSystemInitialize                 
0     003d8da6  _xilSystemReset                      
0     003d8db0  _xilGetHostToTargetData              
0     003d8e12  _xilGetTargetToHostPreData           
0     003d8e24  _xilOutput                           
0     003d8e3f  _xilUpdate                           
0     003d8e48  _xilGetTargetToHostData              
0     003d8efc  _xilTerminate                        
0     003d8f0f  _xilInitTargetData                   
0     003d8f11  _xilEnable                           
0     003d8f1a  _xilDisable                          
0     003d8f23  _rtIOStreamOpen                      
0     003d8f56  _rtIOStreamClose                     
0     003d8f5c  _rtIOStreamSend                      
0     003d8f7c  _rtIOStreamRecv                      
0     003d8fae  _init_SCI_PIL                        
0     003d9001  _sci_rcv                             
0     003d9042  _sci_xmit                            
0     003d9061  _byteswap_L8exp_PIL                  
0     003d9093  _byteswap_L8cmp_PIL                  
0     003d90c6  _profileReadTimer                    
0     003d90ca  _InitSysCtrl                         
0     003d90e4  _ServiceDog                          
0     003d90ee  _DisableDog                          
0     003d90f6  _InitPll                             
0     003d914a  _InitPll2                            
0     003d9178  _InitPeripheralClocks                
0     003d91ce  _CsmUnlock                           
0     003d91ff  _IntOsc1Sel                          
0     003d920f  _IntOsc2Sel                          
0     003d9223  _XtalOscSel                          
0     003d923e  _ExtOscSel                           
0     003d9254  _OneTimeGpioInit                     
0     003d925f  _InitGpio                            
0     003d928c  _GPIO_SetupPinMux                    
0     003d92ca  _GPIO_SetupPinOptions                
0     003d933f  _GPIO_ReadPin                        
0     003d9356  _GPIO_WritePin                       
0     003d9374  _GPIO_TogglePin                      
0     003d938b  _Set_GPIOPin                         
0     003d9399  _Speed_SpeedControl_Init             
0     003d93ac  _Speed_SpeedControl                  
0     003d9499  _Speed_step                          
0     003d94ae  _Speed_initialize                    
0     003d94cd  _Speed_terminate                     
0     003d94ce  _xilUploadProfilingData              
0     003d94d8  _xilProfilingTimerFreezeInternal     
0     003d94e2  _xilProfilingTimerUnFreezeInternal   
0     003d94e8  _xilProfilingTimerFreeze             
0     003d94ef  _xilProfilingTimerUnFreeze           
0     003d94f6  _taskTimeStart                       
0     003d94fe  _taskTimeEnd                         
0     003d9507  _captureMode                         
0     003d951f  _captureModeInitLocalData            
0     003d9530  _captureModeStart                    
0     003d954e  _captureModeEnd                      
0     003d95aa  _profileStart                        
0     003d95b5  _profileEnd                          
0     003d95c0  _profileStart_Speed_Control          
0     003d95c7  _profileEnd_Speed_Control            
0     003d95ce  _taskTimeStart_Speed                 
0     003d95d4  _taskTimeEnd_Speed                   
0     003d95da  _captureMode_Speed                   
0     003d95e1  _InitEvent                           
0     003d95e4  _PauseEvent                          
0     003d95e5  _TerminateEvent                      
0     003d95e9  _StepCompletedEvent                  
0     003d95ea  _resetXILWriteBuffer                 
0     003d9606  _silpilInit                          
0     003d9622  _xilWriteData                        
0     003d9657  _xilReadData                         
0     003d9695  _xilDataFlush                        
0     003d96ad  _silpilTerminate                     
0     003d96b0  _commsInit                           
0     003d96c0  _commsTerminate                      
0     003d96cb  _commsEnqueueBuffer                  
0     003d96fd  _rtiostreamReadMessage               
0     003d974d  _codeInstrInit                       
0     003d9756  _codeInstrTerminate                  
0     003d976c  _codeInstrWriteData                  
0     003d97a1  _codeInstrDataFlush                  
0     003d97ae  _InitCpuTimers                       
0     003d97e9  _ConfigCpuTimer                      
0     003d9824  _c_int00                             
0     003d987a  _coderAssumptionsWriteData           
0     003d989c  _resetCoderAssumptionsWriteBuffer    
0     003d98b0  _coderAssumptionsSendWriteBuffer     
0     003d98c2  _coderAssumptionsInit                
0     003d98cb  _coderAssumptionsTerminate           
0     003d98ce  _xilInit                             
0     003d98ec  _xilTerminateComms                   
0     003d98f6  _xilExceptionHandler                 
0     003d9921  _rtIOStreamBlockingSend              
0     003d994a  _rtIOStreamBlockingRecv              
0     003d9973  _atan2                               
0     003d99c2  _atan                                
0     003d9a0c  _init_board                          
0     003d9a41  _cos                                 
0     003d9a75  _sin                                 
0     003d9aa9  _main                                
0     003d9adb  C$$EXIT                              
0     003d9adb  _abort                               
0     003d9add  _exit                                
0     003d9b04  _InitPieCtrl                         
0     003d9b23  _EnableInterrupts                    
0     003d9b2c  _InitPieVectTable                    
0     003d9b52  _copy_in                             
0     003d9b76  I$$DIV                               
0     003d9b87  I$$MOD                               
0     003d9b98  _sqrt                                
0     003d9bb9  LL$$CMP                              
0     003d9bcb  ULL$$CMP                             
0     003d9bd7  _memcpy                              
0     003d9bf4  _codeInstrTgtAppSvcCreate            
0     003d9bf6  _codeInstrTgtAppSvcDestroy           
0     003d9bf7  _codeInstrTgtAppSvcAllocBuffer       
0     003d9c01  _codeInstrTgtAppSvcGetBufferDataPtr  
0     003d9c07  _codeInstrTgtAppSvcSend              
0     003d9c10  _coderAssumpTgtAppSvcCreate          
0     003d9c12  _coderAssumpTgtAppSvcDestroy         
0     003d9c13  _coderAssumpTgtAppSvcAllocBuffer     
0     003d9c1d  _coderAssumpTgtAppSvcGetBufferDataPtr
0     003d9c23  _coderAssumpTgtAppSvcSend            
0     003d9c2c  _xilTgtAppSvcCreate                  
0     003d9c2e  _xilTgtAppSvcDestroy                 
0     003d9c2f  _xilTgtAppSvcAllocBuffer             
0     003d9c39  _xilTgtAppSvcGetBufferDataPtr        
0     003d9c3f  _xilTgtAppSvcSend                    
0     003d9c48  FS$$DIV                              
0     003d9c61  _Speed_caRunTests                    
0     003d9c76  __args_main                          
0     003d9c88  __register_unlock                    
0     003d9c8c  __register_lock                      
0     003d9c90  __nop                                
0     003d9c99  _strlen                              
0     003d9ca1  __system_pre_init                    
0     003d9ca3  __system_post_cinit                  
0     003d9ca4  _PieVectTableInit                    
0     003d9ca4  ___etext__                           
0     003d9ca4  etext                                
0     003d9dc0  _CA_Speed_ExpHW                      
0     003d9dd6  _Speed_M                             
0     003d9dd8  ___cinit__                           
0     003d9dd8  cinit                                
0     003f7ff6  code_start                           
0     003fd590  _FPUsinTable                         
0     003fd690  _FPUcosTable                         
0     003fd990  _FPUsinTableEnd                      
0     003fda92  _FPUatan2HalfPITable                 
0     003fda92  _FPUcosTableEnd                      
0     003fda96  _FPUatan2Table                       
0     003fdc1c  _FPUatan2TableEnd                    
1     00000002  __stack                              
1     00000402  __STACK_END                          
1     00000880  _DevEmuRegs                          
1     00000985  _SysPwrCtrlRegs                      
1     00000a80  _FlashRegs                           
1     00000ae0  _CsmRegs                             
1     00000b00  _AdcResult                           
1     00000c00  _CpuTimer0Regs                       
1     00000c08  _CpuTimer1Regs                       
1     00000c10  _CpuTimer2Regs                       
1     00000ce0  _PieCtrlRegs                         
1     00000d00  _EmuKey                              
1     00000d00  _PieVectTable                        
1     00000d01  _EmuBMode                            
1     00000d02  _Flash_CallbackPtr                   
1     00000d04  _Flash_CPUScaleFactor                
1     00001000  _DmaRegs                             
1     00001400  _Cla1Regs                            
1     00004000  _Usb0Regs                            
1     00005000  _McbspaRegs                          
1     00006000  _ECanaRegs                           
1     00006040  _ECanaLAMRegs                        
1     00006080  _ECanaMOTSRegs                       
1     000060c0  _ECanaMOTORegs                       
1     00006100  _ECanaMboxes                         
1     00006400  _Comp1Regs                           
1     00006420  _Comp2Regs                           
1     00006440  _Comp3Regs                           
1     00006800  _EPwm1Regs                           
1     00006840  _EPwm2Regs                           
1     00006880  _EPwm3Regs                           
1     000068c0  _EPwm4Regs                           
1     00006900  _EPwm5Regs                           
1     00006940  _EPwm6Regs                           
1     00006980  _EPwm7Regs                           
1     000069c0  _EPwm8Regs                           
1     00006a00  _ECap1Regs                           
1     00006a20  _ECap2Regs                           
1     00006a40  _ECap3Regs                           
1     00006ac0  _HRCap1Regs                          
1     00006ae0  _HRCap2Regs                          
1     00006b00  _EQep1Regs                           
1     00006b40  _EQep2Regs                           
1     00006c80  _HRCap3Regs                          
1     00006ca0  _HRCap4Regs                          
1     00006f80  _GpioCtrlRegs                        
1     00006fc0  _GpioDataRegs                        
1     00006fe0  _GpioIntRegs                         
1     00007010  _SysCtrlRegs                         
1     00007040  _SpiaRegs                            
1     00007050  _SciaRegs                            
1     00007060  _NmiIntruptRegs                      
1     00007070  _XIntruptRegs                        
1     00007100  _AdcRegs                             
1     00007740  _SpibRegs                            
1     00007750  _ScibRegs                            
1     00007900  _I2caRegs                            
1     0000e000  .bss                                 
1     0000e000  .data                                
1     0000e000  ___bss__                             
1     0000e000  ___data__                            
1     0000e000  ___edata__                           
1     0000e000  ___end__                             
1     0000e000  edata                                
1     0000e000  end                                  
1     0000e043  _GPIO_oneTimeInit                    
1     0000e044  _CA_Speed_PWSRes                     
1     0000e046  _CA_Speed_ActHW                      
1     0000e05c  _CA_Speed_HWRes                      
1     0000e0a4  _CpuTimer0                           
1     0000e0ac  _CpuTimer1                           
1     0000e0b4  _CpuTimer2                           
1     0000e0bc  _realmin                             
1     0000e0be  _denormalAsZero                      
1     0000e0e4  _Speed_Y                             
1     0000e0e8  _Speed_U                             
1     0000e0ec  _Speed_DW                            
1     0000e100  _Speed_P                             
1     0000e140  _dstSerial                           
1     0000e160  _srcSerial                           
1     0000e1be  __lock                               
1     0000e1e0  ___TI_enable_exit_profile_output     
1     0000e1e2  ___TI_cleanup_ptr                    
1     0000e1e4  ___TI_dtors_ptr                      
1     0000e1ec  _aGlobalInt                          
1     0000e1f3  _MW_InterruptDisableLock             
1     0000e1f4  __unlock                             
1     0000e1f6  _MW_SCI_PTR                          
1     003d7e80  _PartIdRegs                          
1     003f7ff8  _CsmPwl                              
abs   00000400  __STACK_SIZE                         
abs   ffffffff  ___TI_pprof_out_hndl                 
abs   ffffffff  ___TI_prof_data_size                 
abs   ffffffff  ___TI_prof_data_start                
abs   ffffffff  ___binit__                           
abs   ffffffff  ___c_args__                          
abs   ffffffff  ___pinit__                           
abs   ffffffff  binit                                
abs   ffffffff  pinit                                

[362 symbols]
